Atmosphère Crash Report (v1.7):
Result:                          0x315B (2347-0024)

Process Info:
    Process Name:                hbloader
    Program ID:                  01006f8002326000
    Process ID:                  000000000000008c
    Process Flags:               00000077
    User Exception Address:      0000005a197b0000
Exception Info:
    Type:                        User Break
    Address:                     000000390e607544 (hbl + 0x7544)
    Break Reason:                0x0
    Break Address:               0000004447665f9c
    Break Size:                  0x4
Crashed Thread Info:
    Thread ID:                   00000000000002b0
    Stack Region:                0000004447566000-0000004447666000
    Registers:
        X[00]:                   0000000000000000
        X[01]:                   0000004447665f9c
        X[02]:                   0000000000000004
        X[03]:                   0000000000000000
        X[04]:                   0000000000000000
        X[05]:                   0000000000000000
        X[06]:                   0000000000000000
        X[07]:                   0000000000000000
        X[08]:                   0000000000000000
        X[09]:                   0000000000000000
        X[10]:                   0000000000000000
        X[11]:                   0000000000000000
        X[12]:                   0000000000000000
        X[13]:                   0000000000000000
        X[14]:                   0000000000000000
        X[15]:                   0000000000000000
        X[16]:                   0000000000000000
        X[17]:                   0000000000000000
        X[18]:                   0000000000000000
        X[19]:                   0000000000000000
        X[20]:                   0000000000000000
        X[21]:                   0000000000000000
        X[22]:                   0000000000000000
        X[23]:                   0000000000000000
        X[24]:                   0000000000000000
        X[25]:                   0000000000000000
        X[26]:                   0000000000000000
        X[27]:                   0000000000000000
        X[28]:                   0000000000000000
        FP:                      0000004447665f80
        LR:                      000000390e60539c (hbl + 0x539c)
        SP:                      0000004447665f80
        PC:                      000000390e607540 (hbl + 0x7540)
    Stack Trace:
        ReturnAddress[00]:       000000390e6009d0 (hbl + 0x9d0)
        ReturnAddress[01]:       0000001c8b2f19fc
        ReturnAddress[02]:       0000001c8b2e0be8
        ReturnAddress[03]:       0000001c8b381378
        ReturnAddress[04]:       0000001c8b364578
        ReturnAddress[05]:       0000001c8a3f0e00
        ReturnAddress[06]:       0000001c8a3ed380
        ReturnAddress[07]:       0000001c8b2e0e24
        ReturnAddress[08]:       0000001c8b2bfef8
        ReturnAddress[09]:       0000000000000000
    Stack Dump:                               00 01 02 03 04 05 06 07 08 09 0a 0b 0c 0d 0e 0f
                                 004447665f00 07 00 00 00 06 00 00 00 07 00 00 00 00 00 00 00
                                 004447665f10 10 5f 66 47 44 00 00 00 10 5f 66 47 44 00 00 00
                                 004447665f20 20 5f 66 47 44 00 00 00 20 5f 66 47 44 00 00 00
                                 004447665f30 01 00 00 00 01 00 00 00 07 00 00 00 00 00 00 00
                                 004447665f40 00 00 00 00 00 00 00 00 18 5d 66 47 44 00 00 00
                                 004447665f50 10 00 00 00 00 00 00 00 00 00 00 00 00 00 00 00
                                 004447665f60 d0 5d 66 47 44 00 00 00 28 5d 66 47 44 00 00 00
                                 004447665f70 00 00 00 00 00 00 00 00 00 00 00 00 00 00 00 00
                                 004447665f80 a0 5f 66 47 44 00 00 00 d0 09 60 0e 39 00 00 00
                                 004447665f90 00 00 00 00 00 00 00 00 10 00 00 00 5b 31 00 00
                                 004447665fa0 a0 2e da 22 44 00 00 00 fc 19 2f 8b 1c 00 00 00
                                 004447665fb0 08 00 00 00 00 00 00 00 90 34 45 8b 1c 00 00 00
                                 004447665fc0 e0 5d 66 47 44 00 00 00 b0 86 e8 8b 1c 00 00 00
                                 004447665fd0 00 00 00 00 00 00 00 00 00 00 00 00 00 00 00 00
                                 004447665fe0 cf b0 65 50 a0 01 00 00 00 00 00 00 00 00 00 00
                                 004447665ff0 40 00 00 00 00 00 00 00 01 00 00 00 00 00 00 00
    TLS Address:                 0000005a197b0200
    TLS Dump:                                 00 01 02 03 04 05 06 07 08 09 0a 0b 0c 0d 0e 0f
                                 005a197b0200 04 00 00 00 08 00 00 00 00 00 00 00 00 00 00 00
                                 005a197b0210 02 00 00 00 7a 00 00 00 00 00 00 00 00 00 00 00
                                 005a197b0220 00 00 00 00 00 00 00 00 00 00 00 00 00 00 00 00
                                 005a197b0230 53 46 43 49 00 00 00 00 03 00 00 00 00 00 00 00
                                 005a197b0240 00 00 00 00 0b 00 00 00 00 00 00 00 00 00 00 00
                                 005a197b0250 10 00 72 01 00 00 66 47 00 00 00 00 00 00 00 00
                                 005a197b0260 00 00 00 00 18 00 00 00 88 57 66 47 44 00 18 00
                                 005a197b0270 22 00 00 00 00 00 00 00 8c 00 00 00 00 00 00 00
                                 005a197b0280 00 00 00 00 00 00 00 00 00 00 00 00 00 00 00 00
                                 005a197b0290 00 00 00 00 00 00 00 00 00 00 00 00 00 00 00 00
                                 005a197b02a0 00 00 00 00 00 00 00 00 00 00 00 00 00 00 00 00
                                 005a197b02b0 00 00 00 00 00 00 00 00 00 00 00 00 00 00 00 00
                                 005a197b02c0 00 00 00 00 00 00 00 00 00 00 00 00 00 00 00 00
                                 005a197b02d0 00 00 00 00 00 00 00 00 00 00 00 00 00 00 00 00
                                 005a197b02e0 00 00 00 00 00 00 00 00 00 00 00 00 00 00 00 00
                                 005a197b02f0 00 00 00 00 00 00 00 00 00 00 00 00 00 00 00 00
Module Info:
    Number of Modules:           01
    Module 00:
        Address:                 000000390e600000-000000390e60b000
        Name:                    hbl
        Module Id:               A48F084FBD81E89BDB7BB8504C5F146E7466933E000000000000000000000000
Thread Report:
Number of Threads:               05
Threads[00]:
    Thread ID:                   00000000000002b0
    Stack Region:                0000004447566000-0000004447666000
    Registers:
        X[00]:                   0000000000000000
        X[01]:                   0000004447665f9c
        X[02]:                   0000000000000004
        X[03]:                   0000000000000000
        X[04]:                   0000000000000000
        X[05]:                   0000000000000000
        X[06]:                   0000000000000000
        X[07]:                   0000000000000000
        X[08]:                   0000000000000000
        X[09]:                   0000000000000000
        X[10]:                   0000000000000000
        X[11]:                   0000000000000000
        X[12]:                   0000000000000000
        X[13]:                   0000000000000000
        X[14]:                   0000000000000000
        X[15]:                   0000000000000000
        X[16]:                   0000000000000000
        X[17]:                   0000000000000000
        X[18]:                   0000000000000000
        X[19]:                   0000000000000000
        X[20]:                   0000000000000000
        X[21]:                   0000000000000000
        X[22]:                   0000000000000000
        X[23]:                   0000000000000000
        X[24]:                   0000000000000000
        X[25]:                   0000000000000000
        X[26]:                   0000000000000000
        X[27]:                   0000000000000000
        X[28]:                   0000000000000000
        FP:                      0000004447665f80
        LR:                      000000390e60539c (hbl + 0x539c)
        SP:                      0000004447665f80
        PC:                      000000390e607540 (hbl + 0x7540)
    Stack Trace:
        ReturnAddress[00]:       000000390e6009d0 (hbl + 0x9d0)
        ReturnAddress[01]:       0000001c8b2f19fc
        ReturnAddress[02]:       0000001c8b2e0be8
        ReturnAddress[03]:       0000001c8b381378
        ReturnAddress[04]:       0000001c8b364578
        ReturnAddress[05]:       0000001c8a3f0e00
        ReturnAddress[06]:       0000001c8a3ed380
        ReturnAddress[07]:       0000001c8b2e0e24
        ReturnAddress[08]:       0000001c8b2bfef8
        ReturnAddress[09]:       0000000000000000
    Stack Dump:                               00 01 02 03 04 05 06 07 08 09 0a 0b 0c 0d 0e 0f
                                 004447665f00 07 00 00 00 06 00 00 00 07 00 00 00 00 00 00 00
                                 004447665f10 10 5f 66 47 44 00 00 00 10 5f 66 47 44 00 00 00
                                 004447665f20 20 5f 66 47 44 00 00 00 20 5f 66 47 44 00 00 00
                                 004447665f30 01 00 00 00 01 00 00 00 07 00 00 00 00 00 00 00
                                 004447665f40 00 00 00 00 00 00 00 00 18 5d 66 47 44 00 00 00
                                 004447665f50 10 00 00 00 00 00 00 00 00 00 00 00 00 00 00 00
                                 004447665f60 d0 5d 66 47 44 00 00 00 28 5d 66 47 44 00 00 00
                                 004447665f70 00 00 00 00 00 00 00 00 00 00 00 00 00 00 00 00
                                 004447665f80 a0 5f 66 47 44 00 00 00 d0 09 60 0e 39 00 00 00
                                 004447665f90 00 00 00 00 00 00 00 00 10 00 00 00 5b 31 00 00
                                 004447665fa0 a0 2e da 22 44 00 00 00 fc 19 2f 8b 1c 00 00 00
                                 004447665fb0 08 00 00 00 00 00 00 00 90 34 45 8b 1c 00 00 00
                                 004447665fc0 e0 5d 66 47 44 00 00 00 b0 86 e8 8b 1c 00 00 00
                                 004447665fd0 00 00 00 00 00 00 00 00 00 00 00 00 00 00 00 00
                                 004447665fe0 cf b0 65 50 a0 01 00 00 00 00 00 00 00 00 00 00
                                 004447665ff0 40 00 00 00 00 00 00 00 01 00 00 00 00 00 00 00
    TLS Address:                 0000005a197b0200
    TLS Dump:                                 00 01 02 03 04 05 06 07 08 09 0a 0b 0c 0d 0e 0f
                                 005a197b0200 04 00 00 00 08 00 00 00 00 00 00 00 00 00 00 00
                                 005a197b0210 02 00 00 00 7a 00 00 00 00 00 00 00 00 00 00 00
                                 005a197b0220 00 00 00 00 00 00 00 00 00 00 00 00 00 00 00 00
                                 005a197b0230 53 46 43 49 00 00 00 00 03 00 00 00 00 00 00 00
                                 005a197b0240 00 00 00 00 0b 00 00 00 00 00 00 00 00 00 00 00
                                 005a197b0250 10 00 72 01 00 00 66 47 00 00 00 00 00 00 00 00
                                 005a197b0260 00 00 00 00 18 00 00 00 88 57 66 47 44 00 18 00
                                 005a197b0270 22 00 00 00 00 00 00 00 8c 00 00 00 00 00 00 00
                                 005a197b0280 00 00 00 00 00 00 00 00 00 00 00 00 00 00 00 00
                                 005a197b0290 00 00 00 00 00 00 00 00 00 00 00 00 00 00 00 00
                                 005a197b02a0 00 00 00 00 00 00 00 00 00 00 00 00 00 00 00 00
                                 005a197b02b0 00 00 00 00 00 00 00 00 00 00 00 00 00 00 00 00
                                 005a197b02c0 00 00 00 00 00 00 00 00 00 00 00 00 00 00 00 00
                                 005a197b02d0 00 00 00 00 00 00 00 00 00 00 00 00 00 00 00 00
                                 005a197b02e0 00 00 00 00 00 00 00 00 00 00 00 00 00 00 00 00
                                 005a197b02f0 00 00 00 00 00 00 00 00 00 00 00 00 00 00 00 00
Threads[01]:
    Thread ID:                   0000000000000317
    Stack Region:                0000004421df9000-0000004421efa000
    Registers:
        X[00]:                   0000001c8be88684
        X[01]:                   0000001c8be88678
        X[02]:                   00000000008781d6
        X[03]:                   ffffffffffffffff
        X[04]:                   0000001c8be88684
        X[05]:                   0000000000000000
        X[06]:                   0000000000000000
        X[07]:                   0000000000000000
        X[08]:                   0000000000000000
        X[09]:                   0000000000000000
        X[10]:                   0000000000000000
        X[11]:                   0000000000000000
        X[12]:                   0000000000000000
        X[13]:                   0000000000000000
        X[14]:                   0000000000000000
        X[15]:                   0000000000000000
        X[16]:                   0000000000000000
        X[17]:                   0000000000000000
        X[18]:                   0000000000000000
        X[19]:                   0000000000000000
        X[20]:                   0000000000000000
        X[21]:                   0000000000000000
        X[22]:                   0000000000000000
        X[23]:                   0000000000000000
        X[24]:                   0000000000000000
        X[25]:                   0000000000000000
        X[26]:                   0000000000000000
        X[27]:                   0000000000000000
        X[28]:                   0000000000000000
        FP:                      0000004421ef8ec0
        LR:                      0000001c8b2e9a6c
        SP:                      0000004421ef8ec0
        PC:                      0000001c8b2e99a0
    Stack Trace:
        ReturnAddress[00]:       0000001c8b2e0cfc
        ReturnAddress[01]:       0000001c8a3f920c
        ReturnAddress[02]:       0000001c8a3ed3c8
        ReturnAddress[03]:       0000001c8b2e0e24
        ReturnAddress[04]:       0000001c8b2bfef8
        ReturnAddress[05]:       0000000000000000
    Stack Dump:                               00 01 02 03 04 05 06 07 08 09 0a 0b 0c 0d 0e 0f
                                 004421ef8ec0 f0 8e ef 21 44 00 00 00 fc 0c 2e 8b 1c 00 00 00
                                 004421ef8ed0 90 86 e8 8b 1c 00 00 00 c0 95 ef 21 44 00 00 00
                                 004421ef8ee0 10 8f ef 21 44 00 00 00 80 d3 3e 8a 1c 00 00 00
                                 004421ef8ef0 00 8f ef 21 44 00 00 00 0c 92 3f 8a 1c 00 00 00
                                 004421ef8f00 10 8f ef 21 44 00 00 00 c8 d3 3e 8a 1c 00 00 00
                                 004421ef8f10 70 8f ef 21 44 00 00 00 24 0e 2e 8b 1c 00 00 00
                                 004421ef8f20 40 4b 66 47 44 00 00 00 80 05 7b 19 5a 00 00 00
                                 004421ef8f30 a4 d2 3e 8a 1c 00 00 00 60 4c 66 47 44 00 00 00
                                 004421ef8f40 00 00 00 00 00 00 00 00 00 00 00 00 00 00 00 00
                                 004421ef8f50 00 00 00 00 00 00 00 00 00 00 00 00 00 00 00 00
                                 004421ef8f60 00 00 00 00 00 00 00 00 1c 0e 2e 8b 1c 00 00 00
                                 004421ef8f70 a0 8f ef 21 44 00 00 00 f8 fe 2b 8b 1c 00 00 00
                                 004421ef8f80 d0 8f ef 21 44 00 00 00 80 05 7b 19 5a 00 00 00
                                 004421ef8f90 00 80 32 8d 1c 00 00 00 00 00 00 00 00 00 00 00
                                 004421ef8fa0 00 00 00 00 00 00 00 00 00 00 00 00 00 00 00 00
                                 004421ef8fb0 00 00 00 00 00 00 00 00 00 00 00 00 00 00 00 00
    TLS Address:                 0000005a197b0400
    TLS Dump:                                 00 01 02 03 04 05 06 07 08 09 0a 0b 0c 0d 0e 0f
                                 005a197b0400 00 00 00 00 0a 08 e0 03 00 00 00 00 00 00 00 00
                                 005a197b0410 53 46 43 4f 00 00 00 00 00 00 00 00 91 ab e3 ac
                                 005a197b0420 01 00 00 00 00 00 00 00 00 00 00 00 00 00 00 00
                                 005a197b0430 05 00 00 00 00 00 00 00 00 00 00 00 00 00 00 00
                                 005a197b0440 00 00 00 00 00 00 00 00 00 00 00 00 00 00 00 00
                                 005a197b0450 00 04 00 00 00 00 00 00 00 00 00 00 00 00 00 00
                                 005a197b0460 00 00 00 00 00 00 00 00 00 00 00 00 00 00 00 00
                                 005a197b0470 00 00 00 00 00 00 00 00 00 00 00 00 00 00 00 00
                                 005a197b0480 00 00 00 00 00 00 00 00 00 00 00 00 00 00 00 00
                                 005a197b0490 00 00 00 00 00 00 00 00 00 00 00 00 00 00 00 00
                                 005a197b04a0 00 00 00 00 00 00 00 00 00 00 00 00 00 00 00 00
                                 005a197b04b0 00 00 00 00 00 00 00 00 00 00 00 00 00 00 00 00
                                 005a197b04c0 00 00 00 00 00 00 00 00 00 00 00 00 00 00 00 00
                                 005a197b04d0 00 00 00 00 00 00 00 00 00 00 00 00 00 00 00 00
                                 005a197b04e0 00 00 00 00 00 00 00 00 00 00 00 00 00 00 00 00
                                 005a197b04f0 00 00 00 00 00 00 00 00 00 00 00 00 00 00 00 00
Threads[02]:
    Thread ID:                   0000000000000318
    Stack Region:                0000004447566000-0000004447666000
    Registers:
        X[00]:                   00000000000581fa
        X[01]:                   0000001c8bd11000
        X[02]:                   0000007a3bfb3000
        X[03]:                   0000000001624000
        X[04]:                   0000000000000000
        X[05]:                   0000000000000000
        X[06]:                   0000000000000000
        X[07]:                   0000000000000000
        X[08]:                   0000000000000000
        X[09]:                   0000000000000000
        X[10]:                   0000000000000000
        X[11]:                   0000000000000000
        X[12]:                   0000000000000000
        X[13]:                   0000000000000000
        X[14]:                   0000000000000000
        X[15]:                   0000000000000000
        X[16]:                   0000000000000000
        X[17]:                   0000000000000000
        X[18]:                   0000000000000000
        X[19]:                   0000000000000000
        X[20]:                   0000000000000000
        X[21]:                   0000000000000000
        X[22]:                   0000000000000000
        X[23]:                   0000000000000000
        X[24]:                   0000000000000000
        X[25]:                   0000000000000000
        X[26]:                   0000000000000000
        X[27]:                   0000000000000000
        X[28]:                   0000000000000000
        FP:                      0000004447665fa0
        LR:                      000000390e600a34 (hbl + 0xa34)
        SP:                      0000004447665fa0
        PC:                      000000390e6075b4 (hbl + 0x75b4)
    Stack Trace:
        ReturnAddress[00]:       0000001c8b2f19fc
        ReturnAddress[01]:       0000001c8b2e0be8
        ReturnAddress[02]:       0000001c8b381378
        ReturnAddress[03]:       0000001c8b364578
        ReturnAddress[04]:       0000001c8a3f0e00
        ReturnAddress[05]:       0000001c8a3ed380
        ReturnAddress[06]:       0000001c8b2e0e24
        ReturnAddress[07]:       0000001c8b2bfef8
        ReturnAddress[08]:       0000000000000000
    Stack Dump:                               00 01 02 03 04 05 06 07 08 09 0a 0b 0c 0d 0e 0f
                                 004447665f00 07 00 00 00 06 00 00 00 07 00 00 00 00 00 00 00
                                 004447665f10 10 5f 66 47 44 00 00 00 10 5f 66 47 44 00 00 00
                                 004447665f20 20 5f 66 47 44 00 00 00 20 5f 66 47 44 00 00 00
                                 004447665f30 01 00 00 00 01 00 00 00 07 00 00 00 00 00 00 00
                                 004447665f40 00 00 00 00 00 00 00 00 18 5d 66 47 44 00 00 00
                                 004447665f50 10 00 00 00 00 00 00 00 00 00 00 00 00 00 00 00
                                 004447665f60 d0 5d 66 47 44 00 00 00 28 5d 66 47 44 00 00 00
                                 004447665f70 00 00 00 00 00 00 00 00 00 00 00 00 00 00 00 00
                                 004447665f80 a0 5f 66 47 44 00 00 00 d0 09 60 0e 39 00 00 00
                                 004447665f90 00 00 00 00 00 00 00 00 10 00 00 00 5b 31 00 00
                                 004447665fa0 a0 2e da 22 44 00 00 00 fc 19 2f 8b 1c 00 00 00
                                 004447665fb0 08 00 00 00 00 00 00 00 90 34 45 8b 1c 00 00 00
                                 004447665fc0 e0 5d 66 47 44 00 00 00 b0 86 e8 8b 1c 00 00 00
                                 004447665fd0 00 00 00 00 00 00 00 00 00 00 00 00 00 00 00 00
                                 004447665fe0 cf b0 65 50 a0 01 00 00 00 00 00 00 00 00 00 00
                                 004447665ff0 40 00 00 00 00 00 00 00 01 00 00 00 00 00 00 00
    TLS Address:                 0000005a197b0600
    TLS Dump:                                 00 01 02 03 04 05 06 07 08 09 0a 0b 0c 0d 0e 0f
                                 005a197b0600 02 00 00 00 00 00 00 00 00 00 00 00 00 00 00 00
                                 005a197b0610 00 00 00 00 00 00 00 00 00 00 00 00 00 00 00 00
                                 005a197b0620 53 46 43 4f 00 00 00 00 00 00 00 00 1a fe 79 d1
                                 005a197b0630 00 00 00 00 00 00 00 00 03 00 00 00 00 00 00 00
                                 005a197b0640 00 00 00 00 0b 00 00 00 00 00 00 00 00 00 00 00
                                 005a197b0650 53 46 43 49 00 00 00 00 00 00 00 00 00 00 00 00
                                 005a197b0660 01 00 00 00 00 00 00 00 00 00 00 00 00 00 00 00
                                 005a197b0670 00 00 00 00 00 00 00 00 00 00 00 00 00 00 00 00
                                 005a197b0680 00 00 00 00 00 00 00 00 00 00 00 00 00 00 00 00
                                 005a197b0690 00 00 00 00 00 00 00 00 00 00 00 00 00 00 00 00
                                 005a197b06a0 00 00 00 00 00 00 00 00 00 00 00 00 00 00 00 00
                                 005a197b06b0 00 00 00 00 00 00 00 00 00 00 00 00 00 00 00 00
                                 005a197b06c0 00 00 00 00 00 00 00 00 00 00 00 00 00 00 00 00
                                 005a197b06d0 00 00 00 00 00 00 00 00 00 00 00 00 00 00 00 00
                                 005a197b06e0 00 00 00 00 00 00 00 00 00 00 00 00 00 00 00 00
                                 005a197b06f0 00 00 00 00 00 00 00 00 00 00 00 00 00 00 00 00
Threads[03]:
    Thread ID:                   0000000000000319
    Stack Region:                000000444d8c4000-000000444d9c5000
    Registers:
        X[00]:                   0000001c8be88684
        X[01]:                   0000001c8be88678
        X[02]:                   00000000008881d2
        X[03]:                   ffffffffffffffff
        X[04]:                   0000001c8be88684
        X[05]:                   0000001c8b392586
        X[06]:                   0000000000000002
        X[07]:                   0000000000000001
        X[08]:                   0000000000000000
        X[09]:                   0000000000000000
        X[10]:                   0000000000000000
        X[11]:                   0000000000000000
        X[12]:                   0000000000000000
        X[13]:                   0000000000000000
        X[14]:                   0000000000000000
        X[15]:                   0000000000000000
        X[16]:                   0000000000000000
        X[17]:                   0000000000000000
        X[18]:                   0000000000000000
        X[19]:                   0000000000000000
        X[20]:                   0000000000000000
        X[21]:                   0000000000000000
        X[22]:                   0000000000000000
        X[23]:                   0000000000000000
        X[24]:                   0000000000000000
        X[25]:                   0000000000000000
        X[26]:                   0000000000000000
        X[27]:                   0000000000000000
        X[28]:                   0000000000000000
        FP:                      000000444d9c3ec0
        LR:                      0000001c8b2e9a6c
        SP:                      000000444d9c3ec0
        PC:                      0000001c8b2e99a0
    Stack Trace:
        ReturnAddress[00]:       0000001c8b2e0cfc
        ReturnAddress[01]:       0000001c8a3f920c
        ReturnAddress[02]:       0000001c8a3ed3c8
        ReturnAddress[03]:       0000001c8b2e0e24
        ReturnAddress[04]:       0000001c8b2bfef8
        ReturnAddress[05]:       0000000000000000
    Stack Dump:                               00 01 02 03 04 05 06 07 08 09 0a 0b 0c 0d 0e 0f
                                 00444d9c3ec0 f0 3e 9c 4d 44 00 00 00 fc 0c 2e 8b 1c 00 00 00
                                 00444d9c3ed0 90 86 e8 8b 1c 00 00 00 00 00 00 00 00 00 00 00
                                 00444d9c3ee0 00 3f 9c 4d 44 00 00 00 4c 90 3f 8a 1c 00 00 00
                                 00444d9c3ef0 00 3f 9c 4d 44 00 00 00 0c 92 3f 8a 1c 00 00 00
                                 00444d9c3f00 10 3f 9c 4d 44 00 00 00 c8 d3 3e 8a 1c 00 00 00
                                 00444d9c3f10 70 3f 9c 4d 44 00 00 00 24 0e 2e 8b 1c 00 00 00
                                 00444d9c3f20 40 4b 66 47 44 00 00 00 80 09 7b 19 5a 00 00 00
                                 00444d9c3f30 a4 d2 3e 8a 1c 00 00 00 60 4c 66 47 44 00 00 00
                                 00444d9c3f40 00 00 00 00 00 00 00 00 00 00 00 00 00 00 00 00
                                 00444d9c3f50 00 00 00 00 00 00 00 00 00 00 00 00 00 00 00 00
                                 00444d9c3f60 00 00 00 00 00 00 00 00 1c 0e 2e 8b 1c 00 00 00
                                 00444d9c3f70 a0 3f 9c 4d 44 00 00 00 f8 fe 2b 8b 1c 00 00 00
                                 00444d9c3f80 d0 3f 9c 4d 44 00 00 00 80 09 7b 19 5a 00 00 00
                                 00444d9c3f90 00 80 32 8d 1c 00 00 00 00 00 00 00 00 00 00 00
                                 00444d9c3fa0 00 00 00 00 00 00 00 00 00 00 00 00 00 00 00 00
                                 00444d9c3fb0 00 00 00 00 00 00 00 00 00 00 00 00 00 00 00 00
    TLS Address:                 0000005a197b0800
    TLS Dump:                                 00 01 02 03 04 05 06 07 08 09 0a 0b 0c 0d 0e 0f
                                 005a197b0800 00 00 00 00 00 00 00 00 00 00 00 00 00 00 00 00
                                 005a197b0810 00 00 00 00 00 00 00 00 00 00 00 00 00 00 00 00
                                 005a197b0820 00 00 00 00 00 00 00 00 00 00 00 00 00 00 00 00
                                 005a197b0830 00 00 00 00 00 00 00 00 00 00 00 00 00 00 00 00
                                 005a197b0840 00 00 00 00 00 00 00 00 00 00 00 00 00 00 00 00
                                 005a197b0850 00 00 00 00 00 00 00 00 00 00 00 00 00 00 00 00
                                 005a197b0860 00 00 00 00 00 00 00 00 00 00 00 00 00 00 00 00
                                 005a197b0870 00 00 00 00 00 00 00 00 00 00 00 00 00 00 00 00
                                 005a197b0880 00 00 00 00 00 00 00 00 00 00 00 00 00 00 00 00
                                 005a197b0890 00 00 00 00 00 00 00 00 00 00 00 00 00 00 00 00
                                 005a197b08a0 00 00 00 00 00 00 00 00 00 00 00 00 00 00 00 00
                                 005a197b08b0 00 00 00 00 00 00 00 00 00 00 00 00 00 00 00 00
                                 005a197b08c0 00 00 00 00 00 00 00 00 00 00 00 00 00 00 00 00
                                 005a197b08d0 00 00 00 00 00 00 00 00 00 00 00 00 00 00 00 00
                                 005a197b08e0 00 00 00 00 00 00 00 00 00 00 00 00 00 00 00 00
                                 005a197b08f0 00 00 00 00 00 00 00 00 00 00 00 00 00 00 00 00
Threads[04]:
    Thread ID:                   000000000000031a
    Stack Region:                000000444424c000-000000444434d000
    Registers:
        X[00]:                   0000001c8be88684
        X[01]:                   0000001c8be88678
        X[02]:                   00000000008901d0
        X[03]:                   ffffffffffffffff
        X[04]:                   0000001c8be88684
        X[05]:                   0000001c8b392586
        X[06]:                   0000000000000002
        X[07]:                   0000000000000001
        X[08]:                   0000000000000000
        X[09]:                   0000000000000000
        X[10]:                   0000000000000000
        X[11]:                   0000000000000000
        X[12]:                   0000000000000000
        X[13]:                   0000000000000000
        X[14]:                   0000000000000000
        X[15]:                   0000000000000000
        X[16]:                   0000000000000000
        X[17]:                   0000000000000000
        X[18]:                   0000000000000000
        X[19]:                   0000000000000000
        X[20]:                   0000000000000000
        X[21]:                   0000000000000000
        X[22]:                   0000000000000000
        X[23]:                   0000000000000000
        X[24]:                   0000000000000000
        X[25]:                   0000000000000000
        X[26]:                   0000000000000000
        X[27]:                   0000000000000000
        X[28]:                   0000000000000000
        FP:                      000000444434bec0
        LR:                      0000001c8b2e9a6c
        SP:                      000000444434bec0
        PC:                      0000001c8b2e99a0
    Stack Trace:
        ReturnAddress[00]:       0000001c8b2e0cfc
        ReturnAddress[01]:       0000001c8a3f920c
        ReturnAddress[02]:       0000001c8a3ed3c8
        ReturnAddress[03]:       0000001c8b2e0e24
        ReturnAddress[04]:       0000001c8b2bfef8
        ReturnAddress[05]:       0000000000000000
    Stack Dump:                               00 01 02 03 04 05 06 07 08 09 0a 0b 0c 0d 0e 0f
                                 00444434bec0 f0 be 34 44 44 00 00 00 fc 0c 2e 8b 1c 00 00 00
                                 00444434bed0 90 86 e8 8b 1c 00 00 00 00 00 00 00 00 00 00 00
                                 00444434bee0 00 bf 34 44 44 00 00 00 4c 90 3f 8a 1c 00 00 00
                                 00444434bef0 00 bf 34 44 44 00 00 00 0c 92 3f 8a 1c 00 00 00
                                 00444434bf00 10 bf 34 44 44 00 00 00 c8 d3 3e 8a 1c 00 00 00
                                 00444434bf10 70 bf 34 44 44 00 00 00 24 0e 2e 8b 1c 00 00 00
                                 00444434bf20 40 4b 66 47 44 00 00 00 80 0b 7b 19 5a 00 00 00
                                 00444434bf30 a4 d2 3e 8a 1c 00 00 00 60 4c 66 47 44 00 00 00
                                 00444434bf40 00 00 00 00 00 00 00 00 00 00 00 00 00 00 00 00
                                 00444434bf50 00 00 00 00 00 00 00 00 00 00 00 00 00 00 00 00
                                 00444434bf60 00 00 00 00 00 00 00 00 1c 0e 2e 8b 1c 00 00 00
                                 00444434bf70 a0 bf 34 44 44 00 00 00 f8 fe 2b 8b 1c 00 00 00
                                 00444434bf80 d0 bf 34 44 44 00 00 00 80 0b 7b 19 5a 00 00 00
                                 00444434bf90 00 80 32 8d 1c 00 00 00 00 00 00 00 00 00 00 00
                                 00444434bfa0 00 00 00 00 00 00 00 00 00 00 00 00 00 00 00 00
                                 00444434bfb0 00 00 00 00 00 00 00 00 00 00 00 00 00 00 00 00
    TLS Address:                 0000005a197b0a00
    TLS Dump:                                 00 01 02 03 04 05 06 07 08 09 0a 0b 0c 0d 0e 0f
                                 005a197b0a00 00 00 00 00 00 00 00 00 00 00 00 00 00 00 00 00
                                 005a197b0a10 00 00 00 00 00 00 00 00 00 00 00 00 00 00 00 00
                                 005a197b0a20 00 00 00 00 00 00 00 00 00 00 00 00 00 00 00 00
                                 005a197b0a30 00 00 00 00 00 00 00 00 00 00 00 00 00 00 00 00
                                 005a197b0a40 00 00 00 00 00 00 00 00 00 00 00 00 00 00 00 00
                                 005a197b0a50 00 00 00 00 00 00 00 00 00 00 00 00 00 00 00 00
                                 005a197b0a60 00 00 00 00 00 00 00 00 00 00 00 00 00 00 00 00
                                 005a197b0a70 00 00 00 00 00 00 00 00 00 00 00 00 00 00 00 00
                                 005a197b0a80 00 00 00 00 00 00 00 00 00 00 00 00 00 00 00 00
                                 005a197b0a90 00 00 00 00 00 00 00 00 00 00 00 00 00 00 00 00
                                 005a197b0aa0 00 00 00 00 00 00 00 00 00 00 00 00 00 00 00 00
                                 005a197b0ab0 00 00 00 00 00 00 00 00 00 00 00 00 00 00 00 00
                                 005a197b0ac0 00 00 00 00 00 00 00 00 00 00 00 00 00 00 00 00
                                 005a197b0ad0 00 00 00 00 00 00 00 00 00 00 00 00 00 00 00 00
                                 005a197b0ae0 00 00 00 00 00 00 00 00 00 00 00 00 00 00 00 00
                                 005a197b0af0 00 00 00 00 00 00 00 00 00 00 00 00 00 00 00 00
