Atmosphère Crash Report (v1.7):
Result:                          0x10801 (2001-0132)

Process Info:
    Process Name:                swkbd
    Program ID:                  0100000000001008
    Process ID:                  000000000000009e
    Process Flags:               000010b7
    User Exception Address:      0000005a536b5000
Exception Info:
    Type:                        User Break
    Address:                     0000002db8196c30 ([1024bfc0] + 0x196c30)
    Break Reason:                0x0
    Break Address:               00000046ce00ae9c
    Break Size:                  0x4
Crashed Thread Info:
    Thread ID:                   000000000000049b
    Thread Name:                 MainThread
    Stack Region:                00000046cdfcb000-00000046ce00b000
    Registers:
        X[00]:                   0000000000000000
        X[01]:                   00000046ce00ae9c
        X[02]:                   0000000000000004
        X[03]:                   0000000000000000
        X[04]:                   00000046ce00ae9c
        X[05]:                   0000000000000000
        X[06]:                   0000002db8413e70
        X[07]:                   00000046ce00ae50
        X[08]:                   0000000000000000
        X[09]:                   0000000000000000
        X[10]:                   0000000000000000
        X[11]:                   0000000000000000
        X[12]:                   0000000000000000
        X[13]:                   0000000000000000
        X[14]:                   0000000000000000
        X[15]:                   0000000000000000
        X[16]:                   0000000000000000
        X[17]:                   0000000000000000
        X[18]:                   0000000000000000
        X[19]:                   0000000000000000
        X[20]:                   0000000000000000
        X[21]:                   0000000000000000
        X[22]:                   0000000000000000
        X[23]:                   0000000000000000
        X[24]:                   0000000000000000
        X[25]:                   0000000000000000
        X[26]:                   0000000000000000
        X[27]:                   0000000000000000
        X[28]:                   0000000000000000
        FP:                      00000046ce00acd0
        LR:                      0000002db81569d8 ([1024bfc0] + 0x1569d8)
        SP:                      00000046ce00acd0
        PC:                      0000002db8196c2c ([1024bfc0] + 0x196c2c)
    Stack Trace:
        ReturnAddress[00]:       0000002db8155f48 ([1024bfc0] + 0x155f48)
        ReturnAddress[01]:       0000002db8155fa8 ([1024bfc0] + 0x155fa8)
        ReturnAddress[02]:       0000002db8156088 ([1024bfc0] + 0x156088)
        ReturnAddress[03]:       0000002db820c3bc ([1024bfc0] + 0x20c3bc)
        ReturnAddress[04]:       0000002db824997c ([1024bfc0] + 0x24997c)
        ReturnAddress[05]:       0000002db824976c ([1024bfc0] + 0x24976c)
        ReturnAddress[06]:       0000002db82496d0 ([1024bfc0] + 0x2496d0)
        ReturnAddress[07]:       0000002db8249000 ([1024bfc0] + 0x249000)
        ReturnAddress[08]:       0000002db8248d50 ([1024bfc0] + 0x248d50)
        ReturnAddress[09]:       0000002db809b39c ([1024bfc0] + 0x9b39c)
        ReturnAddress[10]:       0000002db809b344 ([1024bfc0] + 0x9b344)
        ReturnAddress[11]:       0000002db800008c ([1024bfc0] + 0x8c)
    Stack Dump:                               00 01 02 03 04 05 06 07 08 09 0a 0b 0c 0d 0e 0f
                                 0046ce00acd0 60 ad 00 ce 46 00 00 00 48 5f 15 b8 2d 00 00 00
                                 0046ce00ace0 03 00 00 00 00 00 00 00 50 ad 00 ce 46 00 00 00
                                 0046ce00acf0 70 3e 41 b8 2d 00 00 00 70 3e 41 b8 2d 00 00 00
                                 0046ce00ad00 70 3e 41 b8 2d 00 00 00 00 00 00 00 00 00 00 00
                                 0046ce00ad10 01 08 01 00 00 00 00 00 00 00 00 00 00 00 00 00
                                 0046ce00ad20 03 00 00 00 00 00 00 00 50 ad 00 ce 46 00 00 00
                                 0046ce00ad30 70 3e 41 b8 2d 00 00 00 70 3e 41 b8 2d 00 00 00
                                 0046ce00ad40 70 3e 41 b8 2d 00 00 00 00 00 00 00 00 00 00 00
                                 0046ce00ad50 70 3e 41 b8 2d 00 00 00 50 ae 00 ce 46 00 00 00
                                 0046ce00ad60 70 ae 00 ce 46 00 00 00 a8 5f 15 b8 2d 00 00 00
                                 0046ce00ad70 00 00 00 00 00 00 00 00 00 00 00 00 00 00 00 00
                                 0046ce00ad80 00 00 00 00 00 00 00 00 00 00 00 00 00 00 00 00
                                 0046ce00ad90 18 fa 53 b8 2d 00 00 00 d0 69 60 b8 2d 00 00 00
                                 0046ce00ada0 70 6a 60 b8 2d 00 00 00 b2 7c 41 b8 2d 00 00 00
                                 0046ce00adb0 00 6b 60 b8 2d 00 00 00 38 af 00 ce 46 00 00 00
                                 0046ce00adc0 00 00 00 00 00 00 00 00 00 00 00 00 00 00 00 00
    TLS Address:                 0000005a536b5200
    TLS Dump:                                 00 01 02 03 04 05 06 07 08 09 0a 0b 0c 0d 0e 0f
                                 005a536b5200 00 00 00 00 00 00 00 00 00 00 00 00 00 00 00 00
                                 005a536b5210 00 00 00 00 00 00 00 00 00 00 00 00 00 00 00 00
                                 005a536b5220 00 00 00 00 00 00 00 00 00 00 00 00 00 00 00 00
                                 005a536b5230 00 00 00 00 00 00 00 00 00 00 00 00 00 00 00 00
                                 005a536b5240 00 00 00 00 00 00 00 00 00 00 00 00 00 00 00 00
                                 005a536b5250 00 00 00 00 00 00 00 00 00 00 00 00 00 00 00 00
                                 005a536b5260 00 00 00 00 00 00 00 00 00 00 00 00 00 00 00 00
                                 005a536b5270 00 00 00 00 00 00 00 00 00 00 00 00 00 00 00 00
                                 005a536b5280 00 00 00 00 00 00 00 00 00 00 00 00 00 00 00 00
                                 005a536b5290 00 00 00 00 00 00 00 00 00 00 00 00 00 00 00 00
                                 005a536b52a0 00 00 00 00 00 00 00 00 00 00 00 00 00 00 00 00
                                 005a536b52b0 00 00 00 00 00 00 00 00 00 00 00 00 00 00 00 00
                                 005a536b52c0 00 00 00 00 00 00 00 00 00 00 00 00 00 00 00 00
                                 005a536b52d0 00 00 00 00 00 00 00 00 00 00 00 00 00 00 00 00
                                 005a536b52e0 00 00 00 00 00 00 00 00 00 00 00 00 00 00 00 00
                                 005a536b52f0 00 00 00 00 00 00 00 00 00 00 00 00 00 00 00 00
Module Info:
    Number of Modules:           01
    Module 00:
        Address:                 0000002db8000000-0000002db840f000
        Name:                    [1024bfc0]
        Module Id:               1024BFC052D0DA9C0E56A6AB68BB9993F2169EF2000000000000000000000000
Thread Report:
Number of Threads:               01
Threads[00]:
    Thread ID:                   000000000000049b
    Thread Name:                 MainThread
    Stack Region:                00000046cdfcb000-00000046ce00b000
    Registers:
        X[00]:                   0000000000000000
        X[01]:                   00000046ce00ae9c
        X[02]:                   0000000000000004
        X[03]:                   0000000000000000
        X[04]:                   00000046ce00ae9c
        X[05]:                   0000000000000000
        X[06]:                   0000002db8413e70
        X[07]:                   00000046ce00ae50
        X[08]:                   0000000000000000
        X[09]:                   0000000000000000
        X[10]:                   0000000000000000
        X[11]:                   0000000000000000
        X[12]:                   0000000000000000
        X[13]:                   0000000000000000
        X[14]:                   0000000000000000
        X[15]:                   0000000000000000
        X[16]:                   0000000000000000
        X[17]:                   0000000000000000
        X[18]:                   0000000000000000
        X[19]:                   0000000000000000
        X[20]:                   0000000000000000
        X[21]:                   0000000000000000
        X[22]:                   0000000000000000
        X[23]:                   0000000000000000
        X[24]:                   0000000000000000
        X[25]:                   0000000000000000
        X[26]:                   0000000000000000
        X[27]:                   0000000000000000
        X[28]:                   0000000000000000
        FP:                      00000046ce00acd0
        LR:                      0000002db81569d8 ([1024bfc0] + 0x1569d8)
        SP:                      00000046ce00acd0
        PC:                      0000002db8196c2c ([1024bfc0] + 0x196c2c)
    Stack Trace:
        ReturnAddress[00]:       0000002db8155f48 ([1024bfc0] + 0x155f48)
        ReturnAddress[01]:       0000002db8155fa8 ([1024bfc0] + 0x155fa8)
        ReturnAddress[02]:       0000002db8156088 ([1024bfc0] + 0x156088)
        ReturnAddress[03]:       0000002db820c3bc ([1024bfc0] + 0x20c3bc)
        ReturnAddress[04]:       0000002db824997c ([1024bfc0] + 0x24997c)
        ReturnAddress[05]:       0000002db824976c ([1024bfc0] + 0x24976c)
        ReturnAddress[06]:       0000002db82496d0 ([1024bfc0] + 0x2496d0)
        ReturnAddress[07]:       0000002db8249000 ([1024bfc0] + 0x249000)
        ReturnAddress[08]:       0000002db8248d50 ([1024bfc0] + 0x248d50)
        ReturnAddress[09]:       0000002db809b39c ([1024bfc0] + 0x9b39c)
        ReturnAddress[10]:       0000002db809b344 ([1024bfc0] + 0x9b344)
        ReturnAddress[11]:       0000002db800008c ([1024bfc0] + 0x8c)
    Stack Dump:                               00 01 02 03 04 05 06 07 08 09 0a 0b 0c 0d 0e 0f
                                 0046ce00acd0 60 ad 00 ce 46 00 00 00 48 5f 15 b8 2d 00 00 00
                                 0046ce00ace0 03 00 00 00 00 00 00 00 50 ad 00 ce 46 00 00 00
                                 0046ce00acf0 70 3e 41 b8 2d 00 00 00 70 3e 41 b8 2d 00 00 00
                                 0046ce00ad00 70 3e 41 b8 2d 00 00 00 00 00 00 00 00 00 00 00
                                 0046ce00ad10 01 08 01 00 00 00 00 00 00 00 00 00 00 00 00 00
                                 0046ce00ad20 03 00 00 00 00 00 00 00 50 ad 00 ce 46 00 00 00
                                 0046ce00ad30 70 3e 41 b8 2d 00 00 00 70 3e 41 b8 2d 00 00 00
                                 0046ce00ad40 70 3e 41 b8 2d 00 00 00 00 00 00 00 00 00 00 00
                                 0046ce00ad50 70 3e 41 b8 2d 00 00 00 50 ae 00 ce 46 00 00 00
                                 0046ce00ad60 70 ae 00 ce 46 00 00 00 a8 5f 15 b8 2d 00 00 00
                                 0046ce00ad70 00 00 00 00 00 00 00 00 00 00 00 00 00 00 00 00
                                 0046ce00ad80 00 00 00 00 00 00 00 00 00 00 00 00 00 00 00 00
                                 0046ce00ad90 18 fa 53 b8 2d 00 00 00 d0 69 60 b8 2d 00 00 00
                                 0046ce00ada0 70 6a 60 b8 2d 00 00 00 b2 7c 41 b8 2d 00 00 00
                                 0046ce00adb0 00 6b 60 b8 2d 00 00 00 38 af 00 ce 46 00 00 00
                                 0046ce00adc0 00 00 00 00 00 00 00 00 00 00 00 00 00 00 00 00
    TLS Address:                 0000005a536b5200
    TLS Dump:                                 00 01 02 03 04 05 06 07 08 09 0a 0b 0c 0d 0e 0f
                                 005a536b5200 00 00 00 00 00 00 00 00 00 00 00 00 00 00 00 00
                                 005a536b5210 00 00 00 00 00 00 00 00 00 00 00 00 00 00 00 00
                                 005a536b5220 00 00 00 00 00 00 00 00 00 00 00 00 00 00 00 00
                                 005a536b5230 00 00 00 00 00 00 00 00 00 00 00 00 00 00 00 00
                                 005a536b5240 00 00 00 00 00 00 00 00 00 00 00 00 00 00 00 00
                                 005a536b5250 00 00 00 00 00 00 00 00 00 00 00 00 00 00 00 00
                                 005a536b5260 00 00 00 00 00 00 00 00 00 00 00 00 00 00 00 00
                                 005a536b5270 00 00 00 00 00 00 00 00 00 00 00 00 00 00 00 00
                                 005a536b5280 00 00 00 00 00 00 00 00 00 00 00 00 00 00 00 00
                                 005a536b5290 00 00 00 00 00 00 00 00 00 00 00 00 00 00 00 00
                                 005a536b52a0 00 00 00 00 00 00 00 00 00 00 00 00 00 00 00 00
                                 005a536b52b0 00 00 00 00 00 00 00 00 00 00 00 00 00 00 00 00
                                 005a536b52c0 00 00 00 00 00 00 00 00 00 00 00 00 00 00 00 00
                                 005a536b52d0 00 00 00 00 00 00 00 00 00 00 00 00 00 00 00 00
                                 005a536b52e0 00 00 00 00 00 00 00 00 00 00 00 00 00 00 00 00
                                 005a536b52f0 00 00 00 00 00 00 00 00 00 00 00 00 00 00 00 00
