Atmosphère Crash Report (v1.7):
Result:                          0x315B (2347-0024)

Process Info:
    Process Name:                hbloader
    Program ID:                  01006f8002326000
    Process ID:                  0000000000000095
    Process Flags:               00000077
    User Exception Address:      0000001ac4e51000
Exception Info:
    Type:                        User Break
    Address:                     00000004dec07544 (hbl + 0x7544)
    Break Reason:                0x0
    Break Address:               0000006dbce59f9c
    Break Size:                  0x4
Crashed Thread Info:
    Thread ID:                   00000000000003be
    Stack Region:                0000006dbcd5a000-0000006dbce5a000
    Registers:
        X[00]:                   0000000000000000
        X[01]:                   0000006dbce59f9c
        X[02]:                   0000000000000004
        X[03]:                   0000000000000000
        X[04]:                   0000000000000000
        X[05]:                   0000000000000000
        X[06]:                   0000000000000000
        X[07]:                   0000000000000000
        X[08]:                   0000000000000000
        X[09]:                   0000000000000000
        X[10]:                   0000000000000000
        X[11]:                   0000000000000000
        X[12]:                   0000000000000000
        X[13]:                   0000000000000000
        X[14]:                   0000000000000000
        X[15]:                   0000000000000000
        X[16]:                   0000000000000000
        X[17]:                   0000000000000000
        X[18]:                   0000000000000000
        X[19]:                   0000000000000000
        X[20]:                   0000000000000000
        X[21]:                   0000000000000000
        X[22]:                   0000000000000000
        X[23]:                   0000000000000000
        X[24]:                   0000000000000000
        X[25]:                   0000000000000000
        X[26]:                   0000000000000000
        X[27]:                   0000000000000000
        X[28]:                   0000000000000000
        FP:                      0000006dbce59f80
        LR:                      00000004dec0539c (hbl + 0x539c)
        SP:                      0000006dbce59f80
        PC:                      00000004dec07540 (hbl + 0x7540)
    Stack Trace:
        ReturnAddress[00]:       00000004dec009d0 (hbl + 0x9d0)
        ReturnAddress[01]:       0000007f7a32c9ec
        ReturnAddress[02]:       0000007f7a31bbd8
        ReturnAddress[03]:       0000007f7a3bc338
        ReturnAddress[04]:       0000007f7a39f538
        ReturnAddress[05]:       0000007f7942be00
        ReturnAddress[06]:       0000007f79428380
        ReturnAddress[07]:       0000007f7a31be14
        ReturnAddress[08]:       0000007f7a2faef8
        ReturnAddress[09]:       0000000000000000
    Stack Dump:                               00 01 02 03 04 05 06 07 08 09 0a 0b 0c 0d 0e 0f
                                 006dbce59f00 07 00 00 00 06 00 00 00 07 00 00 00 00 00 00 00
                                 006dbce59f10 10 9f e5 bc 6d 00 00 00 10 9f e5 bc 6d 00 00 00
                                 006dbce59f20 20 9f e5 bc 6d 00 00 00 20 9f e5 bc 6d 00 00 00
                                 006dbce59f30 01 00 00 00 01 00 00 00 07 00 00 00 00 00 00 00
                                 006dbce59f40 00 00 00 00 00 00 00 00 18 9d e5 bc 6d 00 00 00
                                 006dbce59f50 10 00 00 00 00 00 00 00 00 00 00 00 00 00 00 00
                                 006dbce59f60 d0 9d e5 bc 6d 00 00 00 28 9d e5 bc 6d 00 00 00
                                 006dbce59f70 00 00 00 00 00 00 00 00 00 00 00 00 00 00 00 00
                                 006dbce59f80 a0 9f e5 bc 6d 00 00 00 d0 09 c0 de 04 00 00 00
                                 006dbce59f90 00 00 00 00 00 00 00 00 10 00 00 00 5b 31 00 00
                                 006dbce59fa0 a0 8e b3 9a 6d 00 00 00 ec c9 32 7a 7f 00 00 00
                                 006dbce59fb0 08 00 00 00 00 00 00 00 80 e3 48 7a 7f 00 00 00
                                 006dbce59fc0 e0 9d e5 bc 6d 00 00 00 b0 36 ec 7a 7f 00 00 00
                                 006dbce59fd0 00 00 00 00 00 00 00 00 00 00 00 00 00 00 00 00
                                 006dbce59fe0 eb be 4e 50 a0 01 00 00 00 00 00 00 00 00 00 00
                                 006dbce59ff0 40 00 00 00 00 00 00 00 01 00 00 00 00 00 00 00
    TLS Address:                 0000001ac4e51200
    TLS Dump:                                 00 01 02 03 04 05 06 07 08 09 0a 0b 0c 0d 0e 0f
                                 001ac4e51200 04 00 00 00 08 00 00 00 00 00 00 00 00 00 00 00
                                 001ac4e51210 02 00 00 00 a5 00 00 00 00 00 00 00 00 00 00 00
                                 001ac4e51220 00 00 00 00 00 00 00 00 00 00 00 00 00 00 00 00
                                 001ac4e51230 53 46 43 49 00 00 00 00 03 00 00 00 00 00 00 00
                                 001ac4e51240 00 00 00 00 0b 00 00 00 00 00 00 00 00 00 00 00
                                 001ac4e51250 10 00 57 01 00 00 e5 bc 00 00 00 00 00 00 00 00
                                 001ac4e51260 00 00 00 00 18 00 00 00 88 97 e5 bc 6d 00 18 00
                                 001ac4e51270 55 00 00 00 00 00 00 00 95 00 00 00 00 00 00 00
                                 001ac4e51280 00 00 00 00 00 00 00 00 00 00 00 00 00 00 00 00
                                 001ac4e51290 00 00 00 00 00 00 00 00 00 00 00 00 00 00 00 00
                                 001ac4e512a0 00 00 00 00 00 00 00 00 00 00 00 00 00 00 00 00
                                 001ac4e512b0 00 00 00 00 00 00 00 00 00 00 00 00 00 00 00 00
                                 001ac4e512c0 00 00 00 00 00 00 00 00 00 00 00 00 00 00 00 00
                                 001ac4e512d0 00 00 00 00 00 00 00 00 00 00 00 00 00 00 00 00
                                 001ac4e512e0 00 00 00 00 00 00 00 00 00 00 00 00 00 00 00 00
                                 001ac4e512f0 00 00 00 00 00 00 00 00 00 00 00 00 00 00 00 00
Module Info:
    Number of Modules:           01
    Module 00:
        Address:                 00000004dec00000-00000004dec0b000
        Name:                    hbl
        Module Id:               A48F084FBD81E89BDB7BB8504C5F146E7466933E000000000000000000000000
Thread Report:
Number of Threads:               05
Threads[00]:
    Thread ID:                   00000000000003be
    Stack Region:                0000006dbcd5a000-0000006dbce5a000
    Registers:
        X[00]:                   0000000000000000
        X[01]:                   0000006dbce59f9c
        X[02]:                   0000000000000004
        X[03]:                   0000000000000000
        X[04]:                   0000000000000000
        X[05]:                   0000000000000000
        X[06]:                   0000000000000000
        X[07]:                   0000000000000000
        X[08]:                   0000000000000000
        X[09]:                   0000000000000000
        X[10]:                   0000000000000000
        X[11]:                   0000000000000000
        X[12]:                   0000000000000000
        X[13]:                   0000000000000000
        X[14]:                   0000000000000000
        X[15]:                   0000000000000000
        X[16]:                   0000000000000000
        X[17]:                   0000000000000000
        X[18]:                   0000000000000000
        X[19]:                   0000000000000000
        X[20]:                   0000000000000000
        X[21]:                   0000000000000000
        X[22]:                   0000000000000000
        X[23]:                   0000000000000000
        X[24]:                   0000000000000000
        X[25]:                   0000000000000000
        X[26]:                   0000000000000000
        X[27]:                   0000000000000000
        X[28]:                   0000000000000000
        FP:                      0000006dbce59f80
        LR:                      00000004dec0539c (hbl + 0x539c)
        SP:                      0000006dbce59f80
        PC:                      00000004dec07540 (hbl + 0x7540)
    Stack Trace:
        ReturnAddress[00]:       00000004dec009d0 (hbl + 0x9d0)
        ReturnAddress[01]:       0000007f7a32c9ec
        ReturnAddress[02]:       0000007f7a31bbd8
        ReturnAddress[03]:       0000007f7a3bc338
        ReturnAddress[04]:       0000007f7a39f538
        ReturnAddress[05]:       0000007f7942be00
        ReturnAddress[06]:       0000007f79428380
        ReturnAddress[07]:       0000007f7a31be14
        ReturnAddress[08]:       0000007f7a2faef8
        ReturnAddress[09]:       0000000000000000
    Stack Dump:                               00 01 02 03 04 05 06 07 08 09 0a 0b 0c 0d 0e 0f
                                 006dbce59f00 07 00 00 00 06 00 00 00 07 00 00 00 00 00 00 00
                                 006dbce59f10 10 9f e5 bc 6d 00 00 00 10 9f e5 bc 6d 00 00 00
                                 006dbce59f20 20 9f e5 bc 6d 00 00 00 20 9f e5 bc 6d 00 00 00
                                 006dbce59f30 01 00 00 00 01 00 00 00 07 00 00 00 00 00 00 00
                                 006dbce59f40 00 00 00 00 00 00 00 00 18 9d e5 bc 6d 00 00 00
                                 006dbce59f50 10 00 00 00 00 00 00 00 00 00 00 00 00 00 00 00
                                 006dbce59f60 d0 9d e5 bc 6d 00 00 00 28 9d e5 bc 6d 00 00 00
                                 006dbce59f70 00 00 00 00 00 00 00 00 00 00 00 00 00 00 00 00
                                 006dbce59f80 a0 9f e5 bc 6d 00 00 00 d0 09 c0 de 04 00 00 00
                                 006dbce59f90 00 00 00 00 00 00 00 00 10 00 00 00 5b 31 00 00
                                 006dbce59fa0 a0 8e b3 9a 6d 00 00 00 ec c9 32 7a 7f 00 00 00
                                 006dbce59fb0 08 00 00 00 00 00 00 00 80 e3 48 7a 7f 00 00 00
                                 006dbce59fc0 e0 9d e5 bc 6d 00 00 00 b0 36 ec 7a 7f 00 00 00
                                 006dbce59fd0 00 00 00 00 00 00 00 00 00 00 00 00 00 00 00 00
                                 006dbce59fe0 eb be 4e 50 a0 01 00 00 00 00 00 00 00 00 00 00
                                 006dbce59ff0 40 00 00 00 00 00 00 00 01 00 00 00 00 00 00 00
    TLS Address:                 0000001ac4e51200
    TLS Dump:                                 00 01 02 03 04 05 06 07 08 09 0a 0b 0c 0d 0e 0f
                                 001ac4e51200 04 00 00 00 08 00 00 00 00 00 00 00 00 00 00 00
                                 001ac4e51210 02 00 00 00 a5 00 00 00 00 00 00 00 00 00 00 00
                                 001ac4e51220 00 00 00 00 00 00 00 00 00 00 00 00 00 00 00 00
                                 001ac4e51230 53 46 43 49 00 00 00 00 03 00 00 00 00 00 00 00
                                 001ac4e51240 00 00 00 00 0b 00 00 00 00 00 00 00 00 00 00 00
                                 001ac4e51250 10 00 57 01 00 00 e5 bc 00 00 00 00 00 00 00 00
                                 001ac4e51260 00 00 00 00 18 00 00 00 88 97 e5 bc 6d 00 18 00
                                 001ac4e51270 55 00 00 00 00 00 00 00 95 00 00 00 00 00 00 00
                                 001ac4e51280 00 00 00 00 00 00 00 00 00 00 00 00 00 00 00 00
                                 001ac4e51290 00 00 00 00 00 00 00 00 00 00 00 00 00 00 00 00
                                 001ac4e512a0 00 00 00 00 00 00 00 00 00 00 00 00 00 00 00 00
                                 001ac4e512b0 00 00 00 00 00 00 00 00 00 00 00 00 00 00 00 00
                                 001ac4e512c0 00 00 00 00 00 00 00 00 00 00 00 00 00 00 00 00
                                 001ac4e512d0 00 00 00 00 00 00 00 00 00 00 00 00 00 00 00 00
                                 001ac4e512e0 00 00 00 00 00 00 00 00 00 00 00 00 00 00 00 00
                                 001ac4e512f0 00 00 00 00 00 00 00 00 00 00 00 00 00 00 00 00
Threads[01]:
    Thread ID:                   0000000000000426
    Stack Region:                0000006db9b37000-0000006db9c38000
    Registers:
        X[00]:                   0000007f7aec3684
        X[01]:                   0000007f7aec3678
        X[02]:                   0000000000d401d4
        X[03]:                   ffffffffffffffff
        X[04]:                   0000007f7aec3684
        X[05]:                   0000000000000000
        X[06]:                   0000000000000000
        X[07]:                   0000000000000000
        X[08]:                   0000000000000000
        X[09]:                   0000000000000000
        X[10]:                   0000000000000000
        X[11]:                   0000000000000000
        X[12]:                   0000000000000000
        X[13]:                   0000000000000000
        X[14]:                   0000000000000000
        X[15]:                   0000000000000000
        X[16]:                   0000000000000000
        X[17]:                   0000000000000000
        X[18]:                   0000000000000000
        X[19]:                   0000000000000000
        X[20]:                   0000000000000000
        X[21]:                   0000000000000000
        X[22]:                   0000000000000000
        X[23]:                   0000000000000000
        X[24]:                   0000000000000000
        X[25]:                   0000000000000000
        X[26]:                   0000000000000000
        X[27]:                   0000000000000000
        X[28]:                   0000000000000000
        FP:                      0000006db9c36ec0
        LR:                      0000007f7a324a5c
        SP:                      0000006db9c36ec0
        PC:                      0000007f7a324990
    Stack Trace:
        ReturnAddress[00]:       0000007f7a31bcec
        ReturnAddress[01]:       0000007f7943420c
        ReturnAddress[02]:       0000007f794283c8
        ReturnAddress[03]:       0000007f7a31be14
        ReturnAddress[04]:       0000007f7a2faef8
        ReturnAddress[05]:       0000000000000000
    Stack Dump:                               00 01 02 03 04 05 06 07 08 09 0a 0b 0c 0d 0e 0f
                                 006db9c36ec0 f0 6e c3 b9 6d 00 00 00 ec bc 31 7a 7f 00 00 00
                                 006db9c36ed0 90 36 ec 7a 7f 00 00 00 c0 75 c3 b9 6d 00 00 00
                                 006db9c36ee0 10 6f c3 b9 6d 00 00 00 80 83 42 79 7f 00 00 00
                                 006db9c36ef0 00 6f c3 b9 6d 00 00 00 0c 42 43 79 7f 00 00 00
                                 006db9c36f00 10 6f c3 b9 6d 00 00 00 c8 83 42 79 7f 00 00 00
                                 006db9c36f10 70 6f c3 b9 6d 00 00 00 14 be 31 7a 7f 00 00 00
                                 006db9c36f20 40 8b e5 bc 6d 00 00 00 80 15 e5 c4 1a 00 00 00
                                 006db9c36f30 a4 82 42 79 7f 00 00 00 60 8c e5 bc 6d 00 00 00
                                 006db9c36f40 00 00 00 00 00 00 00 00 00 00 00 00 00 00 00 00
                                 006db9c36f50 00 00 00 00 00 00 00 00 00 00 00 00 00 00 00 00
                                 006db9c36f60 00 00 00 00 00 00 00 00 0c be 31 7a 7f 00 00 00
                                 006db9c36f70 a0 6f c3 b9 6d 00 00 00 f8 ae 2f 7a 7f 00 00 00
                                 006db9c36f80 d0 6f c3 b9 6d 00 00 00 80 15 e5 c4 1a 00 00 00
                                 006db9c36f90 00 30 36 7c 7f 00 00 00 00 00 00 00 00 00 00 00
                                 006db9c36fa0 00 00 00 00 00 00 00 00 00 00 00 00 00 00 00 00
                                 006db9c36fb0 00 00 00 00 00 00 00 00 00 00 00 00 00 00 00 00
    TLS Address:                 0000001ac4e51400
    TLS Dump:                                 00 01 02 03 04 05 06 07 08 09 0a 0b 0c 0d 0e 0f
                                 001ac4e51400 00 00 00 00 0a 08 e0 03 00 00 00 00 00 00 00 00
                                 001ac4e51410 53 46 43 4f 00 00 00 00 00 00 00 00 91 ab e3 ac
                                 001ac4e51420 01 00 00 00 00 00 00 00 00 00 00 00 00 00 00 00
                                 001ac4e51430 05 00 00 00 00 00 00 00 00 00 00 00 00 00 00 00
                                 001ac4e51440 00 00 00 00 00 00 00 00 00 00 00 00 00 00 00 00
                                 001ac4e51450 00 04 00 00 00 00 00 00 00 00 00 00 00 00 00 00
                                 001ac4e51460 00 00 00 00 00 00 00 00 00 00 00 00 00 00 00 00
                                 001ac4e51470 00 00 00 00 00 00 00 00 00 00 00 00 00 00 00 00
                                 001ac4e51480 00 00 00 00 00 00 00 00 00 00 00 00 00 00 00 00
                                 001ac4e51490 00 00 00 00 00 00 00 00 00 00 00 00 00 00 00 00
                                 001ac4e514a0 00 00 00 00 00 00 00 00 00 00 00 00 00 00 00 00
                                 001ac4e514b0 00 00 00 00 00 00 00 00 00 00 00 00 00 00 00 00
                                 001ac4e514c0 00 00 00 00 00 00 00 00 00 00 00 00 00 00 00 00
                                 001ac4e514d0 00 00 00 00 00 00 00 00 00 00 00 00 00 00 00 00
                                 001ac4e514e0 00 00 00 00 00 00 00 00 00 00 00 00 00 00 00 00
                                 001ac4e514f0 00 00 00 00 00 00 00 00 00 00 00 00 00 00 00 00
Threads[02]:
    Thread ID:                   0000000000000427
    Stack Region:                0000006dbcd5a000-0000006dbce5a000
    Registers:
        X[00]:                   00000000000581fa
        X[01]:                   0000007f7ad4c000
        X[02]:                   0000005fe35b3000
        X[03]:                   0000000001624000
        X[04]:                   0000000000000000
        X[05]:                   0000000000000000
        X[06]:                   0000000000000000
        X[07]:                   0000000000000000
        X[08]:                   0000000000000000
        X[09]:                   0000000000000000
        X[10]:                   0000000000000000
        X[11]:                   0000000000000000
        X[12]:                   0000000000000000
        X[13]:                   0000000000000000
        X[14]:                   0000000000000000
        X[15]:                   0000000000000000
        X[16]:                   0000000000000000
        X[17]:                   0000000000000000
        X[18]:                   0000000000000000
        X[19]:                   0000000000000000
        X[20]:                   0000000000000000
        X[21]:                   0000000000000000
        X[22]:                   0000000000000000
        X[23]:                   0000000000000000
        X[24]:                   0000000000000000
        X[25]:                   0000000000000000
        X[26]:                   0000000000000000
        X[27]:                   0000000000000000
        X[28]:                   0000000000000000
        FP:                      0000006dbce59fa0
        LR:                      00000004dec00a34 (hbl + 0xa34)
        SP:                      0000006dbce59fa0
        PC:                      00000004dec075b4 (hbl + 0x75b4)
    Stack Trace:
        ReturnAddress[00]:       0000007f7a32c9ec
        ReturnAddress[01]:       0000007f7a31bbd8
        ReturnAddress[02]:       0000007f7a3bc338
        ReturnAddress[03]:       0000007f7a39f538
        ReturnAddress[04]:       0000007f7942be00
        ReturnAddress[05]:       0000007f79428380
        ReturnAddress[06]:       0000007f7a31be14
        ReturnAddress[07]:       0000007f7a2faef8
        ReturnAddress[08]:       0000000000000000
    Stack Dump:                               00 01 02 03 04 05 06 07 08 09 0a 0b 0c 0d 0e 0f
                                 006dbce59f00 07 00 00 00 06 00 00 00 07 00 00 00 00 00 00 00
                                 006dbce59f10 10 9f e5 bc 6d 00 00 00 10 9f e5 bc 6d 00 00 00
                                 006dbce59f20 20 9f e5 bc 6d 00 00 00 20 9f e5 bc 6d 00 00 00
                                 006dbce59f30 01 00 00 00 01 00 00 00 07 00 00 00 00 00 00 00
                                 006dbce59f40 00 00 00 00 00 00 00 00 18 9d e5 bc 6d 00 00 00
                                 006dbce59f50 10 00 00 00 00 00 00 00 00 00 00 00 00 00 00 00
                                 006dbce59f60 d0 9d e5 bc 6d 00 00 00 28 9d e5 bc 6d 00 00 00
                                 006dbce59f70 00 00 00 00 00 00 00 00 00 00 00 00 00 00 00 00
                                 006dbce59f80 a0 9f e5 bc 6d 00 00 00 d0 09 c0 de 04 00 00 00
                                 006dbce59f90 00 00 00 00 00 00 00 00 10 00 00 00 5b 31 00 00
                                 006dbce59fa0 a0 8e b3 9a 6d 00 00 00 ec c9 32 7a 7f 00 00 00
                                 006dbce59fb0 08 00 00 00 00 00 00 00 80 e3 48 7a 7f 00 00 00
                                 006dbce59fc0 e0 9d e5 bc 6d 00 00 00 b0 36 ec 7a 7f 00 00 00
                                 006dbce59fd0 00 00 00 00 00 00 00 00 00 00 00 00 00 00 00 00
                                 006dbce59fe0 eb be 4e 50 a0 01 00 00 00 00 00 00 00 00 00 00
                                 006dbce59ff0 40 00 00 00 00 00 00 00 01 00 00 00 00 00 00 00
    TLS Address:                 0000001ac4e51600
    TLS Dump:                                 00 01 02 03 04 05 06 07 08 09 0a 0b 0c 0d 0e 0f
                                 001ac4e51600 02 00 00 00 00 00 00 00 00 00 00 00 00 00 00 00
                                 001ac4e51610 00 00 00 00 00 00 00 00 00 00 00 00 00 00 00 00
                                 001ac4e51620 53 46 43 4f 00 00 00 00 00 00 00 00 1a fe 79 d1
                                 001ac4e51630 00 00 00 00 00 00 00 00 03 00 00 00 00 00 00 00
                                 001ac4e51640 00 00 00 00 0b 00 00 00 00 00 00 00 00 00 00 00
                                 001ac4e51650 53 46 43 49 00 00 00 00 00 00 00 00 00 00 00 00
                                 001ac4e51660 01 00 00 00 00 00 00 00 00 00 00 00 00 00 00 00
                                 001ac4e51670 00 00 00 00 00 00 00 00 00 00 00 00 00 00 00 00
                                 001ac4e51680 00 00 00 00 00 00 00 00 00 00 00 00 00 00 00 00
                                 001ac4e51690 00 00 00 00 00 00 00 00 00 00 00 00 00 00 00 00
                                 001ac4e516a0 00 00 00 00 00 00 00 00 00 00 00 00 00 00 00 00
                                 001ac4e516b0 00 00 00 00 00 00 00 00 00 00 00 00 00 00 00 00
                                 001ac4e516c0 00 00 00 00 00 00 00 00 00 00 00 00 00 00 00 00
                                 001ac4e516d0 00 00 00 00 00 00 00 00 00 00 00 00 00 00 00 00
                                 001ac4e516e0 00 00 00 00 00 00 00 00 00 00 00 00 00 00 00 00
                                 001ac4e516f0 00 00 00 00 00 00 00 00 00 00 00 00 00 00 00 00
Threads[03]:
    Thread ID:                   0000000000000428
    Stack Region:                0000006da670c000-0000006da680d000
    Registers:
        X[00]:                   0000007f7aec3684
        X[01]:                   0000007f7aec3678
        X[02]:                   0000000000d501e1
        X[03]:                   ffffffffffffffff
        X[04]:                   0000007f7aec3684
        X[05]:                   0000007f7a3cd476
        X[06]:                   0000000000000002
        X[07]:                   0000000000000001
        X[08]:                   0000000000000000
        X[09]:                   0000000000000000
        X[10]:                   0000000000000000
        X[11]:                   0000000000000000
        X[12]:                   0000000000000000
        X[13]:                   0000000000000000
        X[14]:                   0000000000000000
        X[15]:                   0000000000000000
        X[16]:                   0000000000000000
        X[17]:                   0000000000000000
        X[18]:                   0000000000000000
        X[19]:                   0000000000000000
        X[20]:                   0000000000000000
        X[21]:                   0000000000000000
        X[22]:                   0000000000000000
        X[23]:                   0000000000000000
        X[24]:                   0000000000000000
        X[25]:                   0000000000000000
        X[26]:                   0000000000000000
        X[27]:                   0000000000000000
        X[28]:                   0000000000000000
        FP:                      0000006da680bec0
        LR:                      0000007f7a324a5c
        SP:                      0000006da680bec0
        PC:                      0000007f7a324990
    Stack Trace:
        ReturnAddress[00]:       0000007f7a31bcec
        ReturnAddress[01]:       0000007f7943420c
        ReturnAddress[02]:       0000007f794283c8
        ReturnAddress[03]:       0000007f7a31be14
        ReturnAddress[04]:       0000007f7a2faef8
        ReturnAddress[05]:       0000000000000000
    Stack Dump:                               00 01 02 03 04 05 06 07 08 09 0a 0b 0c 0d 0e 0f
                                 006da680bec0 f0 be 80 a6 6d 00 00 00 ec bc 31 7a 7f 00 00 00
                                 006da680bed0 90 36 ec 7a 7f 00 00 00 00 00 00 00 00 00 00 00
                                 006da680bee0 00 bf 80 a6 6d 00 00 00 4c 40 43 79 7f 00 00 00
                                 006da680bef0 00 bf 80 a6 6d 00 00 00 0c 42 43 79 7f 00 00 00
                                 006da680bf00 10 bf 80 a6 6d 00 00 00 c8 83 42 79 7f 00 00 00
                                 006da680bf10 70 bf 80 a6 6d 00 00 00 14 be 31 7a 7f 00 00 00
                                 006da680bf20 40 8b e5 bc 6d 00 00 00 80 19 e5 c4 1a 00 00 00
                                 006da680bf30 a4 82 42 79 7f 00 00 00 60 8c e5 bc 6d 00 00 00
                                 006da680bf40 00 00 00 00 00 00 00 00 00 00 00 00 00 00 00 00
                                 006da680bf50 00 00 00 00 00 00 00 00 00 00 00 00 00 00 00 00
                                 006da680bf60 00 00 00 00 00 00 00 00 0c be 31 7a 7f 00 00 00
                                 006da680bf70 a0 bf 80 a6 6d 00 00 00 f8 ae 2f 7a 7f 00 00 00
                                 006da680bf80 d0 bf 80 a6 6d 00 00 00 80 19 e5 c4 1a 00 00 00
                                 006da680bf90 00 30 36 7c 7f 00 00 00 00 00 00 00 00 00 00 00
                                 006da680bfa0 00 00 00 00 00 00 00 00 00 00 00 00 00 00 00 00
                                 006da680bfb0 00 00 00 00 00 00 00 00 00 00 00 00 00 00 00 00
    TLS Address:                 0000001ac4e51800
    TLS Dump:                                 00 01 02 03 04 05 06 07 08 09 0a 0b 0c 0d 0e 0f
                                 001ac4e51800 00 00 00 00 00 00 00 00 00 00 00 00 00 00 00 00
                                 001ac4e51810 00 00 00 00 00 00 00 00 00 00 00 00 00 00 00 00
                                 001ac4e51820 00 00 00 00 00 00 00 00 00 00 00 00 00 00 00 00
                                 001ac4e51830 00 00 00 00 00 00 00 00 00 00 00 00 00 00 00 00
                                 001ac4e51840 00 00 00 00 00 00 00 00 00 00 00 00 00 00 00 00
                                 001ac4e51850 00 00 00 00 00 00 00 00 00 00 00 00 00 00 00 00
                                 001ac4e51860 00 00 00 00 00 00 00 00 00 00 00 00 00 00 00 00
                                 001ac4e51870 00 00 00 00 00 00 00 00 00 00 00 00 00 00 00 00
                                 001ac4e51880 00 00 00 00 00 00 00 00 00 00 00 00 00 00 00 00
                                 001ac4e51890 00 00 00 00 00 00 00 00 00 00 00 00 00 00 00 00
                                 001ac4e518a0 00 00 00 00 00 00 00 00 00 00 00 00 00 00 00 00
                                 001ac4e518b0 00 00 00 00 00 00 00 00 00 00 00 00 00 00 00 00
                                 001ac4e518c0 00 00 00 00 00 00 00 00 00 00 00 00 00 00 00 00
                                 001ac4e518d0 00 00 00 00 00 00 00 00 00 00 00 00 00 00 00 00
                                 001ac4e518e0 00 00 00 00 00 00 00 00 00 00 00 00 00 00 00 00
                                 001ac4e518f0 00 00 00 00 00 00 00 00 00 00 00 00 00 00 00 00
Threads[04]:
    Thread ID:                   0000000000000429
    Stack Region:                0000006daf96b000-0000006dafa6c000
    Registers:
        X[00]:                   0000007f7aec3684
        X[01]:                   0000007f7aec3678
        X[02]:                   0000000000d581d2
        X[03]:                   ffffffffffffffff
        X[04]:                   0000007f7aec3684
        X[05]:                   0000007f7a3cd476
        X[06]:                   0000000000000002
        X[07]:                   0000000000000001
        X[08]:                   0000000000000000
        X[09]:                   0000000000000000
        X[10]:                   0000000000000000
        X[11]:                   0000000000000000
        X[12]:                   0000000000000000
        X[13]:                   0000000000000000
        X[14]:                   0000000000000000
        X[15]:                   0000000000000000
        X[16]:                   0000000000000000
        X[17]:                   0000000000000000
        X[18]:                   0000000000000000
        X[19]:                   0000000000000000
        X[20]:                   0000000000000000
        X[21]:                   0000000000000000
        X[22]:                   0000000000000000
        X[23]:                   0000000000000000
        X[24]:                   0000000000000000
        X[25]:                   0000000000000000
        X[26]:                   0000000000000000
        X[27]:                   0000000000000000
        X[28]:                   0000000000000000
        FP:                      0000006dafa6aec0
        LR:                      0000007f7a324a5c
        SP:                      0000006dafa6aec0
        PC:                      0000007f7a324990
    Stack Trace:
        ReturnAddress[00]:       0000007f7a31bcec
        ReturnAddress[01]:       0000007f7943420c
        ReturnAddress[02]:       0000007f794283c8
        ReturnAddress[03]:       0000007f7a31be14
        ReturnAddress[04]:       0000007f7a2faef8
        ReturnAddress[05]:       0000000000000000
    Stack Dump:                               00 01 02 03 04 05 06 07 08 09 0a 0b 0c 0d 0e 0f
                                 006dafa6aec0 f0 ae a6 af 6d 00 00 00 ec bc 31 7a 7f 00 00 00
                                 006dafa6aed0 90 36 ec 7a 7f 00 00 00 00 00 00 00 00 00 00 00
                                 006dafa6aee0 00 af a6 af 6d 00 00 00 4c 40 43 79 7f 00 00 00
                                 006dafa6aef0 00 af a6 af 6d 00 00 00 0c 42 43 79 7f 00 00 00
                                 006dafa6af00 10 af a6 af 6d 00 00 00 c8 83 42 79 7f 00 00 00
                                 006dafa6af10 70 af a6 af 6d 00 00 00 14 be 31 7a 7f 00 00 00
                                 006dafa6af20 40 8b e5 bc 6d 00 00 00 80 1b e5 c4 1a 00 00 00
                                 006dafa6af30 a4 82 42 79 7f 00 00 00 60 8c e5 bc 6d 00 00 00
                                 006dafa6af40 00 00 00 00 00 00 00 00 00 00 00 00 00 00 00 00
                                 006dafa6af50 00 00 00 00 00 00 00 00 00 00 00 00 00 00 00 00
                                 006dafa6af60 00 00 00 00 00 00 00 00 0c be 31 7a 7f 00 00 00
                                 006dafa6af70 a0 af a6 af 6d 00 00 00 f8 ae 2f 7a 7f 00 00 00
                                 006dafa6af80 d0 af a6 af 6d 00 00 00 80 1b e5 c4 1a 00 00 00
                                 006dafa6af90 00 30 36 7c 7f 00 00 00 00 00 00 00 00 00 00 00
                                 006dafa6afa0 00 00 00 00 00 00 00 00 00 00 00 00 00 00 00 00
                                 006dafa6afb0 00 00 00 00 00 00 00 00 00 00 00 00 00 00 00 00
    TLS Address:                 0000001ac4e51a00
    TLS Dump:                                 00 01 02 03 04 05 06 07 08 09 0a 0b 0c 0d 0e 0f
                                 001ac4e51a00 00 00 00 00 00 00 00 00 00 00 00 00 00 00 00 00
                                 001ac4e51a10 00 00 00 00 00 00 00 00 00 00 00 00 00 00 00 00
                                 001ac4e51a20 00 00 00 00 00 00 00 00 00 00 00 00 00 00 00 00
                                 001ac4e51a30 00 00 00 00 00 00 00 00 00 00 00 00 00 00 00 00
                                 001ac4e51a40 00 00 00 00 00 00 00 00 00 00 00 00 00 00 00 00
                                 001ac4e51a50 00 00 00 00 00 00 00 00 00 00 00 00 00 00 00 00
                                 001ac4e51a60 00 00 00 00 00 00 00 00 00 00 00 00 00 00 00 00
                                 001ac4e51a70 00 00 00 00 00 00 00 00 00 00 00 00 00 00 00 00
                                 001ac4e51a80 00 00 00 00 00 00 00 00 00 00 00 00 00 00 00 00
                                 001ac4e51a90 00 00 00 00 00 00 00 00 00 00 00 00 00 00 00 00
                                 001ac4e51aa0 00 00 00 00 00 00 00 00 00 00 00 00 00 00 00 00
                                 001ac4e51ab0 00 00 00 00 00 00 00 00 00 00 00 00 00 00 00 00
                                 001ac4e51ac0 00 00 00 00 00 00 00 00 00 00 00 00 00 00 00 00
                                 001ac4e51ad0 00 00 00 00 00 00 00 00 00 00 00 00 00 00 00 00
                                 001ac4e51ae0 00 00 00 00 00 00 00 00 00 00 00 00 00 00 00 00
                                 001ac4e51af0 00 00 00 00 00 00 00 00 00 00 00 00 00 00 00 00
