Atmosphère Crash Report (v1.7):
Result:                          0x1159 (2345-0008)

Process Info:
    Process Name:                hbloader
    Program ID:                  01006f8002326000
    Process ID:                  00000000000000a0
    Process Flags:               00000077
    User Exception Address:      00000042af79a000
Exception Info:
    Type:                        User Break
    Address:                     000000716bf83950 (nxjs + 0x298b950)
    Break Reason:                0x0
    Break Address:               00000074dfb769cc
    Break Size:                  0x4
Crashed Thread Info:
    Thread ID:                   0000000000000877
    Stack Region:                00000074dfa77000-00000074dfb77000
    Registers:
        X[00]:                   0000000000000000
        X[01]:                   00000074dfb769cc
        X[02]:                   0000000000000004
        X[03]:                   00000074750050a9
        X[04]:                   0000000000000001
        X[05]:                   0000000000000000
        X[06]:                   0000007473c00011
        X[07]:                   0000000000000000
        X[08]:                   0000000000000000
        X[09]:                   0000000000000000
        X[10]:                   0000000000000000
        X[11]:                   0000000000000000
        X[12]:                   0000000000000000
        X[13]:                   0000000000000000
        X[14]:                   0000000000000000
        X[15]:                   0000000000000000
        X[16]:                   0000000000000000
        X[17]:                   0000000000000000
        X[18]:                   0000000000000000
        X[19]:                   0000000000000000
        X[20]:                   0000000000000000
        X[21]:                   0000000000000000
        X[22]:                   0000000000000000
        X[23]:                   0000000000000000
        X[24]:                   0000000000000000
        X[25]:                   0000000000000000
        X[26]:                   0000000000000000
        X[27]:                   0000000000000000
        X[28]:                   0000000000000000
        FP:                      00000074dfb769b0
        LR:                      000000716bf7a62c (nxjs + 0x298262c)
        SP:                      00000074dfb769b0
        PC:                      000000716bf8394c (nxjs + 0x298b94c)
    Stack Trace:
        ReturnAddress[00]:       000000716bf66dac (nxjs + 0x296edac)
        ReturnAddress[01]:       000000716bf7b804 (nxjs + 0x2983804)
        ReturnAddress[02]:       000000716964aac4 (nxjs + 0x52ac4)
        ReturnAddress[03]:       0000007169648b00 (nxjs + 0x50b00)
        ReturnAddress[04]:       0000000000000000
    Stack Dump:                               00 01 02 03 04 05 06 07 08 09 0a 0b 0c 0d 0e 0f
                                 0074dfb769b0 d0 69 b7 df 74 00 00 00 ac 6d f6 6b 71 00 00 00
                                 0074dfb769c0 b4 8d b1 69 71 00 00 00 05 00 00 00 59 11 00 00
                                 0074dfb769d0 00 6a b7 df 74 00 00 00 04 b8 f7 6b 71 00 00 00
                                 0074dfb769e0 d0 b4 9f 61 1b 00 00 00 00 70 e7 63 1b 00 00 00
                                 0074dfb769f0 ec 8c b1 69 71 00 00 00 50 6a b7 df 74 00 00 00
                                 0074dfb76a00 a0 6a b7 df 74 00 00 00 c4 aa 64 69 71 00 00 00
                                 0074dfb76a10 d0 b4 9f 61 1b 00 00 00 00 70 e7 63 1b 00 00 00
                                 0074dfb76a20 28 b5 9f 61 1b 00 00 00 00 10 ad 6c 71 00 00 00
                                 0074dfb76a30 00 5f e7 62 1b 00 00 00 00 70 e7 63 1b 00 00 00
                                 0074dfb76a40 28 b5 9f 61 1b 00 00 00 00 10 ad 6c 71 00 00 00
                                 0074dfb76a50 70 ff af 6c 71 00 00 00 00 00 00 00 00 00 00 00
                                 0074dfb76a60 98 af 64 69 71 00 00 00 28 b5 9f 61 1b 00 00 00
                                 0074dfb76a70 00 70 e7 63 1b 00 00 00 d0 b4 9f 61 1b 00 00 00
                                 0074dfb76a80 00 00 00 00 00 00 00 00 00 00 00 00 00 00 00 00
                                 0074dfb76a90 00 00 00 00 00 00 00 00 00 00 00 00 00 00 00 00
                                 0074dfb76aa0 a0 6f b7 df 74 00 00 00 00 8b 64 69 71 00 00 00
    TLS Address:                 00000042af79a200
    TLS Dump:                                 00 01 02 03 04 05 06 07 08 09 0a 0b 0c 0d 0e 0f
                                 0042af79a200 00 00 01 00 0a 08 e0 03 c0 41 10 00 20 69 b7 df
                                 0042af79a210 53 46 43 4f 00 00 00 00 00 00 00 00 91 ab e3 ac
                                 0042af79a220 02 00 00 00 00 00 00 00 00 00 00 00 00 00 00 00
                                 0042af79a230 00 00 00 00 00 00 00 00 06 00 00 00 00 00 00 00
                                 0042af79a240 02 00 00 00 00 00 00 00 00 00 00 00 00 00 00 00
                                 0042af79a250 10 00 78 01 20 69 b7 df 74 00 10 00 00 00 00 00
                                 0042af79a260 00 00 00 00 18 00 00 00 88 67 b7 df 74 00 18 00
                                 0042af79a270 68 00 00 00 00 00 00 00 a0 00 00 00 00 00 00 00
                                 0042af79a280 00 00 00 00 00 00 00 00 00 00 00 00 00 00 00 00
                                 0042af79a290 00 00 00 00 00 00 00 00 00 00 00 00 00 00 00 00
                                 0042af79a2a0 00 00 00 00 00 00 00 00 00 00 00 00 00 00 00 00
                                 0042af79a2b0 00 00 00 00 00 00 00 00 00 00 00 00 00 00 00 00
                                 0042af79a2c0 00 00 00 00 00 00 00 00 00 00 00 00 00 00 00 00
                                 0042af79a2d0 00 00 00 00 00 00 00 00 00 00 00 00 00 00 00 00
                                 0042af79a2e0 00 00 00 00 00 00 00 00 00 00 00 00 00 00 00 00
                                 0042af79a2f0 00 00 00 00 00 00 00 00 00 00 00 00 00 00 00 00
Module Info:
    Number of Modules:           01
    Module 00:
        Address:                 00000071695f8000-000000716c01f000
        Name:                    nxjs
        Module Id:               64CD8A8D1FA59D505ED88D245C694D0EE3DCB453000000000000000000000000
Thread Report:
Number of Threads:               05
Threads[00]:
    Thread ID:                   0000000000000877
    Stack Region:                00000074dfa77000-00000074dfb77000
    Registers:
        X[00]:                   0000000000000000
        X[01]:                   00000074dfb769cc
        X[02]:                   0000000000000004
        X[03]:                   00000074750050a9
        X[04]:                   0000000000000001
        X[05]:                   0000000000000000
        X[06]:                   0000007473c00011
        X[07]:                   0000000000000000
        X[08]:                   0000000000000000
        X[09]:                   0000000000000000
        X[10]:                   0000000000000000
        X[11]:                   0000000000000000
        X[12]:                   0000000000000000
        X[13]:                   0000000000000000
        X[14]:                   0000000000000000
        X[15]:                   0000000000000000
        X[16]:                   0000000000000000
        X[17]:                   0000000000000000
        X[18]:                   0000000000000000
        X[19]:                   0000000000000000
        X[20]:                   0000000000000000
        X[21]:                   0000000000000000
        X[22]:                   0000000000000000
        X[23]:                   0000000000000000
        X[24]:                   0000000000000000
        X[25]:                   0000000000000000
        X[26]:                   0000000000000000
        X[27]:                   0000000000000000
        X[28]:                   0000000000000000
        FP:                      00000074dfb769b0
        LR:                      000000716bf7a62c (nxjs + 0x298262c)
        SP:                      00000074dfb769b0
        PC:                      000000716bf8394c (nxjs + 0x298b94c)
    Stack Trace:
        ReturnAddress[00]:       000000716bf66dac (nxjs + 0x296edac)
        ReturnAddress[01]:       000000716bf7b804 (nxjs + 0x2983804)
        ReturnAddress[02]:       000000716964aac4 (nxjs + 0x52ac4)
        ReturnAddress[03]:       0000007169648b00 (nxjs + 0x50b00)
        ReturnAddress[04]:       0000000000000000
    Stack Dump:                               00 01 02 03 04 05 06 07 08 09 0a 0b 0c 0d 0e 0f
                                 0074dfb769b0 d0 69 b7 df 74 00 00 00 ac 6d f6 6b 71 00 00 00
                                 0074dfb769c0 b4 8d b1 69 71 00 00 00 05 00 00 00 59 11 00 00
                                 0074dfb769d0 00 6a b7 df 74 00 00 00 04 b8 f7 6b 71 00 00 00
                                 0074dfb769e0 d0 b4 9f 61 1b 00 00 00 00 70 e7 63 1b 00 00 00
                                 0074dfb769f0 ec 8c b1 69 71 00 00 00 50 6a b7 df 74 00 00 00
                                 0074dfb76a00 a0 6a b7 df 74 00 00 00 c4 aa 64 69 71 00 00 00
                                 0074dfb76a10 d0 b4 9f 61 1b 00 00 00 00 70 e7 63 1b 00 00 00
                                 0074dfb76a20 28 b5 9f 61 1b 00 00 00 00 10 ad 6c 71 00 00 00
                                 0074dfb76a30 00 5f e7 62 1b 00 00 00 00 70 e7 63 1b 00 00 00
                                 0074dfb76a40 28 b5 9f 61 1b 00 00 00 00 10 ad 6c 71 00 00 00
                                 0074dfb76a50 70 ff af 6c 71 00 00 00 00 00 00 00 00 00 00 00
                                 0074dfb76a60 98 af 64 69 71 00 00 00 28 b5 9f 61 1b 00 00 00
                                 0074dfb76a70 00 70 e7 63 1b 00 00 00 d0 b4 9f 61 1b 00 00 00
                                 0074dfb76a80 00 00 00 00 00 00 00 00 00 00 00 00 00 00 00 00
                                 0074dfb76a90 00 00 00 00 00 00 00 00 00 00 00 00 00 00 00 00
                                 0074dfb76aa0 a0 6f b7 df 74 00 00 00 00 8b 64 69 71 00 00 00
    TLS Address:                 00000042af79a200
    TLS Dump:                                 00 01 02 03 04 05 06 07 08 09 0a 0b 0c 0d 0e 0f
                                 0042af79a200 00 00 01 00 0a 08 e0 03 c0 41 10 00 20 69 b7 df
                                 0042af79a210 53 46 43 4f 00 00 00 00 00 00 00 00 91 ab e3 ac
                                 0042af79a220 02 00 00 00 00 00 00 00 00 00 00 00 00 00 00 00
                                 0042af79a230 00 00 00 00 00 00 00 00 06 00 00 00 00 00 00 00
                                 0042af79a240 02 00 00 00 00 00 00 00 00 00 00 00 00 00 00 00
                                 0042af79a250 10 00 78 01 20 69 b7 df 74 00 10 00 00 00 00 00
                                 0042af79a260 00 00 00 00 18 00 00 00 88 67 b7 df 74 00 18 00
                                 0042af79a270 68 00 00 00 00 00 00 00 a0 00 00 00 00 00 00 00
                                 0042af79a280 00 00 00 00 00 00 00 00 00 00 00 00 00 00 00 00
                                 0042af79a290 00 00 00 00 00 00 00 00 00 00 00 00 00 00 00 00
                                 0042af79a2a0 00 00 00 00 00 00 00 00 00 00 00 00 00 00 00 00
                                 0042af79a2b0 00 00 00 00 00 00 00 00 00 00 00 00 00 00 00 00
                                 0042af79a2c0 00 00 00 00 00 00 00 00 00 00 00 00 00 00 00 00
                                 0042af79a2d0 00 00 00 00 00 00 00 00 00 00 00 00 00 00 00 00
                                 0042af79a2e0 00 00 00 00 00 00 00 00 00 00 00 00 00 00 00 00
                                 0042af79a2f0 00 00 00 00 00 00 00 00 00 00 00 00 00 00 00 00
Threads[01]:
    Thread ID:                   00000000000010b7
    Stack Region:                00000074d7659000-00000074d775a000
    Registers:
        X[00]:                   000000716cb22684
        X[01]:                   000000716cb22678
        X[02]:                   00000000008a81d5
        X[03]:                   ffffffffffffffff
        X[04]:                   000000716cb22684
        X[05]:                   0000000000000000
        X[06]:                   0000000000000000
        X[07]:                   0000000000000000
        X[08]:                   0000000000000000
        X[09]:                   0000000000000000
        X[10]:                   0000000000000000
        X[11]:                   0000000000000000
        X[12]:                   0000000000000000
        X[13]:                   0000000000000000
        X[14]:                   0000000000000000
        X[15]:                   0000000000000000
        X[16]:                   0000000000000000
        X[17]:                   0000000000000000
        X[18]:                   0000000000000000
        X[19]:                   0000000000000000
        X[20]:                   0000000000000000
        X[21]:                   0000000000000000
        X[22]:                   0000000000000000
        X[23]:                   0000000000000000
        X[24]:                   0000000000000000
        X[25]:                   0000000000000000
        X[26]:                   0000000000000000
        X[27]:                   0000000000000000
        X[28]:                   0000000000000000
        FP:                      00000074d7758ec0
        LR:                      000000716bf839ec (nxjs + 0x298b9ec)
        SP:                      00000074d7758ec0
        PC:                      000000716bf83920 (nxjs + 0x298b920)
    Stack Trace:
        ReturnAddress[00]:       000000716bf7ac7c (nxjs + 0x2982c7c)
        ReturnAddress[01]:       000000716b09320c (nxjs + 0x1a9b20c)
        ReturnAddress[02]:       000000716b0873c8 (nxjs + 0x1a8f3c8)
        ReturnAddress[03]:       000000716bf7ada4 (nxjs + 0x2982da4)
        ReturnAddress[04]:       000000716bf59ef8 (nxjs + 0x2961ef8)
        ReturnAddress[05]:       0000000000000000
    Stack Dump:                               00 01 02 03 04 05 06 07 08 09 0a 0b 0c 0d 0e 0f
                                 0074d7758ec0 f0 8e 75 d7 74 00 00 00 7c ac f7 6b 71 00 00 00
                                 0074d7758ed0 90 26 b2 6c 71 00 00 00 c0 95 75 d7 74 00 00 00
                                 0074d7758ee0 10 8f 75 d7 74 00 00 00 80 73 08 6b 71 00 00 00
                                 0074d7758ef0 00 8f 75 d7 74 00 00 00 0c 32 09 6b 71 00 00 00
                                 0074d7758f00 10 8f 75 d7 74 00 00 00 c8 73 08 6b 71 00 00 00
                                 0074d7758f10 70 8f 75 d7 74 00 00 00 a4 ad f7 6b 71 00 00 00
                                 0074d7758f20 50 5b b7 df 74 00 00 00 80 a5 79 af 42 00 00 00
                                 0074d7758f30 a4 72 08 6b 71 00 00 00 70 5c b7 df 74 00 00 00
                                 0074d7758f40 00 00 00 00 00 00 00 00 00 00 00 00 00 00 00 00
                                 0074d7758f50 00 00 00 00 00 00 00 00 00 00 00 00 00 00 00 00
                                 0074d7758f60 00 00 00 00 00 00 00 00 9c ad f7 6b 71 00 00 00
                                 0074d7758f70 a0 8f 75 d7 74 00 00 00 f8 9e f5 6b 71 00 00 00
                                 0074d7758f80 d0 8f 75 d7 74 00 00 00 80 a5 79 af 42 00 00 00
                                 0074d7758f90 00 20 fc 6d 71 00 00 00 00 00 00 00 00 00 00 00
                                 0074d7758fa0 00 00 00 00 00 00 00 00 00 00 00 00 00 00 00 00
                                 0074d7758fb0 00 00 00 00 00 00 00 00 00 00 00 00 00 00 00 00
    TLS Address:                 00000042af79a400
    TLS Dump:                                 00 01 02 03 04 05 06 07 08 09 0a 0b 0c 0d 0e 0f
                                 0042af79a400 00 00 00 00 0a 08 e0 03 00 00 00 00 00 00 00 00
                                 0042af79a410 53 46 43 4f 00 00 00 00 00 00 00 00 91 ab e3 ac
                                 0042af79a420 01 00 00 00 00 00 00 00 00 00 00 00 00 00 00 00
                                 0042af79a430 05 00 00 00 00 00 00 00 00 00 00 00 00 00 00 00
                                 0042af79a440 00 00 00 00 00 00 00 00 00 00 00 00 00 00 00 00
                                 0042af79a450 00 04 00 00 00 00 00 00 00 00 00 00 00 00 00 00
                                 0042af79a460 00 00 00 00 00 00 00 00 00 00 00 00 00 00 00 00
                                 0042af79a470 00 00 00 00 00 00 00 00 00 00 00 00 00 00 00 00
                                 0042af79a480 00 00 00 00 00 00 00 00 00 00 00 00 00 00 00 00
                                 0042af79a490 00 00 00 00 00 00 00 00 00 00 00 00 00 00 00 00
                                 0042af79a4a0 00 00 00 00 00 00 00 00 00 00 00 00 00 00 00 00
                                 0042af79a4b0 00 00 00 00 00 00 00 00 00 00 00 00 00 00 00 00
                                 0042af79a4c0 00 00 00 00 00 00 00 00 00 00 00 00 00 00 00 00
                                 0042af79a4d0 00 00 00 00 00 00 00 00 00 00 00 00 00 00 00 00
                                 0042af79a4e0 00 00 00 00 00 00 00 00 00 00 00 00 00 00 00 00
                                 0042af79a4f0 00 00 00 00 00 00 00 00 00 00 00 00 00 00 00 00
Threads[02]:
    Thread ID:                   00000000000010b8
    Stack Region:                00000074b6e99000-00000074b6f9a000
    Registers:
        X[00]:                   00000000007801f9
        X[01]:                   000000000000004f
        X[02]:                   0000000000000002
        X[03]:                   0000000000000000
        X[04]:                   0000000000000000
        X[05]:                   0000000000000000
        X[06]:                   0000000000000000
        X[07]:                   0000000000000000
        X[08]:                   0000000000000000
        X[09]:                   0000000000000000
        X[10]:                   0000000000000000
        X[11]:                   0000000000000000
        X[12]:                   0000000000000000
        X[13]:                   0000000000000000
        X[14]:                   0000000000000000
        X[15]:                   0000000000000000
        X[16]:                   0000000000000000
        X[17]:                   0000000000000000
        X[18]:                   0000000000000000
        X[19]:                   0000000000000000
        X[20]:                   0000000000000000
        X[21]:                   0000000000000000
        X[22]:                   0000000000000000
        X[23]:                   0000000000000000
        X[24]:                   0000000000000000
        X[25]:                   0000000000000000
        X[26]:                   0000000000000000
        X[27]:                   0000000000000000
        X[28]:                   0000000000000000
        FP:                      00000074b6f98e30
        LR:                      000000716bf5e574 (nxjs + 0x2966574)
        SP:                      00000074b6f98e30
        PC:                      000000716bf83944 (nxjs + 0x298b944)
    Stack Trace:
        ReturnAddress[00]:       000000716bf5e828 (nxjs + 0x2966828)
        ReturnAddress[01]:       000000716bf8b91c (nxjs + 0x299391c)
        ReturnAddress[02]:       000000716bf8b96c (nxjs + 0x299396c)
        ReturnAddress[03]:       000000716bf7ab68 (nxjs + 0x2982b68)
        ReturnAddress[04]:       000000716c01b2f8 (nxjs + 0x2a232f8)
        ReturnAddress[05]:       000000716bffe4f8 (nxjs + 0x2a064f8)
        ReturnAddress[06]:       000000716b08ae00 (nxjs + 0x1a92e00)
        ReturnAddress[07]:       000000716b087380 (nxjs + 0x1a8f380)
        ReturnAddress[08]:       000000716bf7ada4 (nxjs + 0x2982da4)
        ReturnAddress[09]:       000000716bf59ef8 (nxjs + 0x2961ef8)
        ReturnAddress[10]:       0000000000000000
    Stack Dump:                               00 01 02 03 04 05 06 07 08 09 0a 0b 0c 0d 0e 0f
                                 0074b6f98e30 60 8e f9 b6 74 00 00 00 28 e8 f5 6b 71 00 00 00
                                 0074b6f98e40 00 20 fc 6d 71 00 00 00 58 d2 0e 6c 71 00 00 00
                                 0074b6f98e50 e0 6d b7 df 74 00 00 00 b0 26 b2 6c 71 00 00 00
                                 0074b6f98e60 90 8e f9 b6 74 00 00 00 1c b9 f8 6b 71 00 00 00
                                 0074b6f98e70 08 00 00 00 00 00 00 00 58 d2 0e 6c 71 00 00 00
                                 0074b6f98e80 e0 6d b7 df 74 00 00 00 90 27 fc 6d 71 00 00 00
                                 0074b6f98e90 a0 8e f9 b6 74 00 00 00 6c b9 f8 6b 71 00 00 00
                                 0074b6f98ea0 b0 8e f9 b6 74 00 00 00 68 ab f7 6b 71 00 00 00
                                 0074b6f98eb0 c0 8e f9 b6 74 00 00 00 f8 b2 01 6c 71 00 00 00
                                 0074b6f98ec0 d0 8e f9 b6 74 00 00 00 f8 e4 ff 6b 71 00 00 00
                                 0074b6f98ed0 e0 8e f9 b6 74 00 00 00 00 ae 08 6b 71 00 00 00
                                 0074b6f98ee0 10 8f f9 b6 74 00 00 00 80 73 08 6b 71 00 00 00
                                 0074b6f98ef0 b0 32 9c 62 1b 00 00 00 40 26 b2 6c 71 00 00 00
                                 0074b6f98f00 a4 72 08 6b 71 00 00 00 54 73 08 6b 71 00 00 00
                                 0074b6f98f10 70 8f f9 b6 74 00 00 00 a4 ad f7 6b 71 00 00 00
                                 0074b6f98f20 50 5b b7 df 74 00 00 00 80 a7 79 af 42 00 00 00
    TLS Address:                 00000042af79a600
    TLS Dump:                                 00 01 02 03 04 05 06 07 08 09 0a 0b 0c 0d 0e 0f
                                 0042af79a600 04 00 00 00 08 00 00 00 00 00 00 00 00 00 00 00
                                 0042af79a610 02 00 00 00 4f 00 00 00 00 00 00 00 00 00 00 00
                                 0042af79a620 53 46 43 4f 00 00 00 00 00 00 00 00 a1 ea ef 56
                                 0042af79a630 00 00 00 00 00 00 00 00 03 00 00 00 00 00 00 00
                                 0042af79a640 00 00 00 00 0b 00 00 00 00 00 00 00 00 00 00 00
                                 0042af79a650 53 46 43 49 00 00 00 00 00 00 00 00 00 00 00 00
                                 0042af79a660 01 00 00 00 00 00 00 00 00 00 00 00 00 00 00 00
                                 0042af79a670 00 00 00 00 00 00 00 00 00 00 00 00 00 00 00 00
                                 0042af79a680 00 00 00 00 00 00 00 00 00 00 00 00 00 00 00 00
                                 0042af79a690 00 00 00 00 00 00 00 00 00 00 00 00 00 00 00 00
                                 0042af79a6a0 00 00 00 00 00 00 00 00 00 00 00 00 00 00 00 00
                                 0042af79a6b0 00 00 00 00 00 00 00 00 00 00 00 00 00 00 00 00
                                 0042af79a6c0 00 00 00 00 00 00 00 00 00 00 00 00 00 00 00 00
                                 0042af79a6d0 00 00 00 00 00 00 00 00 00 00 00 00 00 00 00 00
                                 0042af79a6e0 00 00 00 00 00 00 00 00 00 00 00 00 00 00 00 00
                                 0042af79a6f0 00 00 00 00 00 00 00 00 00 00 00 00 00 00 00 00
Threads[03]:
    Thread ID:                   00000000000010b9
    Stack Region:                00000074b3a32000-00000074b3b33000
    Registers:
        X[00]:                   000000716cb22684
        X[01]:                   000000716cb22678
        X[02]:                   00000000008b81d3
        X[03]:                   ffffffffffffffff
        X[04]:                   000000716cb22684
        X[05]:                   000000716c02c346
        X[06]:                   0000000000000002
        X[07]:                   0000000000000001
        X[08]:                   0000000000000000
        X[09]:                   0000000000000000
        X[10]:                   0000000000000000
        X[11]:                   0000000000000000
        X[12]:                   0000000000000000
        X[13]:                   0000000000000000
        X[14]:                   0000000000000000
        X[15]:                   0000000000000000
        X[16]:                   0000000000000000
        X[17]:                   0000000000000000
        X[18]:                   0000000000000000
        X[19]:                   0000000000000000
        X[20]:                   0000000000000000
        X[21]:                   0000000000000000
        X[22]:                   0000000000000000
        X[23]:                   0000000000000000
        X[24]:                   0000000000000000
        X[25]:                   0000000000000000
        X[26]:                   0000000000000000
        X[27]:                   0000000000000000
        X[28]:                   0000000000000000
        FP:                      00000074b3b31ec0
        LR:                      000000716bf839ec (nxjs + 0x298b9ec)
        SP:                      00000074b3b31ec0
        PC:                      000000716bf83920 (nxjs + 0x298b920)
    Stack Trace:
        ReturnAddress[00]:       000000716bf7ac7c (nxjs + 0x2982c7c)
        ReturnAddress[01]:       000000716b09320c (nxjs + 0x1a9b20c)
        ReturnAddress[02]:       000000716b0873c8 (nxjs + 0x1a8f3c8)
        ReturnAddress[03]:       000000716bf7ada4 (nxjs + 0x2982da4)
        ReturnAddress[04]:       000000716bf59ef8 (nxjs + 0x2961ef8)
        ReturnAddress[05]:       0000000000000000
    Stack Dump:                               00 01 02 03 04 05 06 07 08 09 0a 0b 0c 0d 0e 0f
                                 0074b3b31ec0 f0 1e b3 b3 74 00 00 00 7c ac f7 6b 71 00 00 00
                                 0074b3b31ed0 90 26 b2 6c 71 00 00 00 00 00 00 00 00 00 00 00
                                 0074b3b31ee0 00 1f b3 b3 74 00 00 00 4c 30 09 6b 71 00 00 00
                                 0074b3b31ef0 00 1f b3 b3 74 00 00 00 0c 32 09 6b 71 00 00 00
                                 0074b3b31f00 10 1f b3 b3 74 00 00 00 c8 73 08 6b 71 00 00 00
                                 0074b3b31f10 70 1f b3 b3 74 00 00 00 a4 ad f7 6b 71 00 00 00
                                 0074b3b31f20 50 5b b7 df 74 00 00 00 80 a9 79 af 42 00 00 00
                                 0074b3b31f30 a4 72 08 6b 71 00 00 00 70 5c b7 df 74 00 00 00
                                 0074b3b31f40 00 00 00 00 00 00 00 00 00 00 00 00 00 00 00 00
                                 0074b3b31f50 00 00 00 00 00 00 00 00 00 00 00 00 00 00 00 00
                                 0074b3b31f60 00 00 00 00 00 00 00 00 9c ad f7 6b 71 00 00 00
                                 0074b3b31f70 a0 1f b3 b3 74 00 00 00 f8 9e f5 6b 71 00 00 00
                                 0074b3b31f80 d0 1f b3 b3 74 00 00 00 80 a9 79 af 42 00 00 00
                                 0074b3b31f90 00 20 fc 6d 71 00 00 00 00 00 00 00 00 00 00 00
                                 0074b3b31fa0 00 00 00 00 00 00 00 00 00 00 00 00 00 00 00 00
                                 0074b3b31fb0 00 00 00 00 00 00 00 00 00 00 00 00 00 00 00 00
    TLS Address:                 00000042af79a800
    TLS Dump:                                 00 01 02 03 04 05 06 07 08 09 0a 0b 0c 0d 0e 0f
                                 0042af79a800 00 00 00 00 00 00 00 00 00 00 00 00 00 00 00 00
                                 0042af79a810 00 00 00 00 00 00 00 00 00 00 00 00 00 00 00 00
                                 0042af79a820 00 00 00 00 00 00 00 00 00 00 00 00 00 00 00 00
                                 0042af79a830 00 00 00 00 00 00 00 00 00 00 00 00 00 00 00 00
                                 0042af79a840 00 00 00 00 00 00 00 00 00 00 00 00 00 00 00 00
                                 0042af79a850 00 00 00 00 00 00 00 00 00 00 00 00 00 00 00 00
                                 0042af79a860 00 00 00 00 00 00 00 00 00 00 00 00 00 00 00 00
                                 0042af79a870 00 00 00 00 00 00 00 00 00 00 00 00 00 00 00 00
                                 0042af79a880 00 00 00 00 00 00 00 00 00 00 00 00 00 00 00 00
                                 0042af79a890 00 00 00 00 00 00 00 00 00 00 00 00 00 00 00 00
                                 0042af79a8a0 00 00 00 00 00 00 00 00 00 00 00 00 00 00 00 00
                                 0042af79a8b0 00 00 00 00 00 00 00 00 00 00 00 00 00 00 00 00
                                 0042af79a8c0 00 00 00 00 00 00 00 00 00 00 00 00 00 00 00 00
                                 0042af79a8d0 00 00 00 00 00 00 00 00 00 00 00 00 00 00 00 00
                                 0042af79a8e0 00 00 00 00 00 00 00 00 00 00 00 00 00 00 00 00
                                 0042af79a8f0 00 00 00 00 00 00 00 00 00 00 00 00 00 00 00 00
Threads[04]:
    Thread ID:                   00000000000010ba
    Stack Region:                00000074e48ce000-00000074e49cf000
    Registers:
        X[00]:                   000000716cb22684
        X[01]:                   000000716cb22678
        X[02]:                   00000000008c01d2
        X[03]:                   ffffffffffffffff
        X[04]:                   000000716cb22684
        X[05]:                   000000716c02c346
        X[06]:                   0000000000000002
        X[07]:                   0000000000000001
        X[08]:                   0000000000000000
        X[09]:                   0000000000000000
        X[10]:                   0000000000000000
        X[11]:                   0000000000000000
        X[12]:                   0000000000000000
        X[13]:                   0000000000000000
        X[14]:                   0000000000000000
        X[15]:                   0000000000000000
        X[16]:                   0000000000000000
        X[17]:                   0000000000000000
        X[18]:                   0000000000000000
        X[19]:                   0000000000000000
        X[20]:                   0000000000000000
        X[21]:                   0000000000000000
        X[22]:                   0000000000000000
        X[23]:                   0000000000000000
        X[24]:                   0000000000000000
        X[25]:                   0000000000000000
        X[26]:                   0000000000000000
        X[27]:                   0000000000000000
        X[28]:                   0000000000000000
        FP:                      00000074e49cdec0
        LR:                      000000716bf839ec (nxjs + 0x298b9ec)
        SP:                      00000074e49cdec0
        PC:                      000000716bf83920 (nxjs + 0x298b920)
    Stack Trace:
        ReturnAddress[00]:       000000716bf7ac7c (nxjs + 0x2982c7c)
        ReturnAddress[01]:       000000716b09320c (nxjs + 0x1a9b20c)
        ReturnAddress[02]:       000000716b0873c8 (nxjs + 0x1a8f3c8)
        ReturnAddress[03]:       000000716bf7ada4 (nxjs + 0x2982da4)
        ReturnAddress[04]:       000000716bf59ef8 (nxjs + 0x2961ef8)
        ReturnAddress[05]:       0000000000000000
    Stack Dump:                               00 01 02 03 04 05 06 07 08 09 0a 0b 0c 0d 0e 0f
                                 0074e49cdec0 f0 de 9c e4 74 00 00 00 7c ac f7 6b 71 00 00 00
                                 0074e49cded0 90 26 b2 6c 71 00 00 00 00 00 00 00 00 00 00 00
                                 0074e49cdee0 00 df 9c e4 74 00 00 00 4c 30 09 6b 71 00 00 00
                                 0074e49cdef0 00 df 9c e4 74 00 00 00 0c 32 09 6b 71 00 00 00
                                 0074e49cdf00 10 df 9c e4 74 00 00 00 c8 73 08 6b 71 00 00 00
                                 0074e49cdf10 70 df 9c e4 74 00 00 00 a4 ad f7 6b 71 00 00 00
                                 0074e49cdf20 50 5b b7 df 74 00 00 00 80 ab 79 af 42 00 00 00
                                 0074e49cdf30 a4 72 08 6b 71 00 00 00 70 5c b7 df 74 00 00 00
                                 0074e49cdf40 00 00 00 00 00 00 00 00 00 00 00 00 00 00 00 00
                                 0074e49cdf50 00 00 00 00 00 00 00 00 00 00 00 00 00 00 00 00
                                 0074e49cdf60 00 00 00 00 00 00 00 00 9c ad f7 6b 71 00 00 00
                                 0074e49cdf70 a0 df 9c e4 74 00 00 00 f8 9e f5 6b 71 00 00 00
                                 0074e49cdf80 d0 df 9c e4 74 00 00 00 80 ab 79 af 42 00 00 00
                                 0074e49cdf90 00 20 fc 6d 71 00 00 00 00 00 00 00 00 00 00 00
                                 0074e49cdfa0 00 00 00 00 00 00 00 00 00 00 00 00 00 00 00 00
                                 0074e49cdfb0 00 00 00 00 00 00 00 00 00 00 00 00 00 00 00 00
    TLS Address:                 00000042af79aa00
    TLS Dump:                                 00 01 02 03 04 05 06 07 08 09 0a 0b 0c 0d 0e 0f
                                 0042af79aa00 00 00 00 00 00 00 00 00 00 00 00 00 00 00 00 00
                                 0042af79aa10 00 00 00 00 00 00 00 00 00 00 00 00 00 00 00 00
                                 0042af79aa20 00 00 00 00 00 00 00 00 00 00 00 00 00 00 00 00
                                 0042af79aa30 00 00 00 00 00 00 00 00 00 00 00 00 00 00 00 00
                                 0042af79aa40 00 00 00 00 00 00 00 00 00 00 00 00 00 00 00 00
                                 0042af79aa50 00 00 00 00 00 00 00 00 00 00 00 00 00 00 00 00
                                 0042af79aa60 00 00 00 00 00 00 00 00 00 00 00 00 00 00 00 00
                                 0042af79aa70 00 00 00 00 00 00 00 00 00 00 00 00 00 00 00 00
                                 0042af79aa80 00 00 00 00 00 00 00 00 00 00 00 00 00 00 00 00
                                 0042af79aa90 00 00 00 00 00 00 00 00 00 00 00 00 00 00 00 00
                                 0042af79aaa0 00 00 00 00 00 00 00 00 00 00 00 00 00 00 00 00
                                 0042af79aab0 00 00 00 00 00 00 00 00 00 00 00 00 00 00 00 00
                                 0042af79aac0 00 00 00 00 00 00 00 00 00 00 00 00 00 00 00 00
                                 0042af79aad0 00 00 00 00 00 00 00 00 00 00 00 00 00 00 00 00
                                 0042af79aae0 00 00 00 00 00 00 00 00 00 00 00 00 00 00 00 00
                                 0042af79aaf0 00 00 00 00 00 00 00 00 00 00 00 00 00 00 00 00
