fx-embedded v0.1.0 — fx (wasm) on the Switch
runtime: {"wasm":true,"jspi":true}
[boot] config: env/key loaded
[tls] canary: HEAD https://ai-gateway.vercel.sh/
[tls] canary ok (HTTP 200)
[tls] canary ok: HTTP 200
[term] JSPI OK (V8 stack switching)
[term] reading fx-term.wasm…
[term] + wasm 4.8 MB
[term] compiling…
[term] + compiled in 1351 ms — starting agent…
[net] POST https://ai-gateway.vercel.sh/v3/ai/language-model
fx-embedded v0.1.0 — fx (wasm) on the Switch
runtime: {"wasm":true,"jspi":true}
[boot] config: env/key loaded
[tls] canary: HEAD https://ai-gateway.vercel.sh/
[tls] canary ok (HTTP 200)
[tls] canary ok: HTTP 200
[term] JSPI OK (V8 stack switching)
[term] reading fx-term.wasm…
[term] + wasm 4.8 MB
[term] compiling…
[term] + compiled in 1367 ms — starting agent…
[net] POST https://ai-gateway.vercel.sh/v3/ai/language-model
fx-embedded v0.1.0 — fx (wasm) on the Switch
runtime: {"wasm":true,"jspi":true}
[boot] config: env/key loaded
[tls] canary: HEAD https://ai-gateway.vercel.sh/
[tls] canary ok (HTTP 200)
[tls] canary ok: HTTP 200
[term] JSPI OK (V8 stack switching)
[term] reading fx-term.wasm…
[term] + wasm 4.8 MB
[term] compiling…
[term] + compiled in 1342 ms — starting agent…
[net] POST https://ai-gateway.vercel.sh/v3/ai/language-model
[net] POST https://ai-gateway.vercel.sh/v3/ai/language-model
fx-embedded v0.1.0 — fx (wasm) on the Switch
runtime: {"wasm":true,"jspi":true}
[boot] config: env/key loaded
[tls] canary: HEAD https://ai-gateway.vercel.sh/
[tls] canary ok (HTTP 200)
[tls] canary ok: HTTP 200
[term] JSPI OK (V8 stack switching)
[term] reading fx-term.wasm…
[term] + wasm 4.8 MB
[term] compiling…
[term] + compiled in 1348 ms — starting agent…
[net] POST https://ai-gateway.vercel.sh/v3/ai/language-model
[net] POST https://ai-gateway.vercel.sh/v3/ai/language-model
fx-embedded v0.1.0 — fx (wasm) on the Switch
runtime: {"wasm":true,"jspi":true}
[boot] config: env/key loaded
[tls] canary: HEAD https://ai-gateway.vercel.sh/
[tls] canary ok (HTTP 200)
[tls] canary ok: HTTP 200
[term] JSPI OK (V8 stack switching)
[term] reading fx-term.wasm…
[term] + wasm 4.8 MB
[term] compiling…
[term] + compiled in 1362 ms — starting agent…
[net] POST https://ai-gateway.vercel.sh/v3/ai/language-model
[net] POST https://ai-gateway.vercel.sh/v3/ai/language-model
fx-embedded v0.1.0 — fx (wasm) on the Switch
[boot] per-run log: sdmc:/switch/fx-embedded/logs/fx-embedded-1788039418749.log
runtime: {"wasm":true,"jspi":true}
[boot] config: env/key loaded
[term] JSPI OK (V8 stack switching)
[term] reading fx-term.wasm…
[term] + wasm 4.8 MB
[term] compiling…
[term] + compiled in 1395 ms — starting agent…
[net] POST https://ai-gateway.vercel.sh/v3/ai/language-model
fx-embedded v0.1.0 — fx (wasm) on the Switch
[boot] per-run log: sdmc:/switch/fx-embedded/logs/fx-embedded-1788039468741.log
runtime: {"wasm":true,"jspi":true}
[boot] config: env/key loaded
[term] JSPI OK (V8 stack switching)
[term] reading fx-term.wasm…
[term] + wasm 4.8 MB
[term] compiling…
[term] + compiled in 1340 ms — starting agent…
[net] POST https://ai-gateway.vercel.sh/v3/ai/language-model
