Atmosphère Crash Report (v1.7):
Result:                          0x1159 (2345-0008)

Process Info:
    Process Name:                hbloader
    Program ID:                  01006f8002326000
    Process ID:                  0000000000000091
    Process Flags:               00000077
    User Exception Address:      0000000f85d94000
Exception Info:
    Type:                        User Break
    Address:                     000000512418a910
    Break Reason:                0x0
    Break Address:               0000003ec7b5b13c
    Break Size:                  0x4
Crashed Thread Info:
    Thread ID:                   0000000000000381
    Stack Region:                0000003ec7a5c000-0000003ec7b5c000
    Registers:
        X[00]:                   0000000000000000
        X[01]:                   0000003ec7b5b13c
        X[02]:                   0000000000000004
        X[03]:                   0000003ec7b5b440
        X[04]:                   0000003ec7b5b490
        X[05]:                   0000000000000004
        X[06]:                   0000003ef234fff9
        X[07]:                   000000000000003f
        X[08]:                   0000000000000000
        X[09]:                   0000000000000000
        X[10]:                   0000000000000000
        X[11]:                   0000000000000000
        X[12]:                   0000000000000000
        X[13]:                   0000000000000000
        X[14]:                   0000000000000000
        X[15]:                   0000000000000000
        X[16]:                   0000000000000000
        X[17]:                   0000000000000000
        X[18]:                   0000000000000000
        X[19]:                   0000000000000000
        X[20]:                   0000000000000000
        X[21]:                   0000000000000000
        X[22]:                   0000000000000000
        X[23]:                   0000000000000000
        X[24]:                   0000000000000000
        X[25]:                   0000000000000000
        X[26]:                   0000000000000000
        X[27]:                   0000000000000000
        X[28]:                   0000000000000000
        FP:                      0000003ec7b5b120
        LR:                      000000512418162c
        SP:                      0000003ec7b5b120
        PC:                      000000512418a90c
    Stack Trace:
        ReturnAddress[00]:       000000512416db48
        ReturnAddress[01]:       000000512189c404
        ReturnAddress[02]:       000000512238f1fc
        ReturnAddress[03]:       0000007295de7f04 ([00000000] + 0x5ef04)
        ReturnAddress[04]:       0000007295de967c ([00000000] + 0x6067c)
        ReturnAddress[05]:       000000512238a210
        ReturnAddress[06]:       0000005122389ea4
        ReturnAddress[07]:       0000005121cf6a88
        ReturnAddress[08]:       000000512184fb00
        ReturnAddress[09]:       000000512419293c
        ReturnAddress[10]:       0000005124181b68
        ReturnAddress[11]:       00000051242222b8
        ReturnAddress[12]:       00000051242054b8
        ReturnAddress[13]:       0000005123291e00
        ReturnAddress[14]:       000000512328e380
        ReturnAddress[15]:       0000005124181da4
        ReturnAddress[16]:       0000005124160ef8
        ReturnAddress[17]:       0000000000000000
    Stack Dump:                               00 01 02 03 04 05 06 07 08 09 0a 0b 0c 0d 0e 0f
                                 003ec7b5b120 40 b1 b5 c7 3e 00 00 00 48 db 16 24 51 00 00 00
                                 003ec7b5b130 00 00 00 00 00 00 00 00 00 00 00 00 59 11 00 00
                                 003ec7b5b140 60 b1 b5 c7 3e 00 00 00 04 c4 89 21 51 00 00 00
                                 003ec7b5b150 00 20 87 ef 73 00 00 00 d0 e1 92 f8 73 00 00 00
                                 003ec7b5b160 b0 b4 b5 c7 3e 00 00 00 fc f1 38 22 51 00 00 00
                                 003ec7b5b170 f0 c4 92 f8 73 00 00 00 d0 e1 92 f8 73 00 00 00
                                 003ec7b5b180 03 00 00 00 00 00 00 00 05 00 00 00 00 00 00 00
                                 003ec7b5b190 00 00 00 00 00 00 00 00 00 00 00 00 00 00 00 00
                                 003ec7b5b1a0 00 00 00 00 00 00 00 00 00 00 00 00 00 00 00 00
                                 003ec7b5b1b0 00 00 00 00 00 00 00 00 00 00 00 00 00 00 00 00
                                 003ec7b5b1c0 00 00 00 00 00 00 00 00 00 00 00 00 00 00 00 00
                                 003ec7b5b1d0 00 00 00 00 00 00 00 00 00 00 00 00 00 00 00 00
                                 003ec7b5b1e0 00 00 00 00 00 00 00 00 00 00 00 00 00 00 00 00
                                 003ec7b5b1f0 98 b4 b5 c7 3e 00 00 00 00 00 00 00 00 00 00 00
                                 003ec7b5b200 00 00 00 00 00 00 00 00 00 00 00 00 00 00 00 00
                                 003ec7b5b210 00 00 00 00 00 00 00 00 00 00 00 00 00 00 00 00
    TLS Address:                 0000000f85d94200
    TLS Dump:                                 00 01 02 03 04 05 06 07 08 09 0a 0b 0c 0d 0e 0f
                                 000f85d94200 04 00 00 00 0c 00 00 00 00 00 00 00 00 00 00 00
                                 000f85d94210 01 00 10 00 39 00 00 00 00 00 00 00 00 00 00 00
                                 000f85d94220 53 46 43 49 00 00 00 00 68 00 00 00 00 00 00 00
                                 000f85d94230 28 00 00 00 00 00 00 00 00 00 00 00 00 00 00 00
                                 000f85d94240 03 00 65 01 06 41 28 c0 0b 00 00 00 00 00 00 00
                                 000f85d94250 28 00 65 01 80 93 b5 c7 3e 00 28 00 00 00 00 00
                                 000f85d94260 00 00 00 00 18 00 00 00 68 93 b5 c7 3e 00 18 00
                                 000f85d94270 27 00 00 00 00 00 00 00 91 00 00 00 00 00 00 00
                                 000f85d94280 00 00 00 00 00 00 00 00 00 00 00 00 00 00 00 00
                                 000f85d94290 00 00 00 00 00 00 00 00 00 00 00 00 00 00 00 00
                                 000f85d942a0 00 00 00 00 00 00 00 00 00 00 00 00 00 00 00 00
                                 000f85d942b0 00 00 00 00 00 00 00 00 00 00 00 00 00 00 00 00
                                 000f85d942c0 00 00 00 00 00 00 00 00 00 00 00 00 00 00 00 00
                                 000f85d942d0 00 00 00 00 00 00 00 00 00 00 00 00 00 00 00 00
                                 000f85d942e0 00 00 00 00 00 00 00 00 00 00 00 00 00 00 00 00
                                 000f85d942f0 00 00 00 00 00 00 00 00 00 00 00 00 00 00 00 00
Module Info:
    Number of Modules:           02
    Module 00:
        Address:                 0000007295d89000-000000729dd89000
        Name:                    [00000000]
        Module Id:               0000000000000000000000000000000000000000000000000000000000000000
    Module 01:
        Address:                 0000004f54a00000-0000004f54a0b000
        Name:                    hbl
        Module Id:               A48F084FBD81E89BDB7BB8504C5F146E7466933E000000000000000000000000
Thread Report:
Number of Threads:               05
Threads[00]:
    Thread ID:                   0000000000000381
    Stack Region:                0000003ec7a5c000-0000003ec7b5c000
    Registers:
        X[00]:                   0000000000000000
        X[01]:                   0000003ec7b5b13c
        X[02]:                   0000000000000004
        X[03]:                   0000003ec7b5b440
        X[04]:                   0000003ec7b5b490
        X[05]:                   0000000000000004
        X[06]:                   0000003ef234fff9
        X[07]:                   000000000000003f
        X[08]:                   0000000000000000
        X[09]:                   0000000000000000
        X[10]:                   0000000000000000
        X[11]:                   0000000000000000
        X[12]:                   0000000000000000
        X[13]:                   0000000000000000
        X[14]:                   0000000000000000
        X[15]:                   0000000000000000
        X[16]:                   0000000000000000
        X[17]:                   0000000000000000
        X[18]:                   0000000000000000
        X[19]:                   0000000000000000
        X[20]:                   0000000000000000
        X[21]:                   0000000000000000
        X[22]:                   0000000000000000
        X[23]:                   0000000000000000
        X[24]:                   0000000000000000
        X[25]:                   0000000000000000
        X[26]:                   0000000000000000
        X[27]:                   0000000000000000
        X[28]:                   0000000000000000
        FP:                      0000003ec7b5b120
        LR:                      000000512418162c
        SP:                      0000003ec7b5b120
        PC:                      000000512418a90c
    Stack Trace:
        ReturnAddress[00]:       000000512416db48
        ReturnAddress[01]:       000000512189c404
        ReturnAddress[02]:       000000512238f1fc
        ReturnAddress[03]:       0000007295de7f04 ([00000000] + 0x5ef04)
        ReturnAddress[04]:       0000007295de967c ([00000000] + 0x6067c)
        ReturnAddress[05]:       000000512238a210
        ReturnAddress[06]:       0000005122389ea4
        ReturnAddress[07]:       0000005121cf6a88
        ReturnAddress[08]:       000000512184fb00
        ReturnAddress[09]:       000000512419293c
        ReturnAddress[10]:       0000005124181b68
        ReturnAddress[11]:       00000051242222b8
        ReturnAddress[12]:       00000051242054b8
        ReturnAddress[13]:       0000005123291e00
        ReturnAddress[14]:       000000512328e380
        ReturnAddress[15]:       0000005124181da4
        ReturnAddress[16]:       0000005124160ef8
        ReturnAddress[17]:       0000000000000000
    Stack Dump:                               00 01 02 03 04 05 06 07 08 09 0a 0b 0c 0d 0e 0f
                                 003ec7b5b120 40 b1 b5 c7 3e 00 00 00 48 db 16 24 51 00 00 00
                                 003ec7b5b130 00 00 00 00 00 00 00 00 00 00 00 00 59 11 00 00
                                 003ec7b5b140 60 b1 b5 c7 3e 00 00 00 04 c4 89 21 51 00 00 00
                                 003ec7b5b150 00 20 87 ef 73 00 00 00 d0 e1 92 f8 73 00 00 00
                                 003ec7b5b160 b0 b4 b5 c7 3e 00 00 00 fc f1 38 22 51 00 00 00
                                 003ec7b5b170 f0 c4 92 f8 73 00 00 00 d0 e1 92 f8 73 00 00 00
                                 003ec7b5b180 03 00 00 00 00 00 00 00 05 00 00 00 00 00 00 00
                                 003ec7b5b190 00 00 00 00 00 00 00 00 00 00 00 00 00 00 00 00
                                 003ec7b5b1a0 00 00 00 00 00 00 00 00 00 00 00 00 00 00 00 00
                                 003ec7b5b1b0 00 00 00 00 00 00 00 00 00 00 00 00 00 00 00 00
                                 003ec7b5b1c0 00 00 00 00 00 00 00 00 00 00 00 00 00 00 00 00
                                 003ec7b5b1d0 00 00 00 00 00 00 00 00 00 00 00 00 00 00 00 00
                                 003ec7b5b1e0 00 00 00 00 00 00 00 00 00 00 00 00 00 00 00 00
                                 003ec7b5b1f0 98 b4 b5 c7 3e 00 00 00 00 00 00 00 00 00 00 00
                                 003ec7b5b200 00 00 00 00 00 00 00 00 00 00 00 00 00 00 00 00
                                 003ec7b5b210 00 00 00 00 00 00 00 00 00 00 00 00 00 00 00 00
    TLS Address:                 0000000f85d94200
    TLS Dump:                                 00 01 02 03 04 05 06 07 08 09 0a 0b 0c 0d 0e 0f
                                 000f85d94200 04 00 00 00 0c 00 00 00 00 00 00 00 00 00 00 00
                                 000f85d94210 01 00 10 00 39 00 00 00 00 00 00 00 00 00 00 00
                                 000f85d94220 53 46 43 49 00 00 00 00 68 00 00 00 00 00 00 00
                                 000f85d94230 28 00 00 00 00 00 00 00 00 00 00 00 00 00 00 00
                                 000f85d94240 03 00 65 01 06 41 28 c0 0b 00 00 00 00 00 00 00
                                 000f85d94250 28 00 65 01 80 93 b5 c7 3e 00 28 00 00 00 00 00
                                 000f85d94260 00 00 00 00 18 00 00 00 68 93 b5 c7 3e 00 18 00
                                 000f85d94270 27 00 00 00 00 00 00 00 91 00 00 00 00 00 00 00
                                 000f85d94280 00 00 00 00 00 00 00 00 00 00 00 00 00 00 00 00
                                 000f85d94290 00 00 00 00 00 00 00 00 00 00 00 00 00 00 00 00
                                 000f85d942a0 00 00 00 00 00 00 00 00 00 00 00 00 00 00 00 00
                                 000f85d942b0 00 00 00 00 00 00 00 00 00 00 00 00 00 00 00 00
                                 000f85d942c0 00 00 00 00 00 00 00 00 00 00 00 00 00 00 00 00
                                 000f85d942d0 00 00 00 00 00 00 00 00 00 00 00 00 00 00 00 00
                                 000f85d942e0 00 00 00 00 00 00 00 00 00 00 00 00 00 00 00 00
                                 000f85d942f0 00 00 00 00 00 00 00 00 00 00 00 00 00 00 00 00
Threads[01]:
    Thread ID:                   00000000000003a6
    Stack Region:                0000003eb5df5000-0000003eb5ef6000
    Registers:
        X[00]:                   0000005124d29684
        X[01]:                   0000005124d29678
        X[02]:                   00000000005281d4
        X[03]:                   ffffffffffffffff
        X[04]:                   0000005124d29684
        X[05]:                   0000000000000000
        X[06]:                   0000000000000000
        X[07]:                   0000000000000000
        X[08]:                   0000000000000000
        X[09]:                   0000000000000000
        X[10]:                   0000000000000000
        X[11]:                   0000000000000000
        X[12]:                   0000000000000000
        X[13]:                   0000000000000000
        X[14]:                   0000000000000000
        X[15]:                   0000000000000000
        X[16]:                   0000000000000000
        X[17]:                   0000000000000000
        X[18]:                   0000000000000000
        X[19]:                   0000000000000000
        X[20]:                   0000000000000000
        X[21]:                   0000000000000000
        X[22]:                   0000000000000000
        X[23]:                   0000000000000000
        X[24]:                   0000000000000000
        X[25]:                   0000000000000000
        X[26]:                   0000000000000000
        X[27]:                   0000000000000000
        X[28]:                   0000000000000000
        FP:                      0000003eb5ef4ec0
        LR:                      000000512418a9ac
        SP:                      0000003eb5ef4ec0
        PC:                      000000512418a8e0
    Stack Trace:
        ReturnAddress[00]:       0000005124181c7c
        ReturnAddress[01]:       000000512329a20c
        ReturnAddress[02]:       000000512328e3c8
        ReturnAddress[03]:       0000005124181da4
        ReturnAddress[04]:       0000005124160ef8
        ReturnAddress[05]:       0000000000000000
    Stack Dump:                               00 01 02 03 04 05 06 07 08 09 0a 0b 0c 0d 0e 0f
                                 003eb5ef4ec0 f0 4e ef b5 3e 00 00 00 7c 1c 18 24 51 00 00 00
                                 003eb5ef4ed0 90 96 d2 24 51 00 00 00 c0 55 ef b5 3e 00 00 00
                                 003eb5ef4ee0 10 4f ef b5 3e 00 00 00 80 e3 28 23 51 00 00 00
                                 003eb5ef4ef0 00 4f ef b5 3e 00 00 00 0c a2 29 23 51 00 00 00
                                 003eb5ef4f00 10 4f ef b5 3e 00 00 00 c8 e3 28 23 51 00 00 00
                                 003eb5ef4f10 70 4f ef b5 3e 00 00 00 a4 1d 18 24 51 00 00 00
                                 003eb5ef4f20 f0 ab b5 c7 3e 00 00 00 80 45 d9 85 0f 00 00 00
                                 003eb5ef4f30 a4 e2 28 23 51 00 00 00 10 ad b5 c7 3e 00 00 00
                                 003eb5ef4f40 00 00 00 00 00 00 00 00 00 00 00 00 00 00 00 00
                                 003eb5ef4f50 00 00 00 00 00 00 00 00 00 00 00 00 00 00 00 00
                                 003eb5ef4f60 00 00 00 00 00 00 00 00 9c 1d 18 24 51 00 00 00
                                 003eb5ef4f70 a0 4f ef b5 3e 00 00 00 f8 0e 16 24 51 00 00 00
                                 003eb5ef4f80 d0 4f ef b5 3e 00 00 00 80 45 d9 85 0f 00 00 00
                                 003eb5ef4f90 00 90 1c 26 51 00 00 00 00 00 00 00 00 00 00 00
                                 003eb5ef4fa0 00 00 00 00 00 00 00 00 00 00 00 00 00 00 00 00
                                 003eb5ef4fb0 00 00 00 00 00 00 00 00 00 00 00 00 00 00 00 00
    TLS Address:                 0000000f85d94400
    TLS Dump:                                 00 01 02 03 04 05 06 07 08 09 0a 0b 0c 0d 0e 0f
                                 000f85d94400 00 00 00 00 0a 08 e0 03 00 00 00 00 00 00 00 00
                                 000f85d94410 53 46 43 4f 00 00 00 00 00 00 00 00 91 ab e3 ac
                                 000f85d94420 01 00 00 00 00 00 00 00 00 00 00 00 00 00 00 00
                                 000f85d94430 05 00 00 00 00 00 00 00 00 00 00 00 00 00 00 00
                                 000f85d94440 00 00 00 00 00 00 00 00 00 00 00 00 00 00 00 00
                                 000f85d94450 00 04 00 00 00 00 00 00 00 00 00 00 00 00 00 00
                                 000f85d94460 00 00 00 00 00 00 00 00 00 00 00 00 00 00 00 00
                                 000f85d94470 00 00 00 00 00 00 00 00 00 00 00 00 00 00 00 00
                                 000f85d94480 00 00 00 00 00 00 00 00 00 00 00 00 00 00 00 00
                                 000f85d94490 00 00 00 00 00 00 00 00 00 00 00 00 00 00 00 00
                                 000f85d944a0 00 00 00 00 00 00 00 00 00 00 00 00 00 00 00 00
                                 000f85d944b0 00 00 00 00 00 00 00 00 00 00 00 00 00 00 00 00
                                 000f85d944c0 00 00 00 00 00 00 00 00 00 00 00 00 00 00 00 00
                                 000f85d944d0 00 00 00 00 00 00 00 00 00 00 00 00 00 00 00 00
                                 000f85d944e0 00 00 00 00 00 00 00 00 00 00 00 00 00 00 00 00
                                 000f85d944f0 00 00 00 00 00 00 00 00 00 00 00 00 00 00 00 00
Threads[02]:
    Thread ID:                   00000000000003a7
    Stack Region:                0000003f2aa38000-0000003f2ab39000
    Registers:
        X[00]:                   0000005124d29684
        X[01]:                   0000005124d29678
        X[02]:                   00000000005301d5
        X[03]:                   ffffffffffffffff
        X[04]:                   0000005124d29684
        X[05]:                   0000000000000000
        X[06]:                   0000000000000000
        X[07]:                   0000000000000000
        X[08]:                   0000000000000000
        X[09]:                   0000000000000000
        X[10]:                   0000000000000000
        X[11]:                   0000000000000000
        X[12]:                   0000000000000000
        X[13]:                   0000000000000000
        X[14]:                   0000000000000000
        X[15]:                   0000000000000000
        X[16]:                   0000000000000000
        X[17]:                   0000000000000000
        X[18]:                   0000000000000000
        X[19]:                   0000000000000000
        X[20]:                   0000000000000000
        X[21]:                   0000000000000000
        X[22]:                   0000000000000000
        X[23]:                   0000000000000000
        X[24]:                   0000000000000000
        X[25]:                   0000000000000000
        X[26]:                   0000000000000000
        X[27]:                   0000000000000000
        X[28]:                   0000000000000000
        FP:                      0000003f2ab37ec0
        LR:                      000000512418a9ac
        SP:                      0000003f2ab37ec0
        PC:                      000000512418a8e0
    Stack Trace:
        ReturnAddress[00]:       0000005124181c7c
        ReturnAddress[01]:       000000512329a20c
        ReturnAddress[02]:       000000512328e3c8
        ReturnAddress[03]:       0000005124181da4
        ReturnAddress[04]:       0000005124160ef8
        ReturnAddress[05]:       0000000000000000
    Stack Dump:                               00 01 02 03 04 05 06 07 08 09 0a 0b 0c 0d 0e 0f
                                 003f2ab37ec0 f0 7e b3 2a 3f 00 00 00 7c 1c 18 24 51 00 00 00
                                 003f2ab37ed0 90 96 d2 24 51 00 00 00 c0 85 b3 2a 3f 00 00 00
                                 003f2ab37ee0 10 7f b3 2a 3f 00 00 00 80 e3 28 23 51 00 00 00
                                 003f2ab37ef0 00 7f b3 2a 3f 00 00 00 0c a2 29 23 51 00 00 00
                                 003f2ab37f00 10 7f b3 2a 3f 00 00 00 c8 e3 28 23 51 00 00 00
                                 003f2ab37f10 70 7f b3 2a 3f 00 00 00 a4 1d 18 24 51 00 00 00
                                 003f2ab37f20 f0 ab b5 c7 3e 00 00 00 80 47 d9 85 0f 00 00 00
                                 003f2ab37f30 a4 e2 28 23 51 00 00 00 10 ad b5 c7 3e 00 00 00
                                 003f2ab37f40 00 00 00 00 00 00 00 00 00 00 00 00 00 00 00 00
                                 003f2ab37f50 00 00 00 00 00 00 00 00 00 00 00 00 00 00 00 00
                                 003f2ab37f60 00 00 00 00 00 00 00 00 9c 1d 18 24 51 00 00 00
                                 003f2ab37f70 a0 7f b3 2a 3f 00 00 00 f8 0e 16 24 51 00 00 00
                                 003f2ab37f80 d0 7f b3 2a 3f 00 00 00 80 47 d9 85 0f 00 00 00
                                 003f2ab37f90 00 90 1c 26 51 00 00 00 00 00 00 00 00 00 00 00
                                 003f2ab37fa0 00 00 00 00 00 00 00 00 00 00 00 00 00 00 00 00
                                 003f2ab37fb0 00 00 00 00 00 00 00 00 00 00 00 00 00 00 00 00
    TLS Address:                 0000000f85d94600
    TLS Dump:                                 00 01 02 03 04 05 06 07 08 09 0a 0b 0c 0d 0e 0f
                                 000f85d94600 00 00 00 00 0a 08 e0 03 00 00 00 00 00 00 00 00
                                 000f85d94610 53 46 43 4f 00 00 00 00 00 00 00 00 91 ab e3 ac
                                 000f85d94620 01 00 00 00 00 00 00 00 00 00 00 00 00 00 00 00
                                 000f85d94630 05 00 00 00 1c 00 00 40 00 10 00 00 60 eb 9f 02
                                 000f85d94640 1c 00 00 40 00 00 00 00 00 00 00 00 00 00 00 00
                                 000f85d94650 53 46 43 49 00 00 00 00 06 00 00 00 00 00 00 00
                                 000f85d94660 01 00 00 00 00 00 00 00 00 00 00 00 00 00 00 00
                                 000f85d94670 00 00 00 00 00 00 00 00 00 00 00 00 00 00 00 00
                                 000f85d94680 00 00 00 00 00 00 00 00 00 00 00 00 00 00 00 00
                                 000f85d94690 00 00 00 00 00 00 00 00 00 00 00 00 00 00 00 00
                                 000f85d946a0 00 00 00 00 00 00 00 00 00 00 00 00 00 00 00 00
                                 000f85d946b0 00 00 00 00 00 00 00 00 00 00 00 00 00 00 00 00
                                 000f85d946c0 00 00 00 00 00 00 00 00 00 00 00 00 00 00 00 00
                                 000f85d946d0 00 00 00 00 00 00 00 00 00 00 00 00 00 00 00 00
                                 000f85d946e0 00 00 00 00 00 00 00 00 00 00 00 00 00 00 00 00
                                 000f85d946f0 00 00 00 00 00 00 00 00 00 00 00 00 00 00 00 00
Threads[03]:
    Thread ID:                   00000000000003a8
    Stack Region:                0000003ee15b8000-0000003ee16b9000
    Registers:
        X[00]:                   0000005124d29684
        X[01]:                   0000005124d29678
        X[02]:                   00000000005381d3
        X[03]:                   ffffffffffffffff
        X[04]:                   0000005124d29684
        X[05]:                   0000000000000000
        X[06]:                   0000000000000000
        X[07]:                   0000000000000000
        X[08]:                   0000000000000000
        X[09]:                   0000000000000000
        X[10]:                   0000000000000000
        X[11]:                   0000000000000000
        X[12]:                   0000000000000000
        X[13]:                   0000000000000000
        X[14]:                   0000000000000000
        X[15]:                   0000000000000000
        X[16]:                   0000000000000000
        X[17]:                   0000000000000000
        X[18]:                   0000000000000000
        X[19]:                   0000000000000000
        X[20]:                   0000000000000000
        X[21]:                   0000000000000000
        X[22]:                   0000000000000000
        X[23]:                   0000000000000000
        X[24]:                   0000000000000000
        X[25]:                   0000000000000000
        X[26]:                   0000000000000000
        X[27]:                   0000000000000000
        X[28]:                   0000000000000000
        FP:                      0000003ee16b7ec0
        LR:                      000000512418a9ac
        SP:                      0000003ee16b7ec0
        PC:                      000000512418a8e0
    Stack Trace:
        ReturnAddress[00]:       0000005124181c7c
        ReturnAddress[01]:       000000512329a20c
        ReturnAddress[02]:       000000512328e3c8
        ReturnAddress[03]:       0000005124181da4
        ReturnAddress[04]:       0000005124160ef8
        ReturnAddress[05]:       0000000000000000
    Stack Dump:                               00 01 02 03 04 05 06 07 08 09 0a 0b 0c 0d 0e 0f
                                 003ee16b7ec0 f0 7e 6b e1 3e 00 00 00 7c 1c 18 24 51 00 00 00
                                 003ee16b7ed0 90 96 d2 24 51 00 00 00 c0 85 6b e1 3e 00 00 00
                                 003ee16b7ee0 10 7f 6b e1 3e 00 00 00 80 e3 28 23 51 00 00 00
                                 003ee16b7ef0 00 7f 6b e1 3e 00 00 00 0c a2 29 23 51 00 00 00
                                 003ee16b7f00 10 7f 6b e1 3e 00 00 00 c8 e3 28 23 51 00 00 00
                                 003ee16b7f10 70 7f 6b e1 3e 00 00 00 a4 1d 18 24 51 00 00 00
                                 003ee16b7f20 f0 ab b5 c7 3e 00 00 00 80 49 d9 85 0f 00 00 00
                                 003ee16b7f30 a4 e2 28 23 51 00 00 00 10 ad b5 c7 3e 00 00 00
                                 003ee16b7f40 00 00 00 00 00 00 00 00 00 00 00 00 00 00 00 00
                                 003ee16b7f50 00 00 00 00 00 00 00 00 00 00 00 00 00 00 00 00
                                 003ee16b7f60 00 00 00 00 00 00 00 00 9c 1d 18 24 51 00 00 00
                                 003ee16b7f70 a0 7f 6b e1 3e 00 00 00 f8 0e 16 24 51 00 00 00
                                 003ee16b7f80 d0 7f 6b e1 3e 00 00 00 80 49 d9 85 0f 00 00 00
                                 003ee16b7f90 00 90 1c 26 51 00 00 00 00 00 00 00 00 00 00 00
                                 003ee16b7fa0 00 00 00 00 00 00 00 00 00 00 00 00 00 00 00 00
                                 003ee16b7fb0 00 00 00 00 00 00 00 00 00 00 00 00 00 00 00 00
    TLS Address:                 0000000f85d94800
    TLS Dump:                                 00 01 02 03 04 05 06 07 08 09 0a 0b 0c 0d 0e 0f
                                 000f85d94800 00 00 00 00 0a 08 e0 03 00 00 00 00 00 00 00 00
                                 000f85d94810 53 46 43 4f 00 00 00 00 00 00 00 00 91 ab e3 ac
                                 000f85d94820 01 00 00 00 00 00 00 00 00 00 00 00 00 00 00 00
                                 000f85d94830 05 00 00 00 1c 00 00 40 00 10 00 00 20 45 79 01
                                 000f85d94840 1c 00 00 40 00 00 00 00 00 00 00 00 00 00 00 00
                                 000f85d94850 53 46 43 49 00 00 00 00 06 00 00 00 00 00 00 00
                                 000f85d94860 01 00 00 00 00 00 00 00 00 00 00 00 00 00 00 00
                                 000f85d94870 00 00 00 00 00 00 00 00 00 00 00 00 00 00 00 00
                                 000f85d94880 00 00 00 00 00 00 00 00 00 00 00 00 00 00 00 00
                                 000f85d94890 00 00 00 00 00 00 00 00 00 00 00 00 00 00 00 00
                                 000f85d948a0 00 00 00 00 00 00 00 00 00 00 00 00 00 00 00 00
                                 000f85d948b0 00 00 00 00 00 00 00 00 00 00 00 00 00 00 00 00
                                 000f85d948c0 00 00 00 00 00 00 00 00 00 00 00 00 00 00 00 00
                                 000f85d948d0 00 00 00 00 00 00 00 00 00 00 00 00 00 00 00 00
                                 000f85d948e0 00 00 00 00 00 00 00 00 00 00 00 00 00 00 00 00
                                 000f85d948f0 00 00 00 00 00 00 00 00 00 00 00 00 00 00 00 00
Threads[04]:
    Thread ID:                   00000000000003a9
    Stack Region:                0000003ec7a5c000-0000003ec7b5c000
    Registers:
        X[00]:                   00000000000581fa
        X[01]:                   0000005124226000
        X[02]:                   00000073eb427000
        X[03]:                   000000000098c000
        X[04]:                   0000000000000000
        X[05]:                   0000000000000000
        X[06]:                   0000000000000000
        X[07]:                   0000000000000000
        X[08]:                   0000000000000000
        X[09]:                   0000000000000000
        X[10]:                   0000000000000000
        X[11]:                   0000000000000000
        X[12]:                   0000000000000000
        X[13]:                   0000000000000000
        X[14]:                   0000000000000000
        X[15]:                   0000000000000000
        X[16]:                   0000000000000000
        X[17]:                   0000000000000000
        X[18]:                   0000000000000000
        X[19]:                   0000000000000000
        X[20]:                   0000000000000000
        X[21]:                   0000000000000000
        X[22]:                   0000000000000000
        X[23]:                   0000000000000000
        X[24]:                   0000000000000000
        X[25]:                   0000000000000000
        X[26]:                   0000000000000000
        X[27]:                   0000000000000000
        X[28]:                   0000000000000000
        FP:                      0000003ec7b5bfa0
        LR:                      0000004f54a009b4 (hbl + 0x9b4)
        SP:                      0000003ec7b5bfa0
        PC:                      0000004f54a075b4 (hbl + 0x75b4)
    Stack Trace:
        ReturnAddress[00]:       000000512419293c
        ReturnAddress[01]:       0000005124181b68
        ReturnAddress[02]:       00000051242222b8
        ReturnAddress[03]:       00000051242054b8
        ReturnAddress[04]:       0000005123291e00
        ReturnAddress[05]:       000000512328e380
        ReturnAddress[06]:       0000005124181da4
        ReturnAddress[07]:       0000005124160ef8
        ReturnAddress[08]:       0000000000000000
    Stack Dump:                               00 01 02 03 04 05 06 07 08 09 0a 0b 0c 0d 0e 0f
                                 003ec7b5bf00 07 00 00 00 06 00 00 00 07 00 00 00 00 00 00 00
                                 003ec7b5bf10 10 bf b5 c7 3e 00 00 00 10 bf b5 c7 3e 00 00 00
                                 003ec7b5bf20 20 bf b5 c7 3e 00 00 00 20 bf b5 c7 3e 00 00 00
                                 003ec7b5bf30 01 00 00 00 01 00 00 00 07 00 00 00 00 00 00 00
                                 003ec7b5bf40 00 00 00 00 00 00 00 00 18 bd b5 c7 3e 00 00 00
                                 003ec7b5bf50 10 00 00 00 00 00 00 00 00 00 00 00 00 00 00 00
                                 003ec7b5bf60 d0 bd b5 c7 3e 00 00 00 28 bd b5 c7 3e 00 00 00
                                 003ec7b5bf70 00 00 00 00 00 00 00 00 00 00 00 00 00 00 00 00
                                 003ec7b5bf80 00 00 00 00 00 00 00 00 00 00 00 00 00 00 00 00
                                 003ec7b5bf90 00 00 00 00 00 00 00 00 10 00 00 00 00 00 00 00
                                 003ec7b5bfa0 a0 0e cb 2a 3f 00 00 00 3c 29 19 24 51 00 00 00
                                 003ec7b5bfb0 08 00 00 00 00 00 00 00 00 42 2f 24 51 00 00 00
                                 003ec7b5bfc0 e0 bd b5 c7 3e 00 00 00 b0 96 d2 24 51 00 00 00
                                 003ec7b5bfd0 00 00 00 00 00 00 00 00 00 00 00 00 00 00 00 00
                                 003ec7b5bfe0 10 a0 42 fb 73 00 00 00 02 00 00 00 00 00 00 00
                                 003ec7b5bff0 40 00 00 00 00 00 00 00 00 00 00 00 00 00 00 00
    TLS Address:                 0000000f85d94a00
    TLS Dump:                                 00 01 02 03 04 05 06 07 08 09 0a 0b 0c 0d 0e 0f
                                 000f85d94a00 02 00 00 00 00 00 00 00 00 00 00 00 00 00 00 00
                                 000f85d94a10 00 00 00 00 00 00 00 00 00 00 00 00 00 00 00 00
                                 000f85d94a20 53 46 43 4f 00 00 00 00 00 00 00 00 1a fe 79 d1
                                 000f85d94a30 00 00 00 00 00 00 00 00 03 00 00 00 00 00 00 00
                                 000f85d94a40 00 00 00 00 0b 00 00 00 00 00 00 00 00 00 00 00
                                 000f85d94a50 53 46 43 49 00 00 00 00 00 00 00 00 00 00 00 00
                                 000f85d94a60 01 00 00 00 00 00 00 00 00 00 00 00 00 00 00 00
                                 000f85d94a70 00 00 00 00 00 00 00 00 00 00 00 00 00 00 00 00
                                 000f85d94a80 00 00 00 00 00 00 00 00 00 00 00 00 00 00 00 00
                                 000f85d94a90 00 00 00 00 00 00 00 00 00 00 00 00 00 00 00 00
                                 000f85d94aa0 00 00 00 00 00 00 00 00 00 00 00 00 00 00 00 00
                                 000f85d94ab0 00 00 00 00 00 00 00 00 00 00 00 00 00 00 00 00
                                 000f85d94ac0 00 00 00 00 00 00 00 00 00 00 00 00 00 00 00 00
                                 000f85d94ad0 00 00 00 00 00 00 00 00 00 00 00 00 00 00 00 00
                                 000f85d94ae0 00 00 00 00 00 00 00 00 00 00 00 00 00 00 00 00
                                 000f85d94af0 00 00 00 00 00 00 00 00 00 00 00 00 00 00 00 00
