Atmosphère Crash Report (v1.7):
Result:                          0x4A8 (2168-0002)

Process Info:
    Process Name:                hbloader
    Program ID:                  01006f8002326000
    Process ID:                  000000000000008e
    Process Flags:               00000077
    User Exception Address:      0000001cf470e000
Exception Info:
    Type:                        Data Abort
    Address:                     fffffff9a353445b
    Fault Address:               0000000000000000
Crashed Thread Info:
    Thread ID:                   000000000000034c
    Stack Region:                00000071e9a11000-00000071e9a32000
    Registers:
        X[00]:                   fffffff9a353445b
        X[01]:                   0000006a8a444300 (ftpd + 0x82300)
        X[02]:                   0000000000d781d5
        X[03]:                   0000000000000000
        X[04]:                   0000000000000000
        X[05]:                   00000000ffefe73e
        X[06]:                   0000000000000031
        X[07]:                   00000079c7039ee0
        X[08]:                   0000000000000000
        X[09]:                   0000000000000000
        X[10]:                   0000000000000000
        X[11]:                   0000000000000000
        X[12]:                   0000000000000000
        X[13]:                   0000000000000000
        X[14]:                   0000000000000000
        X[15]:                   0000000000000000
        X[16]:                   0000000000000000
        X[17]:                   0000000000000000
        X[18]:                   00000000e9a30ac0
        X[19]:                   0000000000000000
        X[20]:                   fffffff9a353445b
        X[21]:                   00000079c7039ea0
        X[22]:                   0000006a8a4a82f8
        X[23]:                   0000000000000000
        X[24]:                   0000000000000000
        X[25]:                   0000000000000000
        X[26]:                   0000000000000000
        X[27]:                   0000000000000000
        X[28]:                   0000000000000000
        FP:                      00000071e9a30f30
        LR:                      0000006a8a441c9c (ftpd + 0x7fc9c)
        SP:                      00000071e9a30f30
        PC:                      0000006a8a444314 (ftpd + 0x82314)
    Stack Trace:
        ReturnAddress[00]:       0000006a8a441c9c (ftpd + 0x7fc9c)
        ReturnAddress[01]:       0000006a8a440b44 (ftpd + 0x7eb44)
        ReturnAddress[02]:       0000006a8a441d6c (ftpd + 0x7fd6c)
        ReturnAddress[03]:       0000000000000000
    Stack Dump:                               00 01 02 03 04 05 06 07 08 09 0a 0b 0c 0d 0e 0f
                                 0071e9a30f30 50 0f a3 e9 71 00 00 00 9c 1c 44 8a 6a 00 00 00
                                 0071e9a30f40 00 00 00 00 00 00 00 00 01 00 00 00 00 00 00 00
                                 0071e9a30f50 80 0f a3 e9 71 00 00 00 44 0b 44 8a 6a 00 00 00
                                 0071e9a30f60 00 00 00 00 00 00 00 00 08 e5 70 f4 1c 00 00 00
                                 0071e9a30f70 00 80 4a 8a 6a 00 00 00 00 00 00 00 00 00 00 00
                                 0071e9a30f80 a0 0f a3 e9 71 00 00 00 6c 1d 44 8a 6a 00 00 00
                                 0071e9a30f90 d0 0f a3 e9 71 00 00 00 00 00 00 00 00 00 00 00
                                 0071e9a30fa0 00 00 00 00 00 00 00 00 00 00 00 00 00 00 00 00
                                 0071e9a30fb0 00 00 00 00 00 00 00 00 00 00 00 00 00 00 00 00
                                 0071e9a30fc0 00 00 00 00 00 00 00 00 00 00 6a 3e 04 c9 0e 3f
                                 0071e9a30fd0 a0 9e 03 c7 79 00 00 00 50 0b 44 8a 6a 00 00 00
                                 0071e9a30fe0 40 dd 7b b4 71 00 00 00 00 10 a3 e9 71 00 00 00
                                 0071e9a30ff0 70 17 a3 e9 71 00 00 00 f2 e1 01 00 00 00 c0 41
                                 0071e9a31000 00 00 00 00 00 00 00 00 48 d3 49 8a 6a 00 00 00
                                 0071e9a31010 00 d4 49 8a 6a 00 00 00 b8 d4 49 8a 6a 00 00 00
                                 0071e9a31020 00 00 00 00 00 00 00 00 00 00 00 00 00 00 00 00
    TLS Address:                 0000001cf470e400
    TLS Dump:                                 00 01 02 03 04 05 06 07 08 09 0a 0b 0c 0d 0e 0f
                                 001cf470e400 00 00 01 00 0a 08 e0 03 c0 11 08 00 c0 0a a3 e9
                                 001cf470e410 53 46 43 4f 00 00 00 00 00 00 00 00 91 ab e3 ac
                                 001cf470e420 00 00 00 00 00 00 00 00 00 00 00 00 00 00 00 00
                                 001cf470e430 00 00 00 00 00 00 00 00 06 00 00 00 00 00 00 00
                                 001cf470e440 01 00 00 00 00 00 00 00 01 00 00 00 00 00 00 00
                                 001cf470e450 08 00 00 00 c0 0a a3 e9 71 00 08 00 00 00 00 00
                                 001cf470e460 00 00 00 00 00 00 00 00 00 00 00 00 00 00 00 00
                                 001cf470e470 00 00 00 00 00 00 00 00 00 00 00 00 00 00 00 00
                                 001cf470e480 00 00 00 00 00 00 00 00 00 00 00 00 00 00 00 00
                                 001cf470e490 00 00 00 00 00 00 00 00 00 00 00 00 00 00 00 00
                                 001cf470e4a0 00 00 00 00 00 00 00 00 00 00 00 00 00 00 00 00
                                 001cf470e4b0 00 00 00 00 00 00 00 00 00 00 00 00 00 00 00 00
                                 001cf470e4c0 00 00 00 00 00 00 00 00 00 00 00 00 00 00 00 00
                                 001cf470e4d0 00 00 00 00 00 00 00 00 00 00 00 00 00 00 00 00
                                 001cf470e4e0 00 00 00 00 00 00 00 00 00 00 00 00 00 00 00 00
                                 001cf470e4f0 00 00 00 00 00 00 00 00 00 00 00 00 00 00 00 00
Module Info:
    Number of Modules:           01
    Module 00:
        Address:                 0000006a8a3c2000-0000006a8a46f000
        Name:                    ftpd
        Module Id:               073A69F266371F01EE61B5D668B2BAB4BC06E2A0000000000000000000000000
Thread Report:
Number of Threads:               02
Threads[00]:
    Thread ID:                   00000000000002bd
    Stack Region:                00000071b46be000-00000071b47be000
    Registers:
        X[00]:                   00000071b47bdd2c
        X[01]:                   00000071b47bdd28
        X[02]:                   0000000000000001
        X[03]:                   ffffffffffffffff
        X[04]:                   0000000000d781d5
        X[05]:                   0000000000000003
        X[06]:                   0000000000000400
        X[07]:                   0000000000000400
        X[08]:                   0000000000000000
        X[09]:                   0000000000000000
        X[10]:                   0000000000000000
        X[11]:                   0000000000000000
        X[12]:                   0000000000000000
        X[13]:                   0000000000000000
        X[14]:                   0000000000000000
        X[15]:                   0000000000000000
        X[16]:                   0000000000000000
        X[17]:                   0000000000000000
        X[18]:                   0000000000000000
        X[19]:                   0000000000000000
        X[20]:                   0000000000000000
        X[21]:                   0000000000000000
        X[22]:                   0000000000000000
        X[23]:                   0000000000000000
        X[24]:                   0000000000000000
        X[25]:                   0000000000000000
        X[26]:                   0000000000000000
        X[27]:                   0000000000000000
        X[28]:                   0000000000000000
        FP:                      00000071b47bdcc0
        LR:                      0000006a8a437f10 (ftpd + 0x75f10)
        SP:                      00000071b47bdcb0
        PC:                      0000006a8a43781c (ftpd + 0x7581c)
    Stack Trace:
        ReturnAddress[00]:       0000006a8a441da4 (ftpd + 0x7fda4)
        ReturnAddress[01]:       0000006a8a440d4c (ftpd + 0x7ed4c)
        ReturnAddress[02]:       0000006a8a46e640 (ftpd + 0xac640)
        ReturnAddress[03]:       0000006a8a443c30 (ftpd + 0x81c30)
        ReturnAddress[04]:       0000006a8a3cefc0 (ftpd + 0xcfc0)
        ReturnAddress[05]:       0000006a8a3c3ddc (ftpd + 0x1ddc)
        ReturnAddress[06]:       0000006a8a3c2720 (ftpd + 0x720)
        ReturnAddress[07]:       0000000000000000
    Stack Dump:                               00 01 02 03 04 05 06 07 08 09 0a 0b 0c 0d 0e 0f
                                 0071b47bdcb0 2c dd 7b b4 71 00 00 00 e4 00 00 00 00 00 00 00
                                 0071b47bdcc0 10 dd 7b b4 71 00 00 00 a4 1d 44 8a 6a 00 00 00
                                 0071b47bdcd0 a0 9e 03 c7 79 00 00 00 20 9d 03 c7 79 00 00 00
                                 0071b47bdce0 f0 05 00 00 00 00 00 00 a0 0a 4a 8a 6a 00 00 00
                                 0071b47bdcf0 01 00 00 00 00 00 00 00 90 1e 0f c1 79 00 00 00
                                 0071b47bdd00 00 00 4a 8a 6a 00 00 00 d8 15 00 00 00 00 00 00
                                 0071b47bdd10 30 dd 7b b4 71 00 00 00 4c 0d 44 8a 6a 00 00 00
                                 0071b47bdd20 12 00 00 00 00 00 00 00 d5 81 d7 00 00 00 00 00
                                 0071b47bdd30 50 dd 7b b4 71 00 00 00 40 e6 46 8a 6a 00 00 00
                                 0071b47bdd40 00 00 00 00 00 00 00 00 20 9d 03 c7 79 00 00 00
                                 0071b47bdd50 70 dd 7b b4 71 00 00 00 30 3c 44 8a 6a 00 00 00
                                 0071b47bdd60 50 9e 03 c7 79 00 00 00 e4 00 00 00 00 00 00 00
                                 0071b47bdd70 90 dd 7b b4 71 00 00 00 c0 ef 3c 8a 6a 00 00 00
                                 0071b47bdd80 e8 9d 03 c7 79 00 00 00 90 1e 0f c1 79 00 00 00
                                 0071b47bdd90 d0 dd 7b b4 71 00 00 00 dc 3d 3c 8a 6a 00 00 00
                                 0071b47bdda0 a0 08 4a 8a 6a 00 00 00 20 9d 03 c7 79 00 00 00
    TLS Address:                 0000001cf470e200
    TLS Dump:                                 00 01 02 03 04 05 06 07 08 09 0a 0b 0c 0d 0e 0f
                                 001cf470e200 00 00 01 00 08 00 00 00 00 00 00 00 00 00 00 00
                                 001cf470e210 53 46 43 4f 00 00 00 00 00 00 00 00 77 08 ab b6
                                 001cf470e220 00 00 00 00 00 00 00 00 00 00 00 00 00 00 00 00
                                 001cf470e230 53 46 43 49 00 00 00 00 03 00 00 00 00 00 00 00
                                 001cf470e240 00 00 00 00 07 00 00 00 00 00 00 00 00 00 00 00
                                 001cf470e250 04 00 64 01 00 00 18 c0 00 00 00 00 00 00 00 00
                                 001cf470e260 00 00 00 00 18 00 00 00 b8 dc 7b b4 71 00 18 00
                                 001cf470e270 29 00 00 00 00 00 00 00 8e 00 00 00 00 00 00 00
                                 001cf470e280 00 00 00 00 00 00 00 00 00 00 00 00 00 00 00 00
                                 001cf470e290 00 00 00 00 00 00 00 00 00 00 00 00 00 00 00 00
                                 001cf470e2a0 00 00 00 00 00 00 00 00 00 00 00 00 00 00 00 00
                                 001cf470e2b0 01 00 00 00 00 00 00 00 00 00 00 00 00 00 00 00
                                 001cf470e2c0 00 00 00 00 00 00 00 00 00 00 00 00 00 00 00 00
                                 001cf470e2d0 00 00 00 00 00 00 00 00 00 00 00 00 00 00 00 00
                                 001cf470e2e0 00 00 00 00 00 00 00 00 00 00 00 00 00 00 00 00
                                 001cf470e2f0 00 00 00 00 00 00 00 00 00 00 00 00 00 00 00 00
Threads[01]:
    Thread ID:                   000000000000034c
    Stack Region:                00000071e9a11000-00000071e9a32000
    Registers:
        X[00]:                   fffffff9a353445b
        X[01]:                   0000006a8a444300 (ftpd + 0x82300)
        X[02]:                   0000000000d781d5
        X[03]:                   0000000000000000
        X[04]:                   0000000000000000
        X[05]:                   00000000ffefe73e
        X[06]:                   0000000000000031
        X[07]:                   00000079c7039ee0
        X[08]:                   0000000000000000
        X[09]:                   0000000000000000
        X[10]:                   0000000000000000
        X[11]:                   0000000000000000
        X[12]:                   0000000000000000
        X[13]:                   0000000000000000
        X[14]:                   0000000000000000
        X[15]:                   0000000000000000
        X[16]:                   0000000000000000
        X[17]:                   0000000000000000
        X[18]:                   00000000e9a30ac0
        X[19]:                   0000000000000000
        X[20]:                   fffffff9a353445b
        X[21]:                   00000079c7039ea0
        X[22]:                   0000006a8a4a82f8
        X[23]:                   0000000000000000
        X[24]:                   0000000000000000
        X[25]:                   0000000000000000
        X[26]:                   0000000000000000
        X[27]:                   0000000000000000
        X[28]:                   0000000000000000
        FP:                      00000071e9a30f30
        LR:                      0000006a8a441c9c (ftpd + 0x7fc9c)
        SP:                      00000071e9a30f30
        PC:                      0000006a8a444314 (ftpd + 0x82314)
    Stack Trace:
        ReturnAddress[00]:       0000006a8a441c9c (ftpd + 0x7fc9c)
        ReturnAddress[01]:       0000006a8a440b44 (ftpd + 0x7eb44)
        ReturnAddress[02]:       0000006a8a441d6c (ftpd + 0x7fd6c)
        ReturnAddress[03]:       0000000000000000
    Stack Dump:                               00 01 02 03 04 05 06 07 08 09 0a 0b 0c 0d 0e 0f
                                 0071e9a30f30 50 0f a3 e9 71 00 00 00 9c 1c 44 8a 6a 00 00 00
                                 0071e9a30f40 00 00 00 00 00 00 00 00 01 00 00 00 00 00 00 00
                                 0071e9a30f50 80 0f a3 e9 71 00 00 00 44 0b 44 8a 6a 00 00 00
                                 0071e9a30f60 00 00 00 00 00 00 00 00 08 e5 70 f4 1c 00 00 00
                                 0071e9a30f70 00 80 4a 8a 6a 00 00 00 00 00 00 00 00 00 00 00
                                 0071e9a30f80 a0 0f a3 e9 71 00 00 00 6c 1d 44 8a 6a 00 00 00
                                 0071e9a30f90 d0 0f a3 e9 71 00 00 00 00 00 00 00 00 00 00 00
                                 0071e9a30fa0 00 00 00 00 00 00 00 00 00 00 00 00 00 00 00 00
                                 0071e9a30fb0 00 00 00 00 00 00 00 00 00 00 00 00 00 00 00 00
                                 0071e9a30fc0 00 00 00 00 00 00 00 00 00 00 6a 3e 04 c9 0e 3f
                                 0071e9a30fd0 a0 9e 03 c7 79 00 00 00 50 0b 44 8a 6a 00 00 00
                                 0071e9a30fe0 40 dd 7b b4 71 00 00 00 00 10 a3 e9 71 00 00 00
                                 0071e9a30ff0 70 17 a3 e9 71 00 00 00 f2 e1 01 00 00 00 c0 41
                                 0071e9a31000 00 00 00 00 00 00 00 00 48 d3 49 8a 6a 00 00 00
                                 0071e9a31010 00 d4 49 8a 6a 00 00 00 b8 d4 49 8a 6a 00 00 00
                                 0071e9a31020 00 00 00 00 00 00 00 00 00 00 00 00 00 00 00 00
    TLS Address:                 0000001cf470e400
    TLS Dump:                                 00 01 02 03 04 05 06 07 08 09 0a 0b 0c 0d 0e 0f
                                 001cf470e400 00 00 01 00 0a 08 e0 03 c0 11 08 00 c0 0a a3 e9
                                 001cf470e410 53 46 43 4f 00 00 00 00 00 00 00 00 91 ab e3 ac
                                 001cf470e420 00 00 00 00 00 00 00 00 00 00 00 00 00 00 00 00
                                 001cf470e430 00 00 00 00 00 00 00 00 06 00 00 00 00 00 00 00
                                 001cf470e440 01 00 00 00 00 00 00 00 01 00 00 00 00 00 00 00
                                 001cf470e450 08 00 00 00 c0 0a a3 e9 71 00 08 00 00 00 00 00
                                 001cf470e460 00 00 00 00 00 00 00 00 00 00 00 00 00 00 00 00
                                 001cf470e470 00 00 00 00 00 00 00 00 00 00 00 00 00 00 00 00
                                 001cf470e480 00 00 00 00 00 00 00 00 00 00 00 00 00 00 00 00
                                 001cf470e490 00 00 00 00 00 00 00 00 00 00 00 00 00 00 00 00
                                 001cf470e4a0 00 00 00 00 00 00 00 00 00 00 00 00 00 00 00 00
                                 001cf470e4b0 00 00 00 00 00 00 00 00 00 00 00 00 00 00 00 00
                                 001cf470e4c0 00 00 00 00 00 00 00 00 00 00 00 00 00 00 00 00
                                 001cf470e4d0 00 00 00 00 00 00 00 00 00 00 00 00 00 00 00 00
                                 001cf470e4e0 00 00 00 00 00 00 00 00 00 00 00 00 00 00 00 00
                                 001cf470e4f0 00 00 00 00 00 00 00 00 00 00 00 00 00 00 00 00
