Atmosphère Crash Report (v1.7):
Result:                          0x1159 (2345-0008)

Process Info:
    Process Name:                hbloader
    Program ID:                  01006f8002326000
    Process ID:                  000000000000008d
    Process Flags:               00000077
    User Exception Address:      0000000055815000
Exception Info:
    Type:                        User Break
    Address:                     000000270dcbc910
    Break Reason:                0x0
    Break Address:               00000047948d31cc
    Break Size:                  0x4
Crashed Thread Info:
    Thread ID:                   0000000000000342
    Stack Region:                00000047947d4000-00000047948d4000
    Registers:
        X[00]:                   0000000000000000
        X[01]:                   00000047948d31cc
        X[02]:                   0000000000000004
        X[03]:                   00000047948d34c0
        X[04]:                   00000047948d3520
        X[05]:                   0000000000000004
        X[06]:                   0000004741f8fff9
        X[07]:                   000000000000003f
        X[08]:                   0000000000000000
        X[09]:                   0000000000000000
        X[10]:                   0000000000000000
        X[11]:                   0000000000000000
        X[12]:                   0000000000000000
        X[13]:                   0000000000000000
        X[14]:                   0000000000000000
        X[15]:                   0000000000000000
        X[16]:                   0000000000000000
        X[17]:                   0000000000000000
        X[18]:                   0000000000000000
        X[19]:                   0000000000000000
        X[20]:                   0000000000000000
        X[21]:                   0000000000000000
        X[22]:                   0000000000000000
        X[23]:                   0000000000000000
        X[24]:                   0000000000000000
        X[25]:                   0000000000000000
        X[26]:                   0000000000000000
        X[27]:                   0000000000000000
        X[28]:                   0000000000000000
        FP:                      00000047948d31b0
        LR:                      000000270dcb362c
        SP:                      00000047948d31b0
        PC:                      000000270dcbc90c
    Stack Trace:
        ReturnAddress[00]:       000000270dc9fb48
        ReturnAddress[01]:       000000270b3ce404
        ReturnAddress[02]:       000000270bec11fc
        ReturnAddress[03]:       0000006dd3467f04 ([00000000] + 0x46f04)
        ReturnAddress[04]:       0000006dd34946f4 ([00000000] + 0x736f4)
        ReturnAddress[05]:       000000270bebc210
        ReturnAddress[06]:       000000270bebbea4
        ReturnAddress[07]:       000000270b828a88
        ReturnAddress[08]:       000000270b381b00
        ReturnAddress[09]:       000000270dcc493c
        ReturnAddress[10]:       000000270dcb3b68
        ReturnAddress[11]:       000000270dd542b8
        ReturnAddress[12]:       000000270dd374b8
        ReturnAddress[13]:       000000270cdc3e00
        ReturnAddress[14]:       000000270cdc0380
        ReturnAddress[15]:       000000270dcb3da4
        ReturnAddress[16]:       000000270dc92ef8
        ReturnAddress[17]:       0000000000000000
    Stack Dump:                               00 01 02 03 04 05 06 07 08 09 0a 0b 0c 0d 0e 0f
                                 0047948d31b0 d0 31 8d 94 47 00 00 00 48 fb c9 0d 27 00 00 00
                                 0047948d31c0 00 32 8d 94 47 00 00 00 1c 63 cc 0d 59 11 00 00
                                 0047948d31d0 f0 31 8d 94 47 00 00 00 04 e4 3c 0b 27 00 00 00
                                 0047948d31e0 00 20 e7 5e 56 00 00 00 d0 e1 f2 67 56 00 00 00
                                 0047948d31f0 40 35 8d 94 47 00 00 00 fc 11 ec 0b 27 00 00 00
                                 0047948d3200 f0 c4 f2 67 56 00 00 00 d0 e1 f2 67 56 00 00 00
                                 0047948d3210 03 00 00 00 00 00 00 00 05 00 00 00 00 00 00 00
                                 0047948d3220 4c 18 eb 0b 27 00 00 00 90 31 ee 5e 56 00 00 00
                                 0047948d3230 00 8d 38 42 47 00 00 00 aa 00 00 00 00 00 00 00
                                 0047948d3240 00 00 80 bf 00 00 00 00 00 00 00 00 00 00 00 00
                                 0047948d3250 29 c4 84 44 00 00 00 00 00 00 00 00 00 00 00 00
                                 0047948d3260 d7 33 4e 44 00 00 00 00 00 00 00 00 00 00 00 00
                                 0047948d3270 00 40 34 44 00 00 00 00 00 00 00 00 00 00 00 00
                                 0047948d3280 28 35 8d 94 47 00 00 00 00 00 00 00 00 00 00 00
                                 0047948d3290 00 00 00 00 00 00 00 00 00 00 00 00 00 00 00 00
                                 0047948d32a0 00 00 00 00 00 00 00 00 00 00 00 00 00 00 00 00
    TLS Address:                 0000000055815200
    TLS Dump:                                 00 01 02 03 04 05 06 07 08 09 0a 0b 0c 0d 0e 0f
                                 000055815200 04 00 00 00 0c 00 00 00 00 00 00 00 00 00 00 00
                                 000055815210 01 00 10 00 2c 00 00 00 00 00 00 00 00 00 00 00
                                 000055815220 53 46 43 49 00 00 00 00 68 00 00 00 00 00 00 00
                                 000055815230 21 00 00 00 00 00 00 00 00 00 00 00 00 00 00 00
                                 000055815240 03 00 78 01 06 41 28 c0 0b 00 00 00 00 00 00 00
                                 000055815250 28 00 78 01 10 14 8d 94 47 00 28 00 00 00 00 00
                                 000055815260 00 00 00 00 18 00 00 00 f8 13 8d 94 47 00 18 00
                                 000055815270 1c 00 00 00 00 00 00 00 8d 00 00 00 00 00 00 00
                                 000055815280 00 00 00 00 00 00 00 00 00 00 00 00 00 00 00 00
                                 000055815290 00 00 00 00 00 00 00 00 00 00 00 00 00 00 00 00
                                 0000558152a0 00 00 00 00 00 00 00 00 00 00 00 00 00 00 00 00
                                 0000558152b0 00 00 00 00 00 00 00 00 00 00 00 00 00 00 00 00
                                 0000558152c0 00 00 00 00 00 00 00 00 00 00 00 00 00 00 00 00
                                 0000558152d0 00 00 00 00 00 00 00 00 00 00 00 00 00 00 00 00
                                 0000558152e0 00 00 00 00 00 00 00 00 00 00 00 00 00 00 00 00
                                 0000558152f0 00 00 00 00 00 00 00 00 00 00 00 00 00 00 00 00
Module Info:
    Number of Modules:           02
    Module 00:
        Address:                 0000006dd3421000-0000006ddb421000
        Name:                    [00000000]
        Module Id:               0000000000000000000000000000000000000000000000000000000000000000
    Module 01:
        Address:                 0000007f1a600000-0000007f1a60b000
        Name:                    hbl
        Module Id:               A48F084FBD81E89BDB7BB8504C5F146E7466933E000000000000000000000000
Thread Report:
Number of Threads:               05
Threads[00]:
    Thread ID:                   0000000000000342
    Stack Region:                00000047947d4000-00000047948d4000
    Registers:
        X[00]:                   0000000000000000
        X[01]:                   00000047948d31cc
        X[02]:                   0000000000000004
        X[03]:                   00000047948d34c0
        X[04]:                   00000047948d3520
        X[05]:                   0000000000000004
        X[06]:                   0000004741f8fff9
        X[07]:                   000000000000003f
        X[08]:                   0000000000000000
        X[09]:                   0000000000000000
        X[10]:                   0000000000000000
        X[11]:                   0000000000000000
        X[12]:                   0000000000000000
        X[13]:                   0000000000000000
        X[14]:                   0000000000000000
        X[15]:                   0000000000000000
        X[16]:                   0000000000000000
        X[17]:                   0000000000000000
        X[18]:                   0000000000000000
        X[19]:                   0000000000000000
        X[20]:                   0000000000000000
        X[21]:                   0000000000000000
        X[22]:                   0000000000000000
        X[23]:                   0000000000000000
        X[24]:                   0000000000000000
        X[25]:                   0000000000000000
        X[26]:                   0000000000000000
        X[27]:                   0000000000000000
        X[28]:                   0000000000000000
        FP:                      00000047948d31b0
        LR:                      000000270dcb362c
        SP:                      00000047948d31b0
        PC:                      000000270dcbc90c
    Stack Trace:
        ReturnAddress[00]:       000000270dc9fb48
        ReturnAddress[01]:       000000270b3ce404
        ReturnAddress[02]:       000000270bec11fc
        ReturnAddress[03]:       0000006dd3467f04 ([00000000] + 0x46f04)
        ReturnAddress[04]:       0000006dd34946f4 ([00000000] + 0x736f4)
        ReturnAddress[05]:       000000270bebc210
        ReturnAddress[06]:       000000270bebbea4
        ReturnAddress[07]:       000000270b828a88
        ReturnAddress[08]:       000000270b381b00
        ReturnAddress[09]:       000000270dcc493c
        ReturnAddress[10]:       000000270dcb3b68
        ReturnAddress[11]:       000000270dd542b8
        ReturnAddress[12]:       000000270dd374b8
        ReturnAddress[13]:       000000270cdc3e00
        ReturnAddress[14]:       000000270cdc0380
        ReturnAddress[15]:       000000270dcb3da4
        ReturnAddress[16]:       000000270dc92ef8
        ReturnAddress[17]:       0000000000000000
    Stack Dump:                               00 01 02 03 04 05 06 07 08 09 0a 0b 0c 0d 0e 0f
                                 0047948d31b0 d0 31 8d 94 47 00 00 00 48 fb c9 0d 27 00 00 00
                                 0047948d31c0 00 32 8d 94 47 00 00 00 1c 63 cc 0d 59 11 00 00
                                 0047948d31d0 f0 31 8d 94 47 00 00 00 04 e4 3c 0b 27 00 00 00
                                 0047948d31e0 00 20 e7 5e 56 00 00 00 d0 e1 f2 67 56 00 00 00
                                 0047948d31f0 40 35 8d 94 47 00 00 00 fc 11 ec 0b 27 00 00 00
                                 0047948d3200 f0 c4 f2 67 56 00 00 00 d0 e1 f2 67 56 00 00 00
                                 0047948d3210 03 00 00 00 00 00 00 00 05 00 00 00 00 00 00 00
                                 0047948d3220 4c 18 eb 0b 27 00 00 00 90 31 ee 5e 56 00 00 00
                                 0047948d3230 00 8d 38 42 47 00 00 00 aa 00 00 00 00 00 00 00
                                 0047948d3240 00 00 80 bf 00 00 00 00 00 00 00 00 00 00 00 00
                                 0047948d3250 29 c4 84 44 00 00 00 00 00 00 00 00 00 00 00 00
                                 0047948d3260 d7 33 4e 44 00 00 00 00 00 00 00 00 00 00 00 00
                                 0047948d3270 00 40 34 44 00 00 00 00 00 00 00 00 00 00 00 00
                                 0047948d3280 28 35 8d 94 47 00 00 00 00 00 00 00 00 00 00 00
                                 0047948d3290 00 00 00 00 00 00 00 00 00 00 00 00 00 00 00 00
                                 0047948d32a0 00 00 00 00 00 00 00 00 00 00 00 00 00 00 00 00
    TLS Address:                 0000000055815200
    TLS Dump:                                 00 01 02 03 04 05 06 07 08 09 0a 0b 0c 0d 0e 0f
                                 000055815200 04 00 00 00 0c 00 00 00 00 00 00 00 00 00 00 00
                                 000055815210 01 00 10 00 2c 00 00 00 00 00 00 00 00 00 00 00
                                 000055815220 53 46 43 49 00 00 00 00 68 00 00 00 00 00 00 00
                                 000055815230 21 00 00 00 00 00 00 00 00 00 00 00 00 00 00 00
                                 000055815240 03 00 78 01 06 41 28 c0 0b 00 00 00 00 00 00 00
                                 000055815250 28 00 78 01 10 14 8d 94 47 00 28 00 00 00 00 00
                                 000055815260 00 00 00 00 18 00 00 00 f8 13 8d 94 47 00 18 00
                                 000055815270 1c 00 00 00 00 00 00 00 8d 00 00 00 00 00 00 00
                                 000055815280 00 00 00 00 00 00 00 00 00 00 00 00 00 00 00 00
                                 000055815290 00 00 00 00 00 00 00 00 00 00 00 00 00 00 00 00
                                 0000558152a0 00 00 00 00 00 00 00 00 00 00 00 00 00 00 00 00
                                 0000558152b0 00 00 00 00 00 00 00 00 00 00 00 00 00 00 00 00
                                 0000558152c0 00 00 00 00 00 00 00 00 00 00 00 00 00 00 00 00
                                 0000558152d0 00 00 00 00 00 00 00 00 00 00 00 00 00 00 00 00
                                 0000558152e0 00 00 00 00 00 00 00 00 00 00 00 00 00 00 00 00
                                 0000558152f0 00 00 00 00 00 00 00 00 00 00 00 00 00 00 00 00
Threads[01]:
    Thread ID:                   0000000000000367
    Stack Region:                000000477cf4f000-000000477d050000
    Registers:
        X[00]:                   000000270e85b684
        X[01]:                   000000270e85b678
        X[02]:                   00000000005281d4
        X[03]:                   ffffffffffffffff
        X[04]:                   000000270e85b684
        X[05]:                   0000000000000000
        X[06]:                   0000000000000000
        X[07]:                   0000000000000000
        X[08]:                   0000000000000000
        X[09]:                   0000000000000000
        X[10]:                   0000000000000000
        X[11]:                   0000000000000000
        X[12]:                   0000000000000000
        X[13]:                   0000000000000000
        X[14]:                   0000000000000000
        X[15]:                   0000000000000000
        X[16]:                   0000000000000000
        X[17]:                   0000000000000000
        X[18]:                   0000000000000000
        X[19]:                   0000000000000000
        X[20]:                   0000000000000000
        X[21]:                   0000000000000000
        X[22]:                   0000000000000000
        X[23]:                   0000000000000000
        X[24]:                   0000000000000000
        X[25]:                   0000000000000000
        X[26]:                   0000000000000000
        X[27]:                   0000000000000000
        X[28]:                   0000000000000000
        FP:                      000000477d04eec0
        LR:                      000000270dcbc9ac
        SP:                      000000477d04eec0
        PC:                      000000270dcbc8e0
    Stack Trace:
        ReturnAddress[00]:       000000270dcb3c7c
        ReturnAddress[01]:       000000270cdcc20c
        ReturnAddress[02]:       000000270cdc03c8
        ReturnAddress[03]:       000000270dcb3da4
        ReturnAddress[04]:       000000270dc92ef8
        ReturnAddress[05]:       0000000000000000
    Stack Dump:                               00 01 02 03 04 05 06 07 08 09 0a 0b 0c 0d 0e 0f
                                 00477d04eec0 f0 ee 04 7d 47 00 00 00 7c 3c cb 0d 27 00 00 00
                                 00477d04eed0 90 b6 85 0e 27 00 00 00 c0 f5 04 7d 47 00 00 00
                                 00477d04eee0 10 ef 04 7d 47 00 00 00 80 03 dc 0c 27 00 00 00
                                 00477d04eef0 00 ef 04 7d 47 00 00 00 0c c2 dc 0c 27 00 00 00
                                 00477d04ef00 10 ef 04 7d 47 00 00 00 c8 03 dc 0c 27 00 00 00
                                 00477d04ef10 70 ef 04 7d 47 00 00 00 a4 3d cb 0d 27 00 00 00
                                 00477d04ef20 f0 2b 8d 94 47 00 00 00 80 55 81 55 00 00 00 00
                                 00477d04ef30 a4 02 dc 0c 27 00 00 00 10 2d 8d 94 47 00 00 00
                                 00477d04ef40 00 00 00 00 00 00 00 00 00 00 00 00 00 00 00 00
                                 00477d04ef50 00 00 00 00 00 00 00 00 00 00 00 00 00 00 00 00
                                 00477d04ef60 00 00 00 00 00 00 00 00 9c 3d cb 0d 27 00 00 00
                                 00477d04ef70 a0 ef 04 7d 47 00 00 00 f8 2e c9 0d 27 00 00 00
                                 00477d04ef80 d0 ef 04 7d 47 00 00 00 80 55 81 55 00 00 00 00
                                 00477d04ef90 00 b0 cf 0f 27 00 00 00 00 00 00 00 00 00 00 00
                                 00477d04efa0 00 00 00 00 00 00 00 00 00 00 00 00 00 00 00 00
                                 00477d04efb0 00 00 00 00 00 00 00 00 00 00 00 00 00 00 00 00
    TLS Address:                 0000000055815400
    TLS Dump:                                 00 01 02 03 04 05 06 07 08 09 0a 0b 0c 0d 0e 0f
                                 000055815400 00 00 00 00 0a 08 e0 03 00 00 00 00 00 00 00 00
                                 000055815410 53 46 43 4f 00 00 00 00 00 00 00 00 91 ab e3 ac
                                 000055815420 01 00 00 00 00 00 00 00 00 00 00 00 00 00 00 00
                                 000055815430 05 00 00 00 00 00 00 00 00 00 00 00 00 00 00 00
                                 000055815440 00 00 00 00 00 00 00 00 00 00 00 00 00 00 00 00
                                 000055815450 00 04 00 00 00 00 00 00 00 00 00 00 00 00 00 00
                                 000055815460 00 00 00 00 00 00 00 00 00 00 00 00 00 00 00 00
                                 000055815470 00 00 00 00 00 00 00 00 00 00 00 00 00 00 00 00
                                 000055815480 00 00 00 00 00 00 00 00 00 00 00 00 00 00 00 00
                                 000055815490 00 00 00 00 00 00 00 00 00 00 00 00 00 00 00 00
                                 0000558154a0 00 00 00 00 00 00 00 00 00 00 00 00 00 00 00 00
                                 0000558154b0 00 00 00 00 00 00 00 00 00 00 00 00 00 00 00 00
                                 0000558154c0 00 00 00 00 00 00 00 00 00 00 00 00 00 00 00 00
                                 0000558154d0 00 00 00 00 00 00 00 00 00 00 00 00 00 00 00 00
                                 0000558154e0 00 00 00 00 00 00 00 00 00 00 00 00 00 00 00 00
                                 0000558154f0 00 00 00 00 00 00 00 00 00 00 00 00 00 00 00 00
Threads[02]:
    Thread ID:                   0000000000000368
    Stack Region:                000000478f8f0000-000000478f9f1000
    Registers:
        X[00]:                   000000270e85b684
        X[01]:                   000000270e85b678
        X[02]:                   00000000005301d5
        X[03]:                   ffffffffffffffff
        X[04]:                   000000270e85b684
        X[05]:                   0000000000000000
        X[06]:                   0000000000000000
        X[07]:                   0000000000000000
        X[08]:                   0000000000000000
        X[09]:                   0000000000000000
        X[10]:                   0000000000000000
        X[11]:                   0000000000000000
        X[12]:                   0000000000000000
        X[13]:                   0000000000000000
        X[14]:                   0000000000000000
        X[15]:                   0000000000000000
        X[16]:                   0000000000000000
        X[17]:                   0000000000000000
        X[18]:                   0000000000000000
        X[19]:                   0000000000000000
        X[20]:                   0000000000000000
        X[21]:                   0000000000000000
        X[22]:                   0000000000000000
        X[23]:                   0000000000000000
        X[24]:                   0000000000000000
        X[25]:                   0000000000000000
        X[26]:                   0000000000000000
        X[27]:                   0000000000000000
        X[28]:                   0000000000000000
        FP:                      000000478f9efec0
        LR:                      000000270dcbc9ac
        SP:                      000000478f9efec0
        PC:                      000000270dcbc8e0
    Stack Trace:
        ReturnAddress[00]:       000000270dcb3c7c
        ReturnAddress[01]:       000000270cdcc20c
        ReturnAddress[02]:       000000270cdc03c8
        ReturnAddress[03]:       000000270dcb3da4
        ReturnAddress[04]:       000000270dc92ef8
        ReturnAddress[05]:       0000000000000000
    Stack Dump:                               00 01 02 03 04 05 06 07 08 09 0a 0b 0c 0d 0e 0f
                                 00478f9efec0 f0 fe 9e 8f 47 00 00 00 7c 3c cb 0d 27 00 00 00
                                 00478f9efed0 90 b6 85 0e 27 00 00 00 c0 05 9f 8f 47 00 00 00
                                 00478f9efee0 10 ff 9e 8f 47 00 00 00 80 03 dc 0c 27 00 00 00
                                 00478f9efef0 00 ff 9e 8f 47 00 00 00 0c c2 dc 0c 27 00 00 00
                                 00478f9eff00 10 ff 9e 8f 47 00 00 00 c8 03 dc 0c 27 00 00 00
                                 00478f9eff10 70 ff 9e 8f 47 00 00 00 a4 3d cb 0d 27 00 00 00
                                 00478f9eff20 f0 2b 8d 94 47 00 00 00 80 57 81 55 00 00 00 00
                                 00478f9eff30 a4 02 dc 0c 27 00 00 00 10 2d 8d 94 47 00 00 00
                                 00478f9eff40 00 00 00 00 00 00 00 00 00 00 00 00 00 00 00 00
                                 00478f9eff50 00 00 00 00 00 00 00 00 00 00 00 00 00 00 00 00
                                 00478f9eff60 00 00 00 00 00 00 00 00 9c 3d cb 0d 27 00 00 00
                                 00478f9eff70 a0 ff 9e 8f 47 00 00 00 f8 2e c9 0d 27 00 00 00
                                 00478f9eff80 d0 ff 9e 8f 47 00 00 00 80 57 81 55 00 00 00 00
                                 00478f9eff90 00 b0 cf 0f 27 00 00 00 00 00 00 00 00 00 00 00
                                 00478f9effa0 00 00 00 00 00 00 00 00 00 00 00 00 00 00 00 00
                                 00478f9effb0 00 00 00 00 00 00 00 00 00 00 00 00 00 00 00 00
    TLS Address:                 0000000055815600
    TLS Dump:                                 00 01 02 03 04 05 06 07 08 09 0a 0b 0c 0d 0e 0f
                                 000055815600 00 00 00 00 0a 08 e0 03 00 00 00 00 00 00 00 00
                                 000055815610 53 46 43 4f 00 00 00 00 00 00 00 00 91 ab e3 ac
                                 000055815620 01 00 00 00 00 00 00 00 00 00 00 00 00 00 00 00
                                 000055815630 05 00 00 00 14 00 00 60 00 10 00 00 20 39 fd 71
                                 000055815640 14 00 00 60 00 00 00 00 00 00 00 00 00 00 00 00
                                 000055815650 53 46 43 49 00 00 00 00 06 00 00 00 00 00 00 00
                                 000055815660 01 00 00 00 00 00 00 00 00 00 00 00 00 00 00 00
                                 000055815670 00 00 00 00 00 00 00 00 00 00 00 00 00 00 00 00
                                 000055815680 00 00 00 00 00 00 00 00 00 00 00 00 00 00 00 00
                                 000055815690 00 00 00 00 00 00 00 00 00 00 00 00 00 00 00 00
                                 0000558156a0 00 00 00 00 00 00 00 00 00 00 00 00 00 00 00 00
                                 0000558156b0 00 00 00 00 00 00 00 00 00 00 00 00 00 00 00 00
                                 0000558156c0 00 00 00 00 00 00 00 00 00 00 00 00 00 00 00 00
                                 0000558156d0 00 00 00 00 00 00 00 00 00 00 00 00 00 00 00 00
                                 0000558156e0 00 00 00 00 00 00 00 00 00 00 00 00 00 00 00 00
                                 0000558156f0 00 00 00 00 00 00 00 00 00 00 00 00 00 00 00 00
Threads[03]:
    Thread ID:                   0000000000000369
    Stack Region:                000000472fde3000-000000472fee4000
    Registers:
        X[00]:                   000000270e85b684
        X[01]:                   000000270e85b678
        X[02]:                   00000000005381d3
        X[03]:                   ffffffffffffffff
        X[04]:                   000000270e85b684
        X[05]:                   0000000000000000
        X[06]:                   0000000000000000
        X[07]:                   0000000000000000
        X[08]:                   0000000000000000
        X[09]:                   0000000000000000
        X[10]:                   0000000000000000
        X[11]:                   0000000000000000
        X[12]:                   0000000000000000
        X[13]:                   0000000000000000
        X[14]:                   0000000000000000
        X[15]:                   0000000000000000
        X[16]:                   0000000000000000
        X[17]:                   0000000000000000
        X[18]:                   0000000000000000
        X[19]:                   0000000000000000
        X[20]:                   0000000000000000
        X[21]:                   0000000000000000
        X[22]:                   0000000000000000
        X[23]:                   0000000000000000
        X[24]:                   0000000000000000
        X[25]:                   0000000000000000
        X[26]:                   0000000000000000
        X[27]:                   0000000000000000
        X[28]:                   0000000000000000
        FP:                      000000472fee2ec0
        LR:                      000000270dcbc9ac
        SP:                      000000472fee2ec0
        PC:                      000000270dcbc8e0
    Stack Trace:
        ReturnAddress[00]:       000000270dcb3c7c
        ReturnAddress[01]:       000000270cdcc20c
        ReturnAddress[02]:       000000270cdc03c8
        ReturnAddress[03]:       000000270dcb3da4
        ReturnAddress[04]:       000000270dc92ef8
        ReturnAddress[05]:       0000000000000000
    Stack Dump:                               00 01 02 03 04 05 06 07 08 09 0a 0b 0c 0d 0e 0f
                                 00472fee2ec0 f0 2e ee 2f 47 00 00 00 7c 3c cb 0d 27 00 00 00
                                 00472fee2ed0 90 b6 85 0e 27 00 00 00 c0 35 ee 2f 47 00 00 00
                                 00472fee2ee0 10 2f ee 2f 47 00 00 00 80 03 dc 0c 27 00 00 00
                                 00472fee2ef0 00 2f ee 2f 47 00 00 00 0c c2 dc 0c 27 00 00 00
                                 00472fee2f00 10 2f ee 2f 47 00 00 00 c8 03 dc 0c 27 00 00 00
                                 00472fee2f10 70 2f ee 2f 47 00 00 00 a4 3d cb 0d 27 00 00 00
                                 00472fee2f20 f0 2b 8d 94 47 00 00 00 80 59 81 55 00 00 00 00
                                 00472fee2f30 a4 02 dc 0c 27 00 00 00 10 2d 8d 94 47 00 00 00
                                 00472fee2f40 00 00 00 00 00 00 00 00 00 00 00 00 00 00 00 00
                                 00472fee2f50 00 00 00 00 00 00 00 00 00 00 00 00 00 00 00 00
                                 00472fee2f60 00 00 00 00 00 00 00 00 9c 3d cb 0d 27 00 00 00
                                 00472fee2f70 a0 2f ee 2f 47 00 00 00 f8 2e c9 0d 27 00 00 00
                                 00472fee2f80 d0 2f ee 2f 47 00 00 00 80 59 81 55 00 00 00 00
                                 00472fee2f90 00 b0 cf 0f 27 00 00 00 00 00 00 00 00 00 00 00
                                 00472fee2fa0 00 00 00 00 00 00 00 00 00 00 00 00 00 00 00 00
                                 00472fee2fb0 00 00 00 00 00 00 00 00 00 00 00 00 00 00 00 00
    TLS Address:                 0000000055815800
    TLS Dump:                                 00 01 02 03 04 05 06 07 08 09 0a 0b 0c 0d 0e 0f
                                 000055815800 00 00 00 00 0a 08 e0 03 00 00 00 00 00 00 00 00
                                 000055815810 53 46 43 4f 00 00 00 00 00 00 00 00 91 ab e3 ac
                                 000055815820 01 00 00 00 00 00 00 00 00 00 00 00 00 00 00 00
                                 000055815830 05 00 00 00 14 00 00 60 00 10 00 00 00 73 fe 71
                                 000055815840 14 00 00 60 00 00 00 00 00 00 00 00 00 00 00 00
                                 000055815850 53 46 43 49 00 00 00 00 06 00 00 00 00 00 00 00
                                 000055815860 01 00 00 00 00 00 00 00 00 00 00 00 00 00 00 00
                                 000055815870 00 00 00 00 00 00 00 00 00 00 00 00 00 00 00 00
                                 000055815880 00 00 00 00 00 00 00 00 00 00 00 00 00 00 00 00
                                 000055815890 00 00 00 00 00 00 00 00 00 00 00 00 00 00 00 00
                                 0000558158a0 00 00 00 00 00 00 00 00 00 00 00 00 00 00 00 00
                                 0000558158b0 00 00 00 00 00 00 00 00 00 00 00 00 00 00 00 00
                                 0000558158c0 00 00 00 00 00 00 00 00 00 00 00 00 00 00 00 00
                                 0000558158d0 00 00 00 00 00 00 00 00 00 00 00 00 00 00 00 00
                                 0000558158e0 00 00 00 00 00 00 00 00 00 00 00 00 00 00 00 00
                                 0000558158f0 00 00 00 00 00 00 00 00 00 00 00 00 00 00 00 00
Threads[04]:
    Thread ID:                   000000000000036a
    Stack Region:                00000047947d4000-00000047948d4000
    Registers:
        X[00]:                   00000000000581fa
        X[01]:                   000000270dd58000
        X[02]:                   000000565aa27000
        X[03]:                   000000000098c000
        X[04]:                   0000000000000000
        X[05]:                   0000000000000000
        X[06]:                   0000000000000000
        X[07]:                   0000000000000000
        X[08]:                   0000000000000000
        X[09]:                   0000000000000000
        X[10]:                   0000000000000000
        X[11]:                   0000000000000000
        X[12]:                   0000000000000000
        X[13]:                   0000000000000000
        X[14]:                   0000000000000000
        X[15]:                   0000000000000000
        X[16]:                   0000000000000000
        X[17]:                   0000000000000000
        X[18]:                   0000000000000000
        X[19]:                   0000000000000000
        X[20]:                   0000000000000000
        X[21]:                   0000000000000000
        X[22]:                   0000000000000000
        X[23]:                   0000000000000000
        X[24]:                   0000000000000000
        X[25]:                   0000000000000000
        X[26]:                   0000000000000000
        X[27]:                   0000000000000000
        X[28]:                   0000000000000000
        FP:                      00000047948d3fa0
        LR:                      0000007f1a6009b4 (hbl + 0x9b4)
        SP:                      00000047948d3fa0
        PC:                      0000007f1a6075b4 (hbl + 0x75b4)
    Stack Trace:
        ReturnAddress[00]:       000000270dcc493c
        ReturnAddress[01]:       000000270dcb3b68
        ReturnAddress[02]:       000000270dd542b8
        ReturnAddress[03]:       000000270dd374b8
        ReturnAddress[04]:       000000270cdc3e00
        ReturnAddress[05]:       000000270cdc0380
        ReturnAddress[06]:       000000270dcb3da4
        ReturnAddress[07]:       000000270dc92ef8
        ReturnAddress[08]:       0000000000000000
    Stack Dump:                               00 01 02 03 04 05 06 07 08 09 0a 0b 0c 0d 0e 0f
                                 0047948d3f00 07 00 00 00 06 00 00 00 07 00 00 00 00 00 00 00
                                 0047948d3f10 10 3f 8d 94 47 00 00 00 10 3f 8d 94 47 00 00 00
                                 0047948d3f20 20 3f 8d 94 47 00 00 00 20 3f 8d 94 47 00 00 00
                                 0047948d3f30 01 00 00 00 01 00 00 00 07 00 00 00 00 00 00 00
                                 0047948d3f40 00 00 00 00 00 00 00 00 18 3d 8d 94 47 00 00 00
                                 0047948d3f50 10 00 00 00 00 00 00 00 00 00 00 00 00 00 00 00
                                 0047948d3f60 d0 3d 8d 94 47 00 00 00 28 3d 8d 94 47 00 00 00
                                 0047948d3f70 00 00 00 00 00 00 00 00 00 00 00 00 00 00 00 00
                                 0047948d3f80 00 00 00 00 00 00 00 00 00 00 00 00 00 00 00 00
                                 0047948d3f90 00 00 00 00 00 00 00 00 10 00 00 00 00 00 00 00
                                 0047948d3fa0 a0 4e 2f 9e 47 00 00 00 3c 49 cc 0d 27 00 00 00
                                 0047948d3fb0 08 00 00 00 00 00 00 00 00 62 e2 0d 27 00 00 00
                                 0047948d3fc0 e0 3d 8d 94 47 00 00 00 b0 b6 85 0e 27 00 00 00
                                 0047948d3fd0 00 00 00 00 00 00 00 00 00 00 00 00 00 00 00 00
                                 0047948d3fe0 10 a0 a2 6a 56 00 00 00 02 00 00 00 00 00 00 00
                                 0047948d3ff0 40 00 00 00 00 00 00 00 00 00 00 00 00 00 00 00
    TLS Address:                 0000000055815a00
    TLS Dump:                                 00 01 02 03 04 05 06 07 08 09 0a 0b 0c 0d 0e 0f
                                 000055815a00 02 00 00 00 00 00 00 00 00 00 00 00 00 00 00 00
                                 000055815a10 00 00 00 00 00 00 00 00 00 00 00 00 00 00 00 00
                                 000055815a20 53 46 43 4f 00 00 00 00 00 00 00 00 1a fe 79 d1
                                 000055815a30 00 00 00 00 00 00 00 00 03 00 00 00 00 00 00 00
                                 000055815a40 00 00 00 00 0b 00 00 00 00 00 00 00 00 00 00 00
                                 000055815a50 53 46 43 49 00 00 00 00 00 00 00 00 00 00 00 00
                                 000055815a60 01 00 00 00 00 00 00 00 00 00 00 00 00 00 00 00
                                 000055815a70 00 00 00 00 00 00 00 00 00 00 00 00 00 00 00 00
                                 000055815a80 00 00 00 00 00 00 00 00 00 00 00 00 00 00 00 00
                                 000055815a90 00 00 00 00 00 00 00 00 00 00 00 00 00 00 00 00
                                 000055815aa0 00 00 00 00 00 00 00 00 00 00 00 00 00 00 00 00
                                 000055815ab0 00 00 00 00 00 00 00 00 00 00 00 00 00 00 00 00
                                 000055815ac0 00 00 00 00 00 00 00 00 00 00 00 00 00 00 00 00
                                 000055815ad0 00 00 00 00 00 00 00 00 00 00 00 00 00 00 00 00
                                 000055815ae0 00 00 00 00 00 00 00 00 00 00 00 00 00 00 00 00
                                 000055815af0 00 00 00 00 00 00 00 00 00 00 00 00 00 00 00 00
