Atmosphère Crash Report (v1.7):
Result:                          0x1159 (2345-0008)

Process Info:
    Process Name:                hbloader
    Program ID:                  01006f8002326000
    Process ID:                  000000000000008e
    Process Flags:               00000077
    User Exception Address:      000000513f95c000
Exception Info:
    Type:                        User Break
    Address:                     0000001d63c27910
    Break Reason:                0x0
    Break Address:               0000000c9d5e21cc
    Break Size:                  0x4
Crashed Thread Info:
    Thread ID:                   00000000000002e4
    Stack Region:                0000000c9d4e3000-0000000c9d5e3000
    Registers:
        X[00]:                   0000000000000000
        X[01]:                   0000000c9d5e21cc
        X[02]:                   0000000000000004
        X[03]:                   0000000c9d5e24c0
        X[04]:                   0000000c9d5e2520
        X[05]:                   0000000000000004
        X[06]:                   0000000c50b0fff9
        X[07]:                   000000000000003f
        X[08]:                   0000000000000000
        X[09]:                   0000000000000000
        X[10]:                   0000000000000000
        X[11]:                   0000000000000000
        X[12]:                   0000000000000000
        X[13]:                   0000000000000000
        X[14]:                   0000000000000000
        X[15]:                   0000000000000000
        X[16]:                   0000000000000000
        X[17]:                   0000000000000000
        X[18]:                   0000000000000000
        X[19]:                   0000000000000000
        X[20]:                   0000000000000000
        X[21]:                   0000000000000000
        X[22]:                   0000000000000000
        X[23]:                   0000000000000000
        X[24]:                   0000000000000000
        X[25]:                   0000000000000000
        X[26]:                   0000000000000000
        X[27]:                   0000000000000000
        X[28]:                   0000000000000000
        FP:                      0000000c9d5e21b0
        LR:                      0000001d63c1e62c
        SP:                      0000000c9d5e21b0
        PC:                      0000001d63c2790c
    Stack Trace:
        ReturnAddress[00]:       0000001d63c0ab48
        ReturnAddress[01]:       0000001d613392e4
        ReturnAddress[02]:       0000001d61e2c1fc
        ReturnAddress[03]:       0000002d99fe7f04 ([00000000] + 0x45f04)
        ReturnAddress[04]:       0000002d9a013874 ([00000000] + 0x71874)
        ReturnAddress[05]:       0000001d61e27210
        ReturnAddress[06]:       0000001d61e26ea4
        ReturnAddress[07]:       0000001d61793928
        ReturnAddress[08]:       0000001d612ecb00
        ReturnAddress[09]:       0000001d63c2f93c
        ReturnAddress[10]:       0000001d63c1eb68
        ReturnAddress[11]:       0000001d63cbf2b8
        ReturnAddress[12]:       0000001d63ca24b8
        ReturnAddress[13]:       0000001d62d2ee00
        ReturnAddress[14]:       0000001d62d2b380
        ReturnAddress[15]:       0000001d63c1eda4
        ReturnAddress[16]:       0000001d63bfdef8
        ReturnAddress[17]:       0000000000000000
    Stack Dump:                               00 01 02 03 04 05 06 07 08 09 0a 0b 0c 0d 0e 0f
                                 000c9d5e21b0 d0 21 5e 9d 0c 00 00 00 48 ab c0 63 1d 00 00 00
                                 000c9d5e21c0 00 00 00 00 00 00 00 00 00 00 00 00 59 11 00 00
                                 000c9d5e21d0 f0 21 5e 9d 0c 00 00 00 e4 92 33 61 1d 00 00 00
                                 000c9d5e21e0 00 20 67 9a 03 00 00 00 d0 d1 72 a3 03 00 00 00
                                 000c9d5e21f0 40 25 5e 9d 0c 00 00 00 fc c1 e2 61 1d 00 00 00
                                 000c9d5e2200 c0 b4 72 a3 03 00 00 00 d0 d1 72 a3 03 00 00 00
                                 000c9d5e2210 03 00 00 00 00 00 00 00 05 00 00 00 00 00 00 00
                                 000c9d5e2220 00 00 00 00 00 00 00 00 00 00 00 00 00 00 00 00
                                 000c9d5e2230 00 00 00 00 00 00 00 00 00 00 00 00 00 00 00 00
                                 000c9d5e2240 00 00 00 00 00 00 00 00 00 00 00 00 00 00 00 00
                                 000c9d5e2250 00 00 00 00 00 00 00 00 00 00 00 00 00 00 00 00
                                 000c9d5e2260 00 00 00 00 00 00 00 00 00 00 00 00 00 00 00 00
                                 000c9d5e2270 00 00 00 00 00 00 00 00 00 00 00 00 00 00 00 00
                                 000c9d5e2280 28 25 5e 9d 0c 00 00 00 00 00 00 00 00 00 00 00
                                 000c9d5e2290 00 00 00 00 00 00 00 00 00 00 00 00 00 00 00 00
                                 000c9d5e22a0 00 00 00 00 00 00 00 00 00 00 00 00 00 00 00 00
    TLS Address:                 000000513f95c200
    TLS Dump:                                 00 01 02 03 04 05 06 07 08 09 0a 0b 0c 0d 0e 0f
                                 00513f95c200 04 00 00 00 0c 00 00 00 00 00 00 00 00 00 00 00
                                 00513f95c210 01 00 10 00 39 00 00 00 00 00 00 00 00 00 00 00
                                 00513f95c220 53 46 43 49 00 00 00 00 68 00 00 00 00 00 00 00
                                 00513f95c230 22 00 00 00 00 00 00 00 00 00 00 00 00 00 00 00
                                 00513f95c240 03 00 63 01 06 41 28 c0 0b 00 00 00 00 00 00 00
                                 00513f95c250 28 00 63 01 40 04 5e 9d 0c 00 28 00 00 00 00 00
                                 00513f95c260 00 00 00 00 18 00 00 00 28 04 5e 9d 0c 00 18 00
                                 00513f95c270 21 00 00 00 00 00 00 00 8e 00 00 00 00 00 00 00
                                 00513f95c280 00 00 00 00 00 00 00 00 00 00 00 00 00 00 00 00
                                 00513f95c290 00 00 00 00 00 00 00 00 00 00 00 00 00 00 00 00
                                 00513f95c2a0 00 00 00 00 00 00 00 00 00 00 00 00 00 00 00 00
                                 00513f95c2b0 00 00 00 00 00 00 00 00 00 00 00 00 00 00 00 00
                                 00513f95c2c0 00 00 00 00 00 00 00 00 00 00 00 00 00 00 00 00
                                 00513f95c2d0 00 00 00 00 00 00 00 00 00 00 00 00 00 00 00 00
                                 00513f95c2e0 00 00 00 00 00 00 00 00 00 00 00 00 00 00 00 00
                                 00513f95c2f0 00 00 00 00 00 00 00 00 00 00 00 00 00 00 00 00
Module Info:
    Number of Modules:           02
    Module 00:
        Address:                 0000002d99fa2000-0000002da1fa2000
        Name:                    [00000000]
        Module Id:               0000000000000000000000000000000000000000000000000000000000000000
    Module 01:
        Address:                 00000036f3800000-00000036f380b000
        Name:                    hbl
        Module Id:               A48F084FBD81E89BDB7BB8504C5F146E7466933E000000000000000000000000
Thread Report:
Number of Threads:               05
Threads[00]:
    Thread ID:                   00000000000002e4
    Stack Region:                0000000c9d4e3000-0000000c9d5e3000
    Registers:
        X[00]:                   0000000000000000
        X[01]:                   0000000c9d5e21cc
        X[02]:                   0000000000000004
        X[03]:                   0000000c9d5e24c0
        X[04]:                   0000000c9d5e2520
        X[05]:                   0000000000000004
        X[06]:                   0000000c50b0fff9
        X[07]:                   000000000000003f
        X[08]:                   0000000000000000
        X[09]:                   0000000000000000
        X[10]:                   0000000000000000
        X[11]:                   0000000000000000
        X[12]:                   0000000000000000
        X[13]:                   0000000000000000
        X[14]:                   0000000000000000
        X[15]:                   0000000000000000
        X[16]:                   0000000000000000
        X[17]:                   0000000000000000
        X[18]:                   0000000000000000
        X[19]:                   0000000000000000
        X[20]:                   0000000000000000
        X[21]:                   0000000000000000
        X[22]:                   0000000000000000
        X[23]:                   0000000000000000
        X[24]:                   0000000000000000
        X[25]:                   0000000000000000
        X[26]:                   0000000000000000
        X[27]:                   0000000000000000
        X[28]:                   0000000000000000
        FP:                      0000000c9d5e21b0
        LR:                      0000001d63c1e62c
        SP:                      0000000c9d5e21b0
        PC:                      0000001d63c2790c
    Stack Trace:
        ReturnAddress[00]:       0000001d63c0ab48
        ReturnAddress[01]:       0000001d613392e4
        ReturnAddress[02]:       0000001d61e2c1fc
        ReturnAddress[03]:       0000002d99fe7f04 ([00000000] + 0x45f04)
        ReturnAddress[04]:       0000002d9a013874 ([00000000] + 0x71874)
        ReturnAddress[05]:       0000001d61e27210
        ReturnAddress[06]:       0000001d61e26ea4
        ReturnAddress[07]:       0000001d61793928
        ReturnAddress[08]:       0000001d612ecb00
        ReturnAddress[09]:       0000001d63c2f93c
        ReturnAddress[10]:       0000001d63c1eb68
        ReturnAddress[11]:       0000001d63cbf2b8
        ReturnAddress[12]:       0000001d63ca24b8
        ReturnAddress[13]:       0000001d62d2ee00
        ReturnAddress[14]:       0000001d62d2b380
        ReturnAddress[15]:       0000001d63c1eda4
        ReturnAddress[16]:       0000001d63bfdef8
        ReturnAddress[17]:       0000000000000000
    Stack Dump:                               00 01 02 03 04 05 06 07 08 09 0a 0b 0c 0d 0e 0f
                                 000c9d5e21b0 d0 21 5e 9d 0c 00 00 00 48 ab c0 63 1d 00 00 00
                                 000c9d5e21c0 00 00 00 00 00 00 00 00 00 00 00 00 59 11 00 00
                                 000c9d5e21d0 f0 21 5e 9d 0c 00 00 00 e4 92 33 61 1d 00 00 00
                                 000c9d5e21e0 00 20 67 9a 03 00 00 00 d0 d1 72 a3 03 00 00 00
                                 000c9d5e21f0 40 25 5e 9d 0c 00 00 00 fc c1 e2 61 1d 00 00 00
                                 000c9d5e2200 c0 b4 72 a3 03 00 00 00 d0 d1 72 a3 03 00 00 00
                                 000c9d5e2210 03 00 00 00 00 00 00 00 05 00 00 00 00 00 00 00
                                 000c9d5e2220 00 00 00 00 00 00 00 00 00 00 00 00 00 00 00 00
                                 000c9d5e2230 00 00 00 00 00 00 00 00 00 00 00 00 00 00 00 00
                                 000c9d5e2240 00 00 00 00 00 00 00 00 00 00 00 00 00 00 00 00
                                 000c9d5e2250 00 00 00 00 00 00 00 00 00 00 00 00 00 00 00 00
                                 000c9d5e2260 00 00 00 00 00 00 00 00 00 00 00 00 00 00 00 00
                                 000c9d5e2270 00 00 00 00 00 00 00 00 00 00 00 00 00 00 00 00
                                 000c9d5e2280 28 25 5e 9d 0c 00 00 00 00 00 00 00 00 00 00 00
                                 000c9d5e2290 00 00 00 00 00 00 00 00 00 00 00 00 00 00 00 00
                                 000c9d5e22a0 00 00 00 00 00 00 00 00 00 00 00 00 00 00 00 00
    TLS Address:                 000000513f95c200
    TLS Dump:                                 00 01 02 03 04 05 06 07 08 09 0a 0b 0c 0d 0e 0f
                                 00513f95c200 04 00 00 00 0c 00 00 00 00 00 00 00 00 00 00 00
                                 00513f95c210 01 00 10 00 39 00 00 00 00 00 00 00 00 00 00 00
                                 00513f95c220 53 46 43 49 00 00 00 00 68 00 00 00 00 00 00 00
                                 00513f95c230 22 00 00 00 00 00 00 00 00 00 00 00 00 00 00 00
                                 00513f95c240 03 00 63 01 06 41 28 c0 0b 00 00 00 00 00 00 00
                                 00513f95c250 28 00 63 01 40 04 5e 9d 0c 00 28 00 00 00 00 00
                                 00513f95c260 00 00 00 00 18 00 00 00 28 04 5e 9d 0c 00 18 00
                                 00513f95c270 21 00 00 00 00 00 00 00 8e 00 00 00 00 00 00 00
                                 00513f95c280 00 00 00 00 00 00 00 00 00 00 00 00 00 00 00 00
                                 00513f95c290 00 00 00 00 00 00 00 00 00 00 00 00 00 00 00 00
                                 00513f95c2a0 00 00 00 00 00 00 00 00 00 00 00 00 00 00 00 00
                                 00513f95c2b0 00 00 00 00 00 00 00 00 00 00 00 00 00 00 00 00
                                 00513f95c2c0 00 00 00 00 00 00 00 00 00 00 00 00 00 00 00 00
                                 00513f95c2d0 00 00 00 00 00 00 00 00 00 00 00 00 00 00 00 00
                                 00513f95c2e0 00 00 00 00 00 00 00 00 00 00 00 00 00 00 00 00
                                 00513f95c2f0 00 00 00 00 00 00 00 00 00 00 00 00 00 00 00 00
Threads[01]:
    Thread ID:                   000000000000030d
    Stack Region:                0000000cba1d8000-0000000cba2d9000
    Registers:
        X[00]:                   0000001d647c6684
        X[01]:                   0000001d647c6678
        X[02]:                   00000000005281d4
        X[03]:                   ffffffffffffffff
        X[04]:                   0000001d647c6684
        X[05]:                   0000000000000000
        X[06]:                   0000000000000000
        X[07]:                   0000000000000000
        X[08]:                   0000000000000000
        X[09]:                   0000000000000000
        X[10]:                   0000000000000000
        X[11]:                   0000000000000000
        X[12]:                   0000000000000000
        X[13]:                   0000000000000000
        X[14]:                   0000000000000000
        X[15]:                   0000000000000000
        X[16]:                   0000000000000000
        X[17]:                   0000000000000000
        X[18]:                   0000000000000000
        X[19]:                   0000000000000000
        X[20]:                   0000000000000000
        X[21]:                   0000000000000000
        X[22]:                   0000000000000000
        X[23]:                   0000000000000000
        X[24]:                   0000000000000000
        X[25]:                   0000000000000000
        X[26]:                   0000000000000000
        X[27]:                   0000000000000000
        X[28]:                   0000000000000000
        FP:                      0000000cba2d7ec0
        LR:                      0000001d63c279ac
        SP:                      0000000cba2d7ec0
        PC:                      0000001d63c278e0
    Stack Trace:
        ReturnAddress[00]:       0000001d63c1ec7c
        ReturnAddress[01]:       0000001d62d3720c
        ReturnAddress[02]:       0000001d62d2b3c8
        ReturnAddress[03]:       0000001d63c1eda4
        ReturnAddress[04]:       0000001d63bfdef8
        ReturnAddress[05]:       0000000000000000
    Stack Dump:                               00 01 02 03 04 05 06 07 08 09 0a 0b 0c 0d 0e 0f
                                 000cba2d7ec0 f0 7e 2d ba 0c 00 00 00 7c ec c1 63 1d 00 00 00
                                 000cba2d7ed0 90 66 7c 64 1d 00 00 00 c0 85 2d ba 0c 00 00 00
                                 000cba2d7ee0 10 7f 2d ba 0c 00 00 00 80 b3 d2 62 1d 00 00 00
                                 000cba2d7ef0 00 7f 2d ba 0c 00 00 00 0c 72 d3 62 1d 00 00 00
                                 000cba2d7f00 10 7f 2d ba 0c 00 00 00 c8 b3 d2 62 1d 00 00 00
                                 000cba2d7f10 70 7f 2d ba 0c 00 00 00 a4 ed c1 63 1d 00 00 00
                                 000cba2d7f20 f0 1b 5e 9d 0c 00 00 00 80 c5 95 3f 51 00 00 00
                                 000cba2d7f30 a4 b2 d2 62 1d 00 00 00 10 1d 5e 9d 0c 00 00 00
                                 000cba2d7f40 00 00 00 00 00 00 00 00 00 00 00 00 00 00 00 00
                                 000cba2d7f50 00 00 00 00 00 00 00 00 00 00 00 00 00 00 00 00
                                 000cba2d7f60 00 00 00 00 00 00 00 00 9c ed c1 63 1d 00 00 00
                                 000cba2d7f70 a0 7f 2d ba 0c 00 00 00 f8 de bf 63 1d 00 00 00
                                 000cba2d7f80 d0 7f 2d ba 0c 00 00 00 80 c5 95 3f 51 00 00 00
                                 000cba2d7f90 00 60 c6 65 1d 00 00 00 00 00 00 00 00 00 00 00
                                 000cba2d7fa0 00 00 00 00 00 00 00 00 00 00 00 00 00 00 00 00
                                 000cba2d7fb0 00 00 00 00 00 00 00 00 00 00 00 00 00 00 00 00
    TLS Address:                 000000513f95c400
    TLS Dump:                                 00 01 02 03 04 05 06 07 08 09 0a 0b 0c 0d 0e 0f
                                 00513f95c400 00 00 00 00 0a 08 e0 03 00 00 00 00 00 00 00 00
                                 00513f95c410 53 46 43 4f 00 00 00 00 00 00 00 00 91 ab e3 ac
                                 00513f95c420 01 00 00 00 00 00 00 00 00 00 00 00 00 00 00 00
                                 00513f95c430 05 00 00 00 00 00 00 00 00 00 00 00 00 00 00 00
                                 00513f95c440 00 00 00 00 00 00 00 00 00 00 00 00 00 00 00 00
                                 00513f95c450 00 04 00 00 00 00 00 00 00 00 00 00 00 00 00 00
                                 00513f95c460 00 00 00 00 00 00 00 00 00 00 00 00 00 00 00 00
                                 00513f95c470 00 00 00 00 00 00 00 00 00 00 00 00 00 00 00 00
                                 00513f95c480 00 00 00 00 00 00 00 00 00 00 00 00 00 00 00 00
                                 00513f95c490 00 00 00 00 00 00 00 00 00 00 00 00 00 00 00 00
                                 00513f95c4a0 00 00 00 00 00 00 00 00 00 00 00 00 00 00 00 00
                                 00513f95c4b0 00 00 00 00 00 00 00 00 00 00 00 00 00 00 00 00
                                 00513f95c4c0 00 00 00 00 00 00 00 00 00 00 00 00 00 00 00 00
                                 00513f95c4d0 00 00 00 00 00 00 00 00 00 00 00 00 00 00 00 00
                                 00513f95c4e0 00 00 00 00 00 00 00 00 00 00 00 00 00 00 00 00
                                 00513f95c4f0 00 00 00 00 00 00 00 00 00 00 00 00 00 00 00 00
Threads[02]:
    Thread ID:                   000000000000030e
    Stack Region:                0000000c97f32000-0000000c98033000
    Registers:
        X[00]:                   0000001d647c6684
        X[01]:                   0000001d647c6678
        X[02]:                   00000000005301d5
        X[03]:                   ffffffffffffffff
        X[04]:                   0000001d647c6684
        X[05]:                   0000000000000000
        X[06]:                   0000000000000000
        X[07]:                   0000000000000000
        X[08]:                   0000000000000000
        X[09]:                   0000000000000000
        X[10]:                   0000000000000000
        X[11]:                   0000000000000000
        X[12]:                   0000000000000000
        X[13]:                   0000000000000000
        X[14]:                   0000000000000000
        X[15]:                   0000000000000000
        X[16]:                   0000000000000000
        X[17]:                   0000000000000000
        X[18]:                   0000000000000000
        X[19]:                   0000000000000000
        X[20]:                   0000000000000000
        X[21]:                   0000000000000000
        X[22]:                   0000000000000000
        X[23]:                   0000000000000000
        X[24]:                   0000000000000000
        X[25]:                   0000000000000000
        X[26]:                   0000000000000000
        X[27]:                   0000000000000000
        X[28]:                   0000000000000000
        FP:                      0000000c98031ec0
        LR:                      0000001d63c279ac
        SP:                      0000000c98031ec0
        PC:                      0000001d63c278e0
    Stack Trace:
        ReturnAddress[00]:       0000001d63c1ec7c
        ReturnAddress[01]:       0000001d62d3720c
        ReturnAddress[02]:       0000001d62d2b3c8
        ReturnAddress[03]:       0000001d63c1eda4
        ReturnAddress[04]:       0000001d63bfdef8
        ReturnAddress[05]:       0000000000000000
    Stack Dump:                               00 01 02 03 04 05 06 07 08 09 0a 0b 0c 0d 0e 0f
                                 000c98031ec0 f0 1e 03 98 0c 00 00 00 7c ec c1 63 1d 00 00 00
                                 000c98031ed0 90 66 7c 64 1d 00 00 00 c0 25 03 98 0c 00 00 00
                                 000c98031ee0 10 1f 03 98 0c 00 00 00 80 b3 d2 62 1d 00 00 00
                                 000c98031ef0 00 1f 03 98 0c 00 00 00 0c 72 d3 62 1d 00 00 00
                                 000c98031f00 10 1f 03 98 0c 00 00 00 c8 b3 d2 62 1d 00 00 00
                                 000c98031f10 70 1f 03 98 0c 00 00 00 a4 ed c1 63 1d 00 00 00
                                 000c98031f20 f0 1b 5e 9d 0c 00 00 00 80 c7 95 3f 51 00 00 00
                                 000c98031f30 a4 b2 d2 62 1d 00 00 00 10 1d 5e 9d 0c 00 00 00
                                 000c98031f40 00 00 00 00 00 00 00 00 00 00 00 00 00 00 00 00
                                 000c98031f50 00 00 00 00 00 00 00 00 00 00 00 00 00 00 00 00
                                 000c98031f60 00 00 00 00 00 00 00 00 9c ed c1 63 1d 00 00 00
                                 000c98031f70 a0 1f 03 98 0c 00 00 00 f8 de bf 63 1d 00 00 00
                                 000c98031f80 d0 1f 03 98 0c 00 00 00 80 c7 95 3f 51 00 00 00
                                 000c98031f90 00 60 c6 65 1d 00 00 00 00 00 00 00 00 00 00 00
                                 000c98031fa0 00 00 00 00 00 00 00 00 00 00 00 00 00 00 00 00
                                 000c98031fb0 00 00 00 00 00 00 00 00 00 00 00 00 00 00 00 00
    TLS Address:                 000000513f95c600
    TLS Dump:                                 00 01 02 03 04 05 06 07 08 09 0a 0b 0c 0d 0e 0f
                                 00513f95c600 00 00 00 00 0a 08 e0 03 00 00 00 00 00 00 00 00
                                 00513f95c610 53 46 43 4f 00 00 00 00 00 00 00 00 91 ab e3 ac
                                 00513f95c620 01 00 00 00 00 00 00 00 00 00 00 00 00 00 00 00
                                 00513f95c630 05 00 00 00 00 00 00 30 00 10 00 00 20 88 7d ad
                                 00513f95c640 00 00 00 30 00 00 00 00 00 00 00 00 00 00 00 00
                                 00513f95c650 53 46 43 49 00 00 00 00 06 00 00 00 00 00 00 00
                                 00513f95c660 01 00 00 00 00 00 00 00 00 00 00 00 00 00 00 00
                                 00513f95c670 00 00 00 00 00 00 00 00 00 00 00 00 00 00 00 00
                                 00513f95c680 00 00 00 00 00 00 00 00 00 00 00 00 00 00 00 00
                                 00513f95c690 00 00 00 00 00 00 00 00 00 00 00 00 00 00 00 00
                                 00513f95c6a0 00 00 00 00 00 00 00 00 00 00 00 00 00 00 00 00
                                 00513f95c6b0 00 00 00 00 00 00 00 00 00 00 00 00 00 00 00 00
                                 00513f95c6c0 00 00 00 00 00 00 00 00 00 00 00 00 00 00 00 00
                                 00513f95c6d0 00 00 00 00 00 00 00 00 00 00 00 00 00 00 00 00
                                 00513f95c6e0 00 00 00 00 00 00 00 00 00 00 00 00 00 00 00 00
                                 00513f95c6f0 00 00 00 00 00 00 00 00 00 00 00 00 00 00 00 00
Threads[03]:
    Thread ID:                   000000000000030f
    Stack Region:                0000000ca0cc0000-0000000ca0dc1000
    Registers:
        X[00]:                   0000001d647c6684
        X[01]:                   0000001d647c6678
        X[02]:                   00000000005381d3
        X[03]:                   ffffffffffffffff
        X[04]:                   0000001d647c6684
        X[05]:                   0000000000000000
        X[06]:                   0000000000000000
        X[07]:                   0000000000000000
        X[08]:                   0000000000000000
        X[09]:                   0000000000000000
        X[10]:                   0000000000000000
        X[11]:                   0000000000000000
        X[12]:                   0000000000000000
        X[13]:                   0000000000000000
        X[14]:                   0000000000000000
        X[15]:                   0000000000000000
        X[16]:                   0000000000000000
        X[17]:                   0000000000000000
        X[18]:                   0000000000000000
        X[19]:                   0000000000000000
        X[20]:                   0000000000000000
        X[21]:                   0000000000000000
        X[22]:                   0000000000000000
        X[23]:                   0000000000000000
        X[24]:                   0000000000000000
        X[25]:                   0000000000000000
        X[26]:                   0000000000000000
        X[27]:                   0000000000000000
        X[28]:                   0000000000000000
        FP:                      0000000ca0dbfec0
        LR:                      0000001d63c279ac
        SP:                      0000000ca0dbfec0
        PC:                      0000001d63c278e0
    Stack Trace:
        ReturnAddress[00]:       0000001d63c1ec7c
        ReturnAddress[01]:       0000001d62d3720c
        ReturnAddress[02]:       0000001d62d2b3c8
        ReturnAddress[03]:       0000001d63c1eda4
        ReturnAddress[04]:       0000001d63bfdef8
        ReturnAddress[05]:       0000000000000000
    Stack Dump:                               00 01 02 03 04 05 06 07 08 09 0a 0b 0c 0d 0e 0f
                                 000ca0dbfec0 f0 fe db a0 0c 00 00 00 7c ec c1 63 1d 00 00 00
                                 000ca0dbfed0 90 66 7c 64 1d 00 00 00 c0 05 dc a0 0c 00 00 00
                                 000ca0dbfee0 10 ff db a0 0c 00 00 00 80 b3 d2 62 1d 00 00 00
                                 000ca0dbfef0 00 ff db a0 0c 00 00 00 0c 72 d3 62 1d 00 00 00
                                 000ca0dbff00 10 ff db a0 0c 00 00 00 c8 b3 d2 62 1d 00 00 00
                                 000ca0dbff10 70 ff db a0 0c 00 00 00 a4 ed c1 63 1d 00 00 00
                                 000ca0dbff20 f0 1b 5e 9d 0c 00 00 00 80 c9 95 3f 51 00 00 00
                                 000ca0dbff30 a4 b2 d2 62 1d 00 00 00 10 1d 5e 9d 0c 00 00 00
                                 000ca0dbff40 00 00 00 00 00 00 00 00 00 00 00 00 00 00 00 00
                                 000ca0dbff50 00 00 00 00 00 00 00 00 00 00 00 00 00 00 00 00
                                 000ca0dbff60 00 00 00 00 00 00 00 00 9c ed c1 63 1d 00 00 00
                                 000ca0dbff70 a0 ff db a0 0c 00 00 00 f8 de bf 63 1d 00 00 00
                                 000ca0dbff80 d0 ff db a0 0c 00 00 00 80 c9 95 3f 51 00 00 00
                                 000ca0dbff90 00 60 c6 65 1d 00 00 00 00 00 00 00 00 00 00 00
                                 000ca0dbffa0 00 00 00 00 00 00 00 00 00 00 00 00 00 00 00 00
                                 000ca0dbffb0 00 00 00 00 00 00 00 00 00 00 00 00 00 00 00 00
    TLS Address:                 000000513f95c800
    TLS Dump:                                 00 01 02 03 04 05 06 07 08 09 0a 0b 0c 0d 0e 0f
                                 00513f95c800 00 00 00 00 0a 08 e0 03 00 00 00 00 00 00 00 00
                                 00513f95c810 53 46 43 4f 00 00 00 00 00 00 00 00 91 ab e3 ac
                                 00513f95c820 01 00 00 00 00 00 00 00 00 00 00 00 00 00 00 00
                                 00513f95c830 05 00 00 00 00 00 00 30 00 10 00 00 a0 4d 59 ac
                                 00513f95c840 00 00 00 30 00 00 00 00 00 00 00 00 00 00 00 00
                                 00513f95c850 53 46 43 49 00 00 00 00 06 00 00 00 00 00 00 00
                                 00513f95c860 01 00 00 00 00 00 00 00 00 00 00 00 00 00 00 00
                                 00513f95c870 00 00 00 00 00 00 00 00 00 00 00 00 00 00 00 00
                                 00513f95c880 00 00 00 00 00 00 00 00 00 00 00 00 00 00 00 00
                                 00513f95c890 00 00 00 00 00 00 00 00 00 00 00 00 00 00 00 00
                                 00513f95c8a0 00 00 00 00 00 00 00 00 00 00 00 00 00 00 00 00
                                 00513f95c8b0 00 00 00 00 00 00 00 00 00 00 00 00 00 00 00 00
                                 00513f95c8c0 00 00 00 00 00 00 00 00 00 00 00 00 00 00 00 00
                                 00513f95c8d0 00 00 00 00 00 00 00 00 00 00 00 00 00 00 00 00
                                 00513f95c8e0 00 00 00 00 00 00 00 00 00 00 00 00 00 00 00 00
                                 00513f95c8f0 00 00 00 00 00 00 00 00 00 00 00 00 00 00 00 00
Threads[04]:
    Thread ID:                   0000000000000310
    Stack Region:                0000000c9d4e3000-0000000c9d5e3000
    Registers:
        X[00]:                   00000000000581fa
        X[01]:                   0000001d63cc3000
        X[02]:                   0000000396227000
        X[03]:                   000000000098c000
        X[04]:                   0000000000000000
        X[05]:                   0000000000000000
        X[06]:                   0000000000000000
        X[07]:                   0000000000000000
        X[08]:                   0000000000000000
        X[09]:                   0000000000000000
        X[10]:                   0000000000000000
        X[11]:                   0000000000000000
        X[12]:                   0000000000000000
        X[13]:                   0000000000000000
        X[14]:                   0000000000000000
        X[15]:                   0000000000000000
        X[16]:                   0000000000000000
        X[17]:                   0000000000000000
        X[18]:                   0000000000000000
        X[19]:                   0000000000000000
        X[20]:                   0000000000000000
        X[21]:                   0000000000000000
        X[22]:                   0000000000000000
        X[23]:                   0000000000000000
        X[24]:                   0000000000000000
        X[25]:                   0000000000000000
        X[26]:                   0000000000000000
        X[27]:                   0000000000000000
        X[28]:                   0000000000000000
        FP:                      0000000c9d5e2fa0
        LR:                      00000036f38009b4 (hbl + 0x9b4)
        SP:                      0000000c9d5e2fa0
        PC:                      00000036f38075b4 (hbl + 0x75b4)
    Stack Trace:
        ReturnAddress[00]:       0000001d63c2f93c
        ReturnAddress[01]:       0000001d63c1eb68
        ReturnAddress[02]:       0000001d63cbf2b8
        ReturnAddress[03]:       0000001d63ca24b8
        ReturnAddress[04]:       0000001d62d2ee00
        ReturnAddress[05]:       0000001d62d2b380
        ReturnAddress[06]:       0000001d63c1eda4
        ReturnAddress[07]:       0000001d63bfdef8
        ReturnAddress[08]:       0000000000000000
    Stack Dump:                               00 01 02 03 04 05 06 07 08 09 0a 0b 0c 0d 0e 0f
                                 000c9d5e2f00 07 00 00 00 06 00 00 00 07 00 00 00 00 00 00 00
                                 000c9d5e2f10 10 2f 5e 9d 0c 00 00 00 10 2f 5e 9d 0c 00 00 00
                                 000c9d5e2f20 20 2f 5e 9d 0c 00 00 00 20 2f 5e 9d 0c 00 00 00
                                 000c9d5e2f30 01 00 00 00 01 00 00 00 07 00 00 00 00 00 00 00
                                 000c9d5e2f40 00 00 00 00 00 00 00 00 18 2d 5e 9d 0c 00 00 00
                                 000c9d5e2f50 10 00 00 00 00 00 00 00 00 00 00 00 00 00 00 00
                                 000c9d5e2f60 d0 2d 5e 9d 0c 00 00 00 28 2d 5e 9d 0c 00 00 00
                                 000c9d5e2f70 00 00 00 00 00 00 00 00 00 00 00 00 00 00 00 00
                                 000c9d5e2f80 00 00 00 00 00 00 00 00 00 00 00 00 00 00 00 00
                                 000c9d5e2f90 00 00 00 00 00 00 00 00 10 00 00 00 00 00 00 00
                                 000c9d5e2fa0 a0 9e 01 a8 0c 00 00 00 3c f9 c2 63 1d 00 00 00
                                 000c9d5e2fb0 08 00 00 00 00 00 00 00 80 11 d9 63 1d 00 00 00
                                 000c9d5e2fc0 e0 2d 5e 9d 0c 00 00 00 b0 66 7c 64 1d 00 00 00
                                 000c9d5e2fd0 00 00 00 00 00 00 00 00 00 00 00 00 00 00 00 00
                                 000c9d5e2fe0 a0 90 22 a6 03 00 00 00 02 00 00 00 00 00 00 00
                                 000c9d5e2ff0 40 00 00 00 00 00 00 00 00 00 00 00 00 00 00 00
    TLS Address:                 000000513f95ca00
    TLS Dump:                                 00 01 02 03 04 05 06 07 08 09 0a 0b 0c 0d 0e 0f
                                 00513f95ca00 02 00 00 00 00 00 00 00 00 00 00 00 00 00 00 00
                                 00513f95ca10 00 00 00 00 00 00 00 00 00 00 00 00 00 00 00 00
                                 00513f95ca20 53 46 43 4f 00 00 00 00 00 00 00 00 1a fe 79 d1
                                 00513f95ca30 00 00 00 00 00 00 00 00 03 00 00 00 00 00 00 00
                                 00513f95ca40 00 00 00 00 0b 00 00 00 00 00 00 00 00 00 00 00
                                 00513f95ca50 53 46 43 49 00 00 00 00 00 00 00 00 00 00 00 00
                                 00513f95ca60 01 00 00 00 00 00 00 00 00 00 00 00 00 00 00 00
                                 00513f95ca70 00 00 00 00 00 00 00 00 00 00 00 00 00 00 00 00
                                 00513f95ca80 00 00 00 00 00 00 00 00 00 00 00 00 00 00 00 00
                                 00513f95ca90 00 00 00 00 00 00 00 00 00 00 00 00 00 00 00 00
                                 00513f95caa0 00 00 00 00 00 00 00 00 00 00 00 00 00 00 00 00
                                 00513f95cab0 00 00 00 00 00 00 00 00 00 00 00 00 00 00 00 00
                                 00513f95cac0 00 00 00 00 00 00 00 00 00 00 00 00 00 00 00 00
                                 00513f95cad0 00 00 00 00 00 00 00 00 00 00 00 00 00 00 00 00
                                 00513f95cae0 00 00 00 00 00 00 00 00 00 00 00 00 00 00 00 00
                                 00513f95caf0 00 00 00 00 00 00 00 00 00 00 00 00 00 00 00 00
