Atmosphère Crash Report (v1.7):
Result:                          0x4A8 (2168-0002)

Process Info:
    Process Name:                hbloader
    Program ID:                  01006f8002326000
    Process ID:                  0000000000000091
    Process Flags:               00000077
    User Exception Address:      0000004f3458a000
Exception Info:
    Type:                        Data Abort
    Address:                     fffffff6d51e9c8b
    Fault Address:               0000000000000000
Crashed Thread Info:
    Thread ID:                   0000000000000454
    Stack Region:                0000005f44374000-0000005f44395000
    Registers:
        X[00]:                   fffffff6d51e9c8b
        X[01]:                   0000002deda86300 (ftpd + 0x82300)
        X[02]:                   00000000013901d3
        X[03]:                   0000000000000000
        X[04]:                   0000000000000000
        X[05]:                   00000000ff7b4ffe
        X[06]:                   0000000000000031
        X[07]:                   0000002f1a439ee0
        X[08]:                   0000000000000000
        X[09]:                   0000000000000000
        X[10]:                   0000000000000000
        X[11]:                   0000000000000000
        X[12]:                   0000000000000000
        X[13]:                   0000000000000000
        X[14]:                   0000000000000000
        X[15]:                   0000000000000000
        X[16]:                   0000000000000000
        X[17]:                   0000000000000000
        X[18]:                   0000000044393ac0
        X[19]:                   0000000000000000
        X[20]:                   fffffff6d51e9c8b
        X[21]:                   0000002f1a439ea0
        X[22]:                   0000002dedaea2f8
        X[23]:                   0000000000000000
        X[24]:                   0000000000000000
        X[25]:                   0000000000000000
        X[26]:                   0000000000000000
        X[27]:                   0000000000000000
        X[28]:                   0000000000000000
        FP:                      0000005f44393f30
        LR:                      0000002deda83c9c (ftpd + 0x7fc9c)
        SP:                      0000005f44393f30
        PC:                      0000002deda86314 (ftpd + 0x82314)
    Stack Trace:
        ReturnAddress[00]:       0000002deda83c9c (ftpd + 0x7fc9c)
        ReturnAddress[01]:       0000002deda82b44 (ftpd + 0x7eb44)
        ReturnAddress[02]:       0000002deda83d6c (ftpd + 0x7fd6c)
        ReturnAddress[03]:       0000000000000000
    Stack Dump:                               00 01 02 03 04 05 06 07 08 09 0a 0b 0c 0d 0e 0f
                                 005f44393f30 50 3f 39 44 5f 00 00 00 9c 3c a8 ed 2d 00 00 00
                                 005f44393f40 00 00 00 00 00 00 00 00 01 00 00 00 00 00 00 00
                                 005f44393f50 80 3f 39 44 5f 00 00 00 44 2b a8 ed 2d 00 00 00
                                 005f44393f60 00 00 00 00 00 00 00 00 08 a5 58 34 4f 00 00 00
                                 005f44393f70 00 a0 ae ed 2d 00 00 00 00 00 00 00 00 00 00 00
                                 005f44393f80 a0 3f 39 44 5f 00 00 00 6c 3d a8 ed 2d 00 00 00
                                 005f44393f90 d0 3f 39 44 5f 00 00 00 00 00 00 00 00 00 00 00
                                 005f44393fa0 00 00 00 00 00 00 00 00 00 00 00 00 00 00 00 00
                                 005f44393fb0 00 00 00 00 00 00 00 00 00 00 00 00 00 00 00 00
                                 005f44393fc0 00 00 00 00 00 00 00 00 00 00 6a 3e 04 c9 0e 3f
                                 005f44393fd0 a0 9e 43 1a 2f 00 00 00 50 2b a8 ed 2d 00 00 00
                                 005f44393fe0 40 6d d0 4c 5f 00 00 00 00 40 39 44 5f 00 00 00
                                 005f44393ff0 70 47 39 44 5f 00 00 00 f2 e1 01 00 00 00 c0 41
                                 005f44394000 00 00 00 00 00 00 00 00 48 f3 ad ed 2d 00 00 00
                                 005f44394010 00 f4 ad ed 2d 00 00 00 b8 f4 ad ed 2d 00 00 00
                                 005f44394020 00 00 00 00 00 00 00 00 00 00 00 00 00 00 00 00
    TLS Address:                 0000004f3458a400
    TLS Dump:                                 00 01 02 03 04 05 06 07 08 09 0a 0b 0c 0d 0e 0f
                                 004f3458a400 00 00 01 00 0a 08 e0 03 40 f1 08 00 c0 3a 39 44
                                 004f3458a410 53 46 43 4f 00 00 00 00 00 00 00 00 91 ab e3 ac
                                 004f3458a420 00 00 00 00 00 00 00 00 00 00 00 00 00 00 00 00
                                 004f3458a430 00 00 00 00 00 00 00 00 06 00 00 00 00 00 00 00
                                 004f3458a440 01 00 00 00 00 00 00 00 01 00 00 00 00 00 00 00
                                 004f3458a450 08 00 00 00 c0 3a 39 44 5f 00 08 00 00 00 00 00
                                 004f3458a460 00 00 00 00 00 00 00 00 00 00 00 00 00 00 00 00
                                 004f3458a470 00 00 00 00 00 00 00 00 00 00 00 00 00 00 00 00
                                 004f3458a480 00 00 00 00 00 00 00 00 00 00 00 00 00 00 00 00
                                 004f3458a490 00 00 00 00 00 00 00 00 00 00 00 00 00 00 00 00
                                 004f3458a4a0 00 00 00 00 00 00 00 00 00 00 00 00 00 00 00 00
                                 004f3458a4b0 00 00 00 00 00 00 00 00 00 00 00 00 00 00 00 00
                                 004f3458a4c0 00 00 00 00 00 00 00 00 00 00 00 00 00 00 00 00
                                 004f3458a4d0 00 00 00 00 00 00 00 00 00 00 00 00 00 00 00 00
                                 004f3458a4e0 00 00 00 00 00 00 00 00 00 00 00 00 00 00 00 00
                                 004f3458a4f0 00 00 00 00 00 00 00 00 00 00 00 00 00 00 00 00
Module Info:
    Number of Modules:           01
    Module 00:
        Address:                 0000002deda04000-0000002dedab1000
        Name:                    ftpd
        Module Id:               073A69F266371F01EE61B5D668B2BAB4BC06E2A0000000000000000000000000
Thread Report:
Number of Threads:               02
Threads[00]:
    Thread ID:                   0000000000000359
    Stack Region:                0000005f4cc07000-0000005f4cd07000
    Registers:
        X[00]:                   0000005f4cd06d2c
        X[01]:                   0000005f4cd06d28
        X[02]:                   0000000000000001
        X[03]:                   ffffffffffffffff
        X[04]:                   00000000013901d3
        X[05]:                   0000000000000003
        X[06]:                   0000000000000400
        X[07]:                   0000000000000400
        X[08]:                   0000000000000000
        X[09]:                   0000000000000000
        X[10]:                   0000000000000000
        X[11]:                   0000000000000000
        X[12]:                   0000000000000000
        X[13]:                   0000000000000000
        X[14]:                   0000000000000000
        X[15]:                   0000000000000000
        X[16]:                   0000000000000000
        X[17]:                   0000000000000000
        X[18]:                   0000000000000000
        X[19]:                   0000000000000000
        X[20]:                   0000000000000000
        X[21]:                   0000000000000000
        X[22]:                   0000000000000000
        X[23]:                   0000000000000000
        X[24]:                   0000000000000000
        X[25]:                   0000000000000000
        X[26]:                   0000000000000000
        X[27]:                   0000000000000000
        X[28]:                   0000000000000000
        FP:                      0000005f4cd06cc0
        LR:                      0000002deda79f10 (ftpd + 0x75f10)
        SP:                      0000005f4cd06cb0
        PC:                      0000002deda7981c (ftpd + 0x7581c)
    Stack Trace:
        ReturnAddress[00]:       0000002deda83da4 (ftpd + 0x7fda4)
        ReturnAddress[01]:       0000002deda82d4c (ftpd + 0x7ed4c)
        ReturnAddress[02]:       0000002dedab0640 (ftpd + 0xac640)
        ReturnAddress[03]:       0000002deda85c30 (ftpd + 0x81c30)
        ReturnAddress[04]:       0000002deda10fc0 (ftpd + 0xcfc0)
        ReturnAddress[05]:       0000002deda05ddc (ftpd + 0x1ddc)
        ReturnAddress[06]:       0000002deda04720 (ftpd + 0x720)
        ReturnAddress[07]:       0000000000000000
    Stack Dump:                               00 01 02 03 04 05 06 07 08 09 0a 0b 0c 0d 0e 0f
                                 005f4cd06cb0 2c 6d d0 4c 5f 00 00 00 e4 00 00 00 00 00 00 00
                                 005f4cd06cc0 10 6d d0 4c 5f 00 00 00 a4 3d a8 ed 2d 00 00 00
                                 005f4cd06cd0 a0 9e 43 1a 2f 00 00 00 20 9d 43 1a 2f 00 00 00
                                 005f4cd06ce0 f0 05 00 00 00 00 00 00 a0 2a ae ed 2d 00 00 00
                                 005f4cd06cf0 00 00 00 00 00 00 00 00 90 1e 4f 14 2f 00 00 00
                                 005f4cd06d00 00 20 ae ed 2d 00 00 00 96 1b 00 00 00 00 00 00
                                 005f4cd06d10 30 6d d0 4c 5f 00 00 00 4c 2d a8 ed 2d 00 00 00
                                 005f4cd06d20 12 00 00 00 00 00 00 00 d3 01 39 01 00 00 00 00
                                 005f4cd06d30 50 6d d0 4c 5f 00 00 00 40 06 ab ed 2d 00 00 00
                                 005f4cd06d40 00 00 00 00 00 00 00 00 20 9d 43 1a 2f 00 00 00
                                 005f4cd06d50 70 6d d0 4c 5f 00 00 00 30 5c a8 ed 2d 00 00 00
                                 005f4cd06d60 50 9e 43 1a 2f 00 00 00 e4 00 00 00 00 00 00 00
                                 005f4cd06d70 90 6d d0 4c 5f 00 00 00 c0 0f a1 ed 2d 00 00 00
                                 005f4cd06d80 e8 9d 43 1a 2f 00 00 00 90 1e 4f 14 2f 00 00 00
                                 005f4cd06d90 d0 6d d0 4c 5f 00 00 00 dc 5d a0 ed 2d 00 00 00
                                 005f4cd06da0 a0 28 ae ed 2d 00 00 00 20 9d 43 1a 2f 00 00 00
    TLS Address:                 0000004f3458a200
    TLS Dump:                                 00 01 02 03 04 05 06 07 08 09 0a 0b 0c 0d 0e 0f
                                 004f3458a200 00 00 01 00 08 00 00 00 00 00 00 00 00 00 00 00
                                 004f3458a210 53 46 43 4f 00 00 00 00 00 00 00 00 77 08 ab b6
                                 004f3458a220 00 00 00 00 00 00 00 00 00 00 00 00 00 00 00 00
                                 004f3458a230 53 46 43 49 00 00 00 00 03 00 00 00 00 00 00 00
                                 004f3458a240 00 00 00 00 07 00 00 00 00 00 00 00 00 00 00 00
                                 004f3458a250 04 00 6c 01 00 00 18 c0 00 00 00 00 00 00 00 00
                                 004f3458a260 00 00 00 00 18 00 00 00 b8 6c d0 4c 5f 00 18 00
                                 004f3458a270 41 00 00 00 00 00 00 00 91 00 00 00 00 00 00 00
                                 004f3458a280 00 00 00 00 00 00 00 00 00 00 00 00 00 00 00 00
                                 004f3458a290 00 00 00 00 00 00 00 00 00 00 00 00 00 00 00 00
                                 004f3458a2a0 00 00 00 00 00 00 00 00 00 00 00 00 00 00 00 00
                                 004f3458a2b0 00 00 00 00 00 00 00 00 00 00 00 00 00 00 00 00
                                 004f3458a2c0 00 00 00 00 00 00 00 00 00 00 00 00 00 00 00 00
                                 004f3458a2d0 00 00 00 00 00 00 00 00 00 00 00 00 00 00 00 00
                                 004f3458a2e0 00 00 00 00 00 00 00 00 00 00 00 00 00 00 00 00
                                 004f3458a2f0 00 00 00 00 00 00 00 00 00 00 00 00 00 00 00 00
Threads[01]:
    Thread ID:                   0000000000000454
    Stack Region:                0000005f44374000-0000005f44395000
    Registers:
        X[00]:                   fffffff6d51e9c8b
        X[01]:                   0000002deda86300 (ftpd + 0x82300)
        X[02]:                   00000000013901d3
        X[03]:                   0000000000000000
        X[04]:                   0000000000000000
        X[05]:                   00000000ff7b4ffe
        X[06]:                   0000000000000031
        X[07]:                   0000002f1a439ee0
        X[08]:                   0000000000000000
        X[09]:                   0000000000000000
        X[10]:                   0000000000000000
        X[11]:                   0000000000000000
        X[12]:                   0000000000000000
        X[13]:                   0000000000000000
        X[14]:                   0000000000000000
        X[15]:                   0000000000000000
        X[16]:                   0000000000000000
        X[17]:                   0000000000000000
        X[18]:                   0000000044393ac0
        X[19]:                   0000000000000000
        X[20]:                   fffffff6d51e9c8b
        X[21]:                   0000002f1a439ea0
        X[22]:                   0000002dedaea2f8
        X[23]:                   0000000000000000
        X[24]:                   0000000000000000
        X[25]:                   0000000000000000
        X[26]:                   0000000000000000
        X[27]:                   0000000000000000
        X[28]:                   0000000000000000
        FP:                      0000005f44393f30
        LR:                      0000002deda83c9c (ftpd + 0x7fc9c)
        SP:                      0000005f44393f30
        PC:                      0000002deda86314 (ftpd + 0x82314)
    Stack Trace:
        ReturnAddress[00]:       0000002deda83c9c (ftpd + 0x7fc9c)
        ReturnAddress[01]:       0000002deda82b44 (ftpd + 0x7eb44)
        ReturnAddress[02]:       0000002deda83d6c (ftpd + 0x7fd6c)
        ReturnAddress[03]:       0000000000000000
    Stack Dump:                               00 01 02 03 04 05 06 07 08 09 0a 0b 0c 0d 0e 0f
                                 005f44393f30 50 3f 39 44 5f 00 00 00 9c 3c a8 ed 2d 00 00 00
                                 005f44393f40 00 00 00 00 00 00 00 00 01 00 00 00 00 00 00 00
                                 005f44393f50 80 3f 39 44 5f 00 00 00 44 2b a8 ed 2d 00 00 00
                                 005f44393f60 00 00 00 00 00 00 00 00 08 a5 58 34 4f 00 00 00
                                 005f44393f70 00 a0 ae ed 2d 00 00 00 00 00 00 00 00 00 00 00
                                 005f44393f80 a0 3f 39 44 5f 00 00 00 6c 3d a8 ed 2d 00 00 00
                                 005f44393f90 d0 3f 39 44 5f 00 00 00 00 00 00 00 00 00 00 00
                                 005f44393fa0 00 00 00 00 00 00 00 00 00 00 00 00 00 00 00 00
                                 005f44393fb0 00 00 00 00 00 00 00 00 00 00 00 00 00 00 00 00
                                 005f44393fc0 00 00 00 00 00 00 00 00 00 00 6a 3e 04 c9 0e 3f
                                 005f44393fd0 a0 9e 43 1a 2f 00 00 00 50 2b a8 ed 2d 00 00 00
                                 005f44393fe0 40 6d d0 4c 5f 00 00 00 00 40 39 44 5f 00 00 00
                                 005f44393ff0 70 47 39 44 5f 00 00 00 f2 e1 01 00 00 00 c0 41
                                 005f44394000 00 00 00 00 00 00 00 00 48 f3 ad ed 2d 00 00 00
                                 005f44394010 00 f4 ad ed 2d 00 00 00 b8 f4 ad ed 2d 00 00 00
                                 005f44394020 00 00 00 00 00 00 00 00 00 00 00 00 00 00 00 00
    TLS Address:                 0000004f3458a400
    TLS Dump:                                 00 01 02 03 04 05 06 07 08 09 0a 0b 0c 0d 0e 0f
                                 004f3458a400 00 00 01 00 0a 08 e0 03 40 f1 08 00 c0 3a 39 44
                                 004f3458a410 53 46 43 4f 00 00 00 00 00 00 00 00 91 ab e3 ac
                                 004f3458a420 00 00 00 00 00 00 00 00 00 00 00 00 00 00 00 00
                                 004f3458a430 00 00 00 00 00 00 00 00 06 00 00 00 00 00 00 00
                                 004f3458a440 01 00 00 00 00 00 00 00 01 00 00 00 00 00 00 00
                                 004f3458a450 08 00 00 00 c0 3a 39 44 5f 00 08 00 00 00 00 00
                                 004f3458a460 00 00 00 00 00 00 00 00 00 00 00 00 00 00 00 00
                                 004f3458a470 00 00 00 00 00 00 00 00 00 00 00 00 00 00 00 00
                                 004f3458a480 00 00 00 00 00 00 00 00 00 00 00 00 00 00 00 00
                                 004f3458a490 00 00 00 00 00 00 00 00 00 00 00 00 00 00 00 00
                                 004f3458a4a0 00 00 00 00 00 00 00 00 00 00 00 00 00 00 00 00
                                 004f3458a4b0 00 00 00 00 00 00 00 00 00 00 00 00 00 00 00 00
                                 004f3458a4c0 00 00 00 00 00 00 00 00 00 00 00 00 00 00 00 00
                                 004f3458a4d0 00 00 00 00 00 00 00 00 00 00 00 00 00 00 00 00
                                 004f3458a4e0 00 00 00 00 00 00 00 00 00 00 00 00 00 00 00 00
                                 004f3458a4f0 00 00 00 00 00 00 00 00 00 00 00 00 00 00 00 00
