Atmosphère Crash Report (v1.7):
Result:                          0x4A8 (2168-0002)

Process Info:
    Process Name:                hbloader
    Program ID:                  01006f8002326000
    Process ID:                  000000000000008a
    Process Flags:               00000077
    User Exception Address:      00000016c78ee000
Exception Info:
    Type:                        Data Abort
    Address:                     fffffff9ea6729f4
    Fault Address:               0000000000000000
Crashed Thread Info:
    Thread ID:                   0000000000000295
    Stack Region:                00000042ecf62000-00000042ecf83000
    Registers:
        X[00]:                   fffffff9ea6729f4
        X[01]:                   0000006a61f9a300 (ftpd + 0x82300)
        X[02]:                   00000000004581d6
        X[03]:                   0000000000000000
        X[04]:                   0000000000000000
        X[05]:                   00000000f7fffffe
        X[06]:                   0000000000000031
        X[07]:                   000000289b239ee0
        X[08]:                   0000000000000000
        X[09]:                   0000000000000000
        X[10]:                   0000000000000000
        X[11]:                   0000000000000000
        X[12]:                   0000000000000000
        X[13]:                   0000000000000000
        X[14]:                   0000000000000000
        X[15]:                   0000000000000000
        X[16]:                   0000000000000000
        X[17]:                   0000000000000000
        X[18]:                   00000000ecf81ac0
        X[19]:                   0000000000000000
        X[20]:                   fffffff9ea6729f4
        X[21]:                   000000289b239ea0
        X[22]:                   0000006a61ffe2f8
        X[23]:                   0000000000000000
        X[24]:                   0000000000000000
        X[25]:                   0000000000000000
        X[26]:                   0000000000000000
        X[27]:                   0000000000000000
        X[28]:                   0000000000000000
        FP:                      00000042ecf81f30
        LR:                      0000006a61f97c9c (ftpd + 0x7fc9c)
        SP:                      00000042ecf81f30
        PC:                      0000006a61f9a314 (ftpd + 0x82314)
    Stack Trace:
        ReturnAddress[00]:       0000006a61f97c9c (ftpd + 0x7fc9c)
        ReturnAddress[01]:       0000006a61f96b44 (ftpd + 0x7eb44)
        ReturnAddress[02]:       0000006a61f97d6c (ftpd + 0x7fd6c)
        ReturnAddress[03]:       0000000000000000
    Stack Dump:                               00 01 02 03 04 05 06 07 08 09 0a 0b 0c 0d 0e 0f
                                 0042ecf81f30 50 1f f8 ec 42 00 00 00 9c 7c f9 61 6a 00 00 00
                                 0042ecf81f40 00 00 00 00 00 00 00 00 01 00 00 00 00 00 00 00
                                 0042ecf81f50 80 1f f8 ec 42 00 00 00 44 6b f9 61 6a 00 00 00
                                 0042ecf81f60 00 00 00 00 00 00 00 00 08 e5 8e c7 16 00 00 00
                                 0042ecf81f70 00 e0 ff 61 6a 00 00 00 00 00 00 00 00 00 00 00
                                 0042ecf81f80 a0 1f f8 ec 42 00 00 00 6c 7d f9 61 6a 00 00 00
                                 0042ecf81f90 d0 1f f8 ec 42 00 00 00 00 00 00 00 00 00 00 00
                                 0042ecf81fa0 00 00 00 00 00 00 00 00 00 00 00 00 00 00 00 00
                                 0042ecf81fb0 00 00 00 00 00 00 00 00 00 00 00 00 00 00 00 00
                                 0042ecf81fc0 00 00 00 00 00 00 00 00 00 00 6a 3e 04 c9 0e 3f
                                 0042ecf81fd0 a0 9e 23 9b 28 00 00 00 50 6b f9 61 6a 00 00 00
                                 0042ecf81fe0 40 7d 85 0a 43 00 00 00 00 20 f8 ec 42 00 00 00
                                 0042ecf81ff0 70 27 f8 ec 42 00 00 00 f2 e1 01 00 00 00 c0 41
                                 0042ecf82000 71 00 00 00 00 00 00 00 48 33 ff 61 6a 00 00 00
                                 0042ecf82010 00 34 ff 61 6a 00 00 00 b8 34 ff 61 6a 00 00 00
                                 0042ecf82020 00 00 00 00 00 00 00 00 00 00 00 00 00 00 00 00
    TLS Address:                 00000016c78ee400
    TLS Dump:                                 00 01 02 03 04 05 06 07 08 09 0a 0b 0c 0d 0e 0f
                                 0016c78ee400 00 00 01 00 0a 08 e0 03 00 21 08 00 c0 1a f8 ec
                                 0016c78ee410 53 46 43 4f 00 00 00 00 00 00 00 00 91 ab e3 ac
                                 0016c78ee420 00 00 00 00 00 00 00 00 00 00 00 00 00 00 00 00
                                 0016c78ee430 00 00 00 00 00 00 00 00 06 00 00 00 00 00 00 00
                                 0016c78ee440 01 00 00 00 00 00 00 00 aa 02 00 00 00 00 00 00
                                 0016c78ee450 08 00 04 00 c0 1a f8 ec 42 00 08 00 00 00 00 00
                                 0016c78ee460 00 00 00 00 00 00 00 00 00 00 00 00 00 00 00 00
                                 0016c78ee470 00 00 00 00 00 00 00 00 00 00 00 00 00 00 00 00
                                 0016c78ee480 00 00 00 00 00 00 00 00 00 00 00 00 00 00 00 00
                                 0016c78ee490 00 00 00 00 00 00 00 00 00 00 00 00 00 00 00 00
                                 0016c78ee4a0 00 00 00 00 00 00 00 00 00 00 00 00 00 00 00 00
                                 0016c78ee4b0 00 00 00 00 00 00 00 00 00 00 00 00 00 00 00 00
                                 0016c78ee4c0 00 00 00 00 00 00 00 00 00 00 00 00 00 00 00 00
                                 0016c78ee4d0 00 00 00 00 00 00 00 00 00 00 00 00 00 00 00 00
                                 0016c78ee4e0 00 00 00 00 00 00 00 00 00 00 00 00 00 00 00 00
                                 0016c78ee4f0 00 00 00 00 00 00 00 00 00 00 00 00 00 00 00 00
Module Info:
    Number of Modules:           01
    Module 00:
        Address:                 0000006a61f18000-0000006a61fc5000
        Name:                    ftpd
        Module Id:               073A69F266371F01EE61B5D668B2BAB4BC06E2A0000000000000000000000000
Thread Report:
Number of Threads:               02
Threads[00]:
    Thread ID:                   000000000000026e
    Stack Region:                000000430a758000-000000430a858000
    Registers:
        X[00]:                   000000430a857d2c
        X[01]:                   000000430a857d28
        X[02]:                   0000000000000001
        X[03]:                   ffffffffffffffff
        X[04]:                   00000000004581d6
        X[05]:                   0000000000000003
        X[06]:                   0000000000000400
        X[07]:                   0000000000000400
        X[08]:                   0000000000000000
        X[09]:                   0000000000000000
        X[10]:                   0000000000000000
        X[11]:                   0000000000000000
        X[12]:                   0000000000000000
        X[13]:                   0000000000000000
        X[14]:                   0000000000000000
        X[15]:                   0000000000000000
        X[16]:                   0000000000000000
        X[17]:                   0000000000000000
        X[18]:                   0000000000000000
        X[19]:                   0000000000000000
        X[20]:                   0000000000000000
        X[21]:                   0000000000000000
        X[22]:                   0000000000000000
        X[23]:                   0000000000000000
        X[24]:                   0000000000000000
        X[25]:                   0000000000000000
        X[26]:                   0000000000000000
        X[27]:                   0000000000000000
        X[28]:                   0000000000000000
        FP:                      000000430a857cc0
        LR:                      0000006a61f8df10 (ftpd + 0x75f10)
        SP:                      000000430a857cb0
        PC:                      0000006a61f8d81c (ftpd + 0x7581c)
    Stack Trace:
        ReturnAddress[00]:       0000006a61f97da4 (ftpd + 0x7fda4)
        ReturnAddress[01]:       0000006a61f96d4c (ftpd + 0x7ed4c)
        ReturnAddress[02]:       0000006a61fc4640 (ftpd + 0xac640)
        ReturnAddress[03]:       0000006a61f99c30 (ftpd + 0x81c30)
        ReturnAddress[04]:       0000006a61f24fc0 (ftpd + 0xcfc0)
        ReturnAddress[05]:       0000006a61f19ddc (ftpd + 0x1ddc)
        ReturnAddress[06]:       0000006a61f18720 (ftpd + 0x720)
        ReturnAddress[07]:       0000000000000000
    Stack Dump:                               00 01 02 03 04 05 06 07 08 09 0a 0b 0c 0d 0e 0f
                                 00430a857cb0 2c 7d 85 0a 43 00 00 00 e4 00 00 00 00 00 00 00
                                 00430a857cc0 10 7d 85 0a 43 00 00 00 a4 7d f9 61 6a 00 00 00
                                 00430a857cd0 a0 9e 23 9b 28 00 00 00 20 9d 23 9b 28 00 00 00
                                 00430a857ce0 f0 05 00 00 00 00 00 00 a0 6a ff 61 6a 00 00 00
                                 00430a857cf0 00 00 00 00 00 00 00 00 90 1e 2f 95 28 00 00 00
                                 00430a857d00 00 60 ff 61 6a 00 00 00 bc 19 00 00 00 00 00 00
                                 00430a857d10 30 7d 85 0a 43 00 00 00 4c 6d f9 61 6a 00 00 00
                                 00430a857d20 12 00 00 00 00 00 00 00 d6 81 45 00 00 00 00 00
                                 00430a857d30 50 7d 85 0a 43 00 00 00 40 46 fc 61 6a 00 00 00
                                 00430a857d40 00 00 00 00 00 00 00 00 20 9d 23 9b 28 00 00 00
                                 00430a857d50 70 7d 85 0a 43 00 00 00 30 9c f9 61 6a 00 00 00
                                 00430a857d60 50 9e 23 9b 28 00 00 00 e4 00 00 00 00 00 00 00
                                 00430a857d70 90 7d 85 0a 43 00 00 00 c0 4f f2 61 6a 00 00 00
                                 00430a857d80 e8 9d 23 9b 28 00 00 00 90 1e 2f 95 28 00 00 00
                                 00430a857d90 d0 7d 85 0a 43 00 00 00 dc 9d f1 61 6a 00 00 00
                                 00430a857da0 a0 68 ff 61 6a 00 00 00 20 9d 23 9b 28 00 00 00
    TLS Address:                 00000016c78ee200
    TLS Dump:                                 00 01 02 03 04 05 06 07 08 09 0a 0b 0c 0d 0e 0f
                                 0016c78ee200 00 00 01 00 08 00 00 00 00 00 00 00 00 00 00 00
                                 0016c78ee210 53 46 43 4f 00 00 00 00 00 00 00 00 77 08 ab b6
                                 0016c78ee220 00 00 00 00 00 00 00 00 00 00 00 00 00 00 00 00
                                 0016c78ee230 53 46 43 49 00 00 00 00 03 00 00 00 00 00 00 00
                                 0016c78ee240 00 00 00 00 07 00 00 00 00 00 00 00 00 00 00 00
                                 0016c78ee250 04 00 78 01 00 00 18 c0 00 00 00 00 00 00 00 00
                                 0016c78ee260 00 00 00 00 18 00 00 00 b8 7c 85 0a 43 00 18 00
                                 0016c78ee270 14 00 00 00 00 00 00 00 8a 00 00 00 00 00 00 00
                                 0016c78ee280 00 00 00 00 00 00 00 00 00 00 00 00 00 00 00 00
                                 0016c78ee290 00 00 00 00 00 00 00 00 00 00 00 00 00 00 00 00
                                 0016c78ee2a0 00 00 00 00 00 00 00 00 00 00 00 00 00 00 00 00
                                 0016c78ee2b0 00 00 00 00 00 00 00 00 00 00 00 00 00 00 00 00
                                 0016c78ee2c0 00 00 00 00 00 00 00 00 00 00 00 00 00 00 00 00
                                 0016c78ee2d0 00 00 00 00 00 00 00 00 00 00 00 00 00 00 00 00
                                 0016c78ee2e0 00 00 00 00 00 00 00 00 00 00 00 00 00 00 00 00
                                 0016c78ee2f0 00 00 00 00 00 00 00 00 00 00 00 00 00 00 00 00
Threads[01]:
    Thread ID:                   0000000000000295
    Stack Region:                00000042ecf62000-00000042ecf83000
    Registers:
        X[00]:                   fffffff9ea6729f4
        X[01]:                   0000006a61f9a300 (ftpd + 0x82300)
        X[02]:                   00000000004581d6
        X[03]:                   0000000000000000
        X[04]:                   0000000000000000
        X[05]:                   00000000f7fffffe
        X[06]:                   0000000000000031
        X[07]:                   000000289b239ee0
        X[08]:                   0000000000000000
        X[09]:                   0000000000000000
        X[10]:                   0000000000000000
        X[11]:                   0000000000000000
        X[12]:                   0000000000000000
        X[13]:                   0000000000000000
        X[14]:                   0000000000000000
        X[15]:                   0000000000000000
        X[16]:                   0000000000000000
        X[17]:                   0000000000000000
        X[18]:                   00000000ecf81ac0
        X[19]:                   0000000000000000
        X[20]:                   fffffff9ea6729f4
        X[21]:                   000000289b239ea0
        X[22]:                   0000006a61ffe2f8
        X[23]:                   0000000000000000
        X[24]:                   0000000000000000
        X[25]:                   0000000000000000
        X[26]:                   0000000000000000
        X[27]:                   0000000000000000
        X[28]:                   0000000000000000
        FP:                      00000042ecf81f30
        LR:                      0000006a61f97c9c (ftpd + 0x7fc9c)
        SP:                      00000042ecf81f30
        PC:                      0000006a61f9a314 (ftpd + 0x82314)
    Stack Trace:
        ReturnAddress[00]:       0000006a61f97c9c (ftpd + 0x7fc9c)
        ReturnAddress[01]:       0000006a61f96b44 (ftpd + 0x7eb44)
        ReturnAddress[02]:       0000006a61f97d6c (ftpd + 0x7fd6c)
        ReturnAddress[03]:       0000000000000000
    Stack Dump:                               00 01 02 03 04 05 06 07 08 09 0a 0b 0c 0d 0e 0f
                                 0042ecf81f30 50 1f f8 ec 42 00 00 00 9c 7c f9 61 6a 00 00 00
                                 0042ecf81f40 00 00 00 00 00 00 00 00 01 00 00 00 00 00 00 00
                                 0042ecf81f50 80 1f f8 ec 42 00 00 00 44 6b f9 61 6a 00 00 00
                                 0042ecf81f60 00 00 00 00 00 00 00 00 08 e5 8e c7 16 00 00 00
                                 0042ecf81f70 00 e0 ff 61 6a 00 00 00 00 00 00 00 00 00 00 00
                                 0042ecf81f80 a0 1f f8 ec 42 00 00 00 6c 7d f9 61 6a 00 00 00
                                 0042ecf81f90 d0 1f f8 ec 42 00 00 00 00 00 00 00 00 00 00 00
                                 0042ecf81fa0 00 00 00 00 00 00 00 00 00 00 00 00 00 00 00 00
                                 0042ecf81fb0 00 00 00 00 00 00 00 00 00 00 00 00 00 00 00 00
                                 0042ecf81fc0 00 00 00 00 00 00 00 00 00 00 6a 3e 04 c9 0e 3f
                                 0042ecf81fd0 a0 9e 23 9b 28 00 00 00 50 6b f9 61 6a 00 00 00
                                 0042ecf81fe0 40 7d 85 0a 43 00 00 00 00 20 f8 ec 42 00 00 00
                                 0042ecf81ff0 70 27 f8 ec 42 00 00 00 f2 e1 01 00 00 00 c0 41
                                 0042ecf82000 71 00 00 00 00 00 00 00 48 33 ff 61 6a 00 00 00
                                 0042ecf82010 00 34 ff 61 6a 00 00 00 b8 34 ff 61 6a 00 00 00
                                 0042ecf82020 00 00 00 00 00 00 00 00 00 00 00 00 00 00 00 00
    TLS Address:                 00000016c78ee400
    TLS Dump:                                 00 01 02 03 04 05 06 07 08 09 0a 0b 0c 0d 0e 0f
                                 0016c78ee400 00 00 01 00 0a 08 e0 03 00 21 08 00 c0 1a f8 ec
                                 0016c78ee410 53 46 43 4f 00 00 00 00 00 00 00 00 91 ab e3 ac
                                 0016c78ee420 00 00 00 00 00 00 00 00 00 00 00 00 00 00 00 00
                                 0016c78ee430 00 00 00 00 00 00 00 00 06 00 00 00 00 00 00 00
                                 0016c78ee440 01 00 00 00 00 00 00 00 aa 02 00 00 00 00 00 00
                                 0016c78ee450 08 00 04 00 c0 1a f8 ec 42 00 08 00 00 00 00 00
                                 0016c78ee460 00 00 00 00 00 00 00 00 00 00 00 00 00 00 00 00
                                 0016c78ee470 00 00 00 00 00 00 00 00 00 00 00 00 00 00 00 00
                                 0016c78ee480 00 00 00 00 00 00 00 00 00 00 00 00 00 00 00 00
                                 0016c78ee490 00 00 00 00 00 00 00 00 00 00 00 00 00 00 00 00
                                 0016c78ee4a0 00 00 00 00 00 00 00 00 00 00 00 00 00 00 00 00
                                 0016c78ee4b0 00 00 00 00 00 00 00 00 00 00 00 00 00 00 00 00
                                 0016c78ee4c0 00 00 00 00 00 00 00 00 00 00 00 00 00 00 00 00
                                 0016c78ee4d0 00 00 00 00 00 00 00 00 00 00 00 00 00 00 00 00
                                 0016c78ee4e0 00 00 00 00 00 00 00 00 00 00 00 00 00 00 00 00
                                 0016c78ee4f0 00 00 00 00 00 00 00 00 00 00 00 00 00 00 00 00
