Atmosphère Crash Report (v1.7):
Result:                          0x1159 (2345-0008)

Process Info:
    Process Name:                hbloader
    Program ID:                  01006f8002326000
    Process ID:                  000000000000008a
    Process Flags:               00000077
    User Exception Address:      00000040b5ad7000
Exception Info:
    Type:                        User Break
    Address:                     0000003f166a4910
    Break Reason:                0x0
    Break Address:               00000025866a22ec
    Break Size:                  0x4
Crashed Thread Info:
    Thread ID:                   0000000000000263
    Stack Region:                00000025865a3000-00000025866a3000
    Registers:
        X[00]:                   0000000000000000
        X[01]:                   00000025866a22ec
        X[02]:                   0000000000000004
        X[03]:                   00000025866a25c0
        X[04]:                   00000025866a2640
        X[05]:                   0000000000000004
        X[06]:                   00000025928918c9
        X[07]:                   00000025906c0e19
        X[08]:                   0000000000000000
        X[09]:                   0000000000000000
        X[10]:                   0000000000000000
        X[11]:                   0000000000000000
        X[12]:                   0000000000000000
        X[13]:                   0000000000000000
        X[14]:                   0000000000000000
        X[15]:                   0000000000000000
        X[16]:                   0000000000000000
        X[17]:                   0000000000000000
        X[18]:                   0000000000000000
        X[19]:                   0000000000000000
        X[20]:                   0000000000000000
        X[21]:                   0000000000000000
        X[22]:                   0000000000000000
        X[23]:                   0000000000000000
        X[24]:                   0000000000000000
        X[25]:                   0000000000000000
        X[26]:                   0000000000000000
        X[27]:                   0000000000000000
        X[28]:                   0000000000000000
        FP:                      00000025866a22d0
        LR:                      0000003f1669b62c
        SP:                      00000025866a22d0
        PC:                      0000003f166a490c
    Stack Trace:
        ReturnAddress[00]:       0000003f16687b48
        ReturnAddress[01]:       0000003f13db62e4
        ReturnAddress[02]:       0000003f148a9330
        ReturnAddress[03]:       0000001ce30155bc ([00000000] + 0x6e5bc)
        ReturnAddress[04]:       0000001ce3014af4 ([00000000] + 0x6daf4)
        ReturnAddress[05]:       0000003f148a4210
        ReturnAddress[06]:       0000003f148a3ea4
        ReturnAddress[07]:       0000003f14210928
        ReturnAddress[08]:       0000003f13d69b00
        ReturnAddress[09]:       0000003f166ac93c
        ReturnAddress[10]:       0000003f1669bb68
        ReturnAddress[11]:       0000003f1673c2b8
        ReturnAddress[12]:       0000003f1671f4b8
        ReturnAddress[13]:       0000003f157abe00
        ReturnAddress[14]:       0000003f157a8380
        ReturnAddress[15]:       0000003f1669bda4
        ReturnAddress[16]:       0000003f1667aef8
        ReturnAddress[17]:       0000000000000000
    Stack Dump:                               00 01 02 03 04 05 06 07 08 09 0a 0b 0c 0d 0e 0f
                                 0025866a22d0 f0 22 6a 86 25 00 00 00 48 7b 68 16 3f 00 00 00
                                 0025866a22e0 80 a2 f6 1a 2f 00 00 00 ac 2d d9 13 59 11 00 00
                                 0025866a22f0 10 23 6a 86 25 00 00 00 e4 62 db 13 3f 00 00 00
                                 0025866a2300 00 20 87 11 2f 00 00 00 d0 e1 92 1a 2f 00 00 00
                                 0025866a2310 60 26 6a 86 25 00 00 00 30 93 8a 14 3f 00 00 00
                                 0025866a2320 c0 c4 92 1a 2f 00 00 00 d0 e1 92 1a 2f 00 00 00
                                 0025866a2330 03 00 00 00 00 00 00 00 05 00 00 00 00 00 00 00
                                 0025866a2340 ff ff f6 ff ff ff f6 ff 70 23 6a 86 25 00 00 00
                                 0025866a2350 00 00 00 00 00 00 00 00 00 00 00 00 00 00 00 00
                                 0025866a2360 00 00 00 00 00 00 00 00 00 00 00 00 00 00 00 00
                                 0025866a2370 00 00 00 00 00 00 00 00 70 94 f6 1a 2f 00 00 00
                                 0025866a2380 80 52 44 10 2f 00 00 00 61 00 00 00 00 00 00 00
                                 0025866a2390 80 a2 f6 1a 2f 00 00 00 34 a3 f6 1a 2f 00 00 00
                                 0025866a23a0 48 26 6a 86 25 00 00 00 00 00 a0 44 00 40 82 44
                                 0025866a23b0 00 00 00 00 00 00 00 00 00 00 00 00 00 00 00 00
                                 0025866a23c0 00 00 00 00 00 00 00 00 00 00 00 00 00 00 00 00
    TLS Address:                 00000040b5ad7200
    TLS Dump:                                 00 01 02 03 04 05 06 07 08 09 0a 0b 0c 0d 0e 0f
                                 0040b5ad7200 04 00 00 00 08 00 00 00 00 00 00 00 00 00 00 00
                                 0040b5ad7210 02 00 00 00 2f 00 00 00 00 00 00 00 00 00 00 00
                                 0040b5ad7220 53 46 43 49 00 00 00 00 00 00 00 00 00 00 00 00
                                 0040b5ad7230 2f 00 00 00 00 00 00 00 00 00 00 00 00 00 00 00
                                 0040b5ad7240 03 00 76 01 06 41 28 c0 0b 00 00 00 00 00 00 00
                                 0040b5ad7250 28 00 76 01 10 04 6a 86 25 00 28 00 00 00 00 00
                                 0040b5ad7260 00 00 00 00 18 00 00 00 f8 03 6a 86 25 00 18 00
                                 0040b5ad7270 16 00 00 00 00 00 00 00 8a 00 00 00 00 00 00 00
                                 0040b5ad7280 00 00 00 00 00 00 00 00 00 00 00 00 00 00 00 00
                                 0040b5ad7290 00 00 00 00 00 00 00 00 00 00 00 00 00 00 00 00
                                 0040b5ad72a0 00 00 00 00 00 00 00 00 00 00 00 00 00 00 00 00
                                 0040b5ad72b0 00 00 00 00 00 00 00 00 00 00 00 00 00 00 00 00
                                 0040b5ad72c0 00 00 00 00 00 00 00 00 00 00 00 00 00 00 00 00
                                 0040b5ad72d0 00 00 00 00 00 00 00 00 00 00 00 00 00 00 00 00
                                 0040b5ad72e0 00 00 00 00 00 00 00 00 00 00 00 00 00 00 00 00
                                 0040b5ad72f0 00 00 00 00 00 00 00 00 00 00 00 00 00 00 00 00
Module Info:
    Number of Modules:           02
    Module 00:
        Address:                 0000001ce2fa7000-0000001ceafa7000
        Name:                    [00000000]
        Module Id:               0000000000000000000000000000000000000000000000000000000000000000
    Module 01:
        Address:                 00000020bc000000-00000020bc00b000
        Name:                    hbl
        Module Id:               A48F084FBD81E89BDB7BB8504C5F146E7466933E000000000000000000000000
Thread Report:
Number of Threads:               05
Threads[00]:
    Thread ID:                   0000000000000263
    Stack Region:                00000025865a3000-00000025866a3000
    Registers:
        X[00]:                   0000000000000000
        X[01]:                   00000025866a22ec
        X[02]:                   0000000000000004
        X[03]:                   00000025866a25c0
        X[04]:                   00000025866a2640
        X[05]:                   0000000000000004
        X[06]:                   00000025928918c9
        X[07]:                   00000025906c0e19
        X[08]:                   0000000000000000
        X[09]:                   0000000000000000
        X[10]:                   0000000000000000
        X[11]:                   0000000000000000
        X[12]:                   0000000000000000
        X[13]:                   0000000000000000
        X[14]:                   0000000000000000
        X[15]:                   0000000000000000
        X[16]:                   0000000000000000
        X[17]:                   0000000000000000
        X[18]:                   0000000000000000
        X[19]:                   0000000000000000
        X[20]:                   0000000000000000
        X[21]:                   0000000000000000
        X[22]:                   0000000000000000
        X[23]:                   0000000000000000
        X[24]:                   0000000000000000
        X[25]:                   0000000000000000
        X[26]:                   0000000000000000
        X[27]:                   0000000000000000
        X[28]:                   0000000000000000
        FP:                      00000025866a22d0
        LR:                      0000003f1669b62c
        SP:                      00000025866a22d0
        PC:                      0000003f166a490c
    Stack Trace:
        ReturnAddress[00]:       0000003f16687b48
        ReturnAddress[01]:       0000003f13db62e4
        ReturnAddress[02]:       0000003f148a9330
        ReturnAddress[03]:       0000001ce30155bc ([00000000] + 0x6e5bc)
        ReturnAddress[04]:       0000001ce3014af4 ([00000000] + 0x6daf4)
        ReturnAddress[05]:       0000003f148a4210
        ReturnAddress[06]:       0000003f148a3ea4
        ReturnAddress[07]:       0000003f14210928
        ReturnAddress[08]:       0000003f13d69b00
        ReturnAddress[09]:       0000003f166ac93c
        ReturnAddress[10]:       0000003f1669bb68
        ReturnAddress[11]:       0000003f1673c2b8
        ReturnAddress[12]:       0000003f1671f4b8
        ReturnAddress[13]:       0000003f157abe00
        ReturnAddress[14]:       0000003f157a8380
        ReturnAddress[15]:       0000003f1669bda4
        ReturnAddress[16]:       0000003f1667aef8
        ReturnAddress[17]:       0000000000000000
    Stack Dump:                               00 01 02 03 04 05 06 07 08 09 0a 0b 0c 0d 0e 0f
                                 0025866a22d0 f0 22 6a 86 25 00 00 00 48 7b 68 16 3f 00 00 00
                                 0025866a22e0 80 a2 f6 1a 2f 00 00 00 ac 2d d9 13 59 11 00 00
                                 0025866a22f0 10 23 6a 86 25 00 00 00 e4 62 db 13 3f 00 00 00
                                 0025866a2300 00 20 87 11 2f 00 00 00 d0 e1 92 1a 2f 00 00 00
                                 0025866a2310 60 26 6a 86 25 00 00 00 30 93 8a 14 3f 00 00 00
                                 0025866a2320 c0 c4 92 1a 2f 00 00 00 d0 e1 92 1a 2f 00 00 00
                                 0025866a2330 03 00 00 00 00 00 00 00 05 00 00 00 00 00 00 00
                                 0025866a2340 ff ff f6 ff ff ff f6 ff 70 23 6a 86 25 00 00 00
                                 0025866a2350 00 00 00 00 00 00 00 00 00 00 00 00 00 00 00 00
                                 0025866a2360 00 00 00 00 00 00 00 00 00 00 00 00 00 00 00 00
                                 0025866a2370 00 00 00 00 00 00 00 00 70 94 f6 1a 2f 00 00 00
                                 0025866a2380 80 52 44 10 2f 00 00 00 61 00 00 00 00 00 00 00
                                 0025866a2390 80 a2 f6 1a 2f 00 00 00 34 a3 f6 1a 2f 00 00 00
                                 0025866a23a0 48 26 6a 86 25 00 00 00 00 00 a0 44 00 40 82 44
                                 0025866a23b0 00 00 00 00 00 00 00 00 00 00 00 00 00 00 00 00
                                 0025866a23c0 00 00 00 00 00 00 00 00 00 00 00 00 00 00 00 00
    TLS Address:                 00000040b5ad7200
    TLS Dump:                                 00 01 02 03 04 05 06 07 08 09 0a 0b 0c 0d 0e 0f
                                 0040b5ad7200 04 00 00 00 08 00 00 00 00 00 00 00 00 00 00 00
                                 0040b5ad7210 02 00 00 00 2f 00 00 00 00 00 00 00 00 00 00 00
                                 0040b5ad7220 53 46 43 49 00 00 00 00 00 00 00 00 00 00 00 00
                                 0040b5ad7230 2f 00 00 00 00 00 00 00 00 00 00 00 00 00 00 00
                                 0040b5ad7240 03 00 76 01 06 41 28 c0 0b 00 00 00 00 00 00 00
                                 0040b5ad7250 28 00 76 01 10 04 6a 86 25 00 28 00 00 00 00 00
                                 0040b5ad7260 00 00 00 00 18 00 00 00 f8 03 6a 86 25 00 18 00
                                 0040b5ad7270 16 00 00 00 00 00 00 00 8a 00 00 00 00 00 00 00
                                 0040b5ad7280 00 00 00 00 00 00 00 00 00 00 00 00 00 00 00 00
                                 0040b5ad7290 00 00 00 00 00 00 00 00 00 00 00 00 00 00 00 00
                                 0040b5ad72a0 00 00 00 00 00 00 00 00 00 00 00 00 00 00 00 00
                                 0040b5ad72b0 00 00 00 00 00 00 00 00 00 00 00 00 00 00 00 00
                                 0040b5ad72c0 00 00 00 00 00 00 00 00 00 00 00 00 00 00 00 00
                                 0040b5ad72d0 00 00 00 00 00 00 00 00 00 00 00 00 00 00 00 00
                                 0040b5ad72e0 00 00 00 00 00 00 00 00 00 00 00 00 00 00 00 00
                                 0040b5ad72f0 00 00 00 00 00 00 00 00 00 00 00 00 00 00 00 00
Threads[01]:
    Thread ID:                   00000000000002a2
    Stack Region:                000000257e206000-000000257e307000
    Registers:
        X[00]:                   0000003f17243684
        X[01]:                   0000003f17243678
        X[02]:                   00000000005281d4
        X[03]:                   ffffffffffffffff
        X[04]:                   0000003f17243684
        X[05]:                   0000000000000000
        X[06]:                   0000000000000000
        X[07]:                   0000000000000000
        X[08]:                   0000000000000000
        X[09]:                   0000000000000000
        X[10]:                   0000000000000000
        X[11]:                   0000000000000000
        X[12]:                   0000000000000000
        X[13]:                   0000000000000000
        X[14]:                   0000000000000000
        X[15]:                   0000000000000000
        X[16]:                   0000000000000000
        X[17]:                   0000000000000000
        X[18]:                   0000000000000000
        X[19]:                   0000000000000000
        X[20]:                   0000000000000000
        X[21]:                   0000000000000000
        X[22]:                   0000000000000000
        X[23]:                   0000000000000000
        X[24]:                   0000000000000000
        X[25]:                   0000000000000000
        X[26]:                   0000000000000000
        X[27]:                   0000000000000000
        X[28]:                   0000000000000000
        FP:                      000000257e305ec0
        LR:                      0000003f166a49ac
        SP:                      000000257e305ec0
        PC:                      0000003f166a48e0
    Stack Trace:
        ReturnAddress[00]:       0000003f1669bc7c
        ReturnAddress[01]:       0000003f157b420c
        ReturnAddress[02]:       0000003f157a83c8
        ReturnAddress[03]:       0000003f1669bda4
        ReturnAddress[04]:       0000003f1667aef8
        ReturnAddress[05]:       0000000000000000
    Stack Dump:                               00 01 02 03 04 05 06 07 08 09 0a 0b 0c 0d 0e 0f
                                 00257e305ec0 f0 5e 30 7e 25 00 00 00 7c bc 69 16 3f 00 00 00
                                 00257e305ed0 90 36 24 17 3f 00 00 00 c0 65 30 7e 25 00 00 00
                                 00257e305ee0 10 5f 30 7e 25 00 00 00 80 83 7a 15 3f 00 00 00
                                 00257e305ef0 00 5f 30 7e 25 00 00 00 0c 42 7b 15 3f 00 00 00
                                 00257e305f00 10 5f 30 7e 25 00 00 00 c8 83 7a 15 3f 00 00 00
                                 00257e305f10 70 5f 30 7e 25 00 00 00 a4 bd 69 16 3f 00 00 00
                                 00257e305f20 f0 1b 6a 86 25 00 00 00 80 75 ad b5 40 00 00 00
                                 00257e305f30 a4 82 7a 15 3f 00 00 00 10 1d 6a 86 25 00 00 00
                                 00257e305f40 00 00 00 00 00 00 00 00 00 00 00 00 00 00 00 00
                                 00257e305f50 00 00 00 00 00 00 00 00 00 00 00 00 00 00 00 00
                                 00257e305f60 00 00 00 00 00 00 00 00 9c bd 69 16 3f 00 00 00
                                 00257e305f70 a0 5f 30 7e 25 00 00 00 f8 ae 67 16 3f 00 00 00
                                 00257e305f80 d0 5f 30 7e 25 00 00 00 80 75 ad b5 40 00 00 00
                                 00257e305f90 00 30 6e 18 3f 00 00 00 00 00 00 00 00 00 00 00
                                 00257e305fa0 00 00 00 00 00 00 00 00 00 00 00 00 00 00 00 00
                                 00257e305fb0 00 00 00 00 00 00 00 00 00 00 00 00 00 00 00 00
    TLS Address:                 00000040b5ad7400
    TLS Dump:                                 00 01 02 03 04 05 06 07 08 09 0a 0b 0c 0d 0e 0f
                                 0040b5ad7400 00 00 00 00 0a 08 e0 03 00 00 00 00 00 00 00 00
                                 0040b5ad7410 53 46 43 4f 00 00 00 00 00 00 00 00 91 ab e3 ac
                                 0040b5ad7420 01 00 00 00 00 00 00 00 00 00 00 00 00 00 00 00
                                 0040b5ad7430 05 00 00 00 00 00 00 00 00 00 00 00 00 00 00 00
                                 0040b5ad7440 00 00 00 00 00 00 00 00 00 00 00 00 00 00 00 00
                                 0040b5ad7450 00 04 00 00 00 00 00 00 00 00 00 00 00 00 00 00
                                 0040b5ad7460 00 00 00 00 00 00 00 00 00 00 00 00 00 00 00 00
                                 0040b5ad7470 00 00 00 00 00 00 00 00 00 00 00 00 00 00 00 00
                                 0040b5ad7480 00 00 00 00 00 00 00 00 00 00 00 00 00 00 00 00
                                 0040b5ad7490 00 00 00 00 00 00 00 00 00 00 00 00 00 00 00 00
                                 0040b5ad74a0 00 00 00 00 00 00 00 00 00 00 00 00 00 00 00 00
                                 0040b5ad74b0 00 00 00 00 00 00 00 00 00 00 00 00 00 00 00 00
                                 0040b5ad74c0 00 00 00 00 00 00 00 00 00 00 00 00 00 00 00 00
                                 0040b5ad74d0 00 00 00 00 00 00 00 00 00 00 00 00 00 00 00 00
                                 0040b5ad74e0 00 00 00 00 00 00 00 00 00 00 00 00 00 00 00 00
                                 0040b5ad74f0 00 00 00 00 00 00 00 00 00 00 00 00 00 00 00 00
Threads[02]:
    Thread ID:                   00000000000002a3
    Stack Region:                0000002574d44000-0000002574e45000
    Registers:
        X[00]:                   0000003f17243684
        X[01]:                   0000003f17243678
        X[02]:                   00000000005301d5
        X[03]:                   ffffffffffffffff
        X[04]:                   0000003f17243684
        X[05]:                   0000000000000000
        X[06]:                   0000000000000000
        X[07]:                   0000000000000000
        X[08]:                   0000000000000000
        X[09]:                   0000000000000000
        X[10]:                   0000000000000000
        X[11]:                   0000000000000000
        X[12]:                   0000000000000000
        X[13]:                   0000000000000000
        X[14]:                   0000000000000000
        X[15]:                   0000000000000000
        X[16]:                   0000000000000000
        X[17]:                   0000000000000000
        X[18]:                   0000000000000000
        X[19]:                   0000000000000000
        X[20]:                   0000000000000000
        X[21]:                   0000000000000000
        X[22]:                   0000000000000000
        X[23]:                   0000000000000000
        X[24]:                   0000000000000000
        X[25]:                   0000000000000000
        X[26]:                   0000000000000000
        X[27]:                   0000000000000000
        X[28]:                   0000000000000000
        FP:                      0000002574e43ec0
        LR:                      0000003f166a49ac
        SP:                      0000002574e43ec0
        PC:                      0000003f166a48e0
    Stack Trace:
        ReturnAddress[00]:       0000003f1669bc7c
        ReturnAddress[01]:       0000003f157b420c
        ReturnAddress[02]:       0000003f157a83c8
        ReturnAddress[03]:       0000003f1669bda4
        ReturnAddress[04]:       0000003f1667aef8
        ReturnAddress[05]:       0000000000000000
    Stack Dump:                               00 01 02 03 04 05 06 07 08 09 0a 0b 0c 0d 0e 0f
                                 002574e43ec0 f0 3e e4 74 25 00 00 00 7c bc 69 16 3f 00 00 00
                                 002574e43ed0 90 36 24 17 3f 00 00 00 c0 45 e4 74 25 00 00 00
                                 002574e43ee0 10 3f e4 74 25 00 00 00 80 83 7a 15 3f 00 00 00
                                 002574e43ef0 00 3f e4 74 25 00 00 00 0c 42 7b 15 3f 00 00 00
                                 002574e43f00 10 3f e4 74 25 00 00 00 c8 83 7a 15 3f 00 00 00
                                 002574e43f10 70 3f e4 74 25 00 00 00 a4 bd 69 16 3f 00 00 00
                                 002574e43f20 f0 1b 6a 86 25 00 00 00 80 77 ad b5 40 00 00 00
                                 002574e43f30 a4 82 7a 15 3f 00 00 00 10 1d 6a 86 25 00 00 00
                                 002574e43f40 00 00 00 00 00 00 00 00 00 00 00 00 00 00 00 00
                                 002574e43f50 00 00 00 00 00 00 00 00 00 00 00 00 00 00 00 00
                                 002574e43f60 00 00 00 00 00 00 00 00 9c bd 69 16 3f 00 00 00
                                 002574e43f70 a0 3f e4 74 25 00 00 00 f8 ae 67 16 3f 00 00 00
                                 002574e43f80 d0 3f e4 74 25 00 00 00 80 77 ad b5 40 00 00 00
                                 002574e43f90 00 30 6e 18 3f 00 00 00 00 00 00 00 00 00 00 00
                                 002574e43fa0 00 00 00 00 00 00 00 00 00 00 00 00 00 00 00 00
                                 002574e43fb0 00 00 00 00 00 00 00 00 00 00 00 00 00 00 00 00
    TLS Address:                 00000040b5ad7600
    TLS Dump:                                 00 01 02 03 04 05 06 07 08 09 0a 0b 0c 0d 0e 0f
                                 0040b5ad7600 00 00 00 00 0a 08 e0 03 00 00 00 00 00 00 00 00
                                 0040b5ad7610 53 46 43 4f 00 00 00 00 00 00 00 00 91 ab e3 ac
                                 0040b5ad7620 01 00 00 00 00 00 00 00 00 00 00 00 00 00 00 00
                                 0040b5ad7630 05 00 00 00 08 00 00 f0 00 10 00 00 00 ca 91 19
                                 0040b5ad7640 08 00 00 f0 00 00 00 00 00 00 00 00 00 00 00 00
                                 0040b5ad7650 53 46 43 49 00 00 00 00 06 00 00 00 00 00 00 00
                                 0040b5ad7660 01 00 00 00 00 00 00 00 00 00 00 00 00 00 00 00
                                 0040b5ad7670 00 00 00 00 00 00 00 00 00 00 00 00 00 00 00 00
                                 0040b5ad7680 00 00 00 00 00 00 00 00 00 00 00 00 00 00 00 00
                                 0040b5ad7690 00 00 00 00 00 00 00 00 00 00 00 00 00 00 00 00
                                 0040b5ad76a0 00 00 00 00 00 00 00 00 00 00 00 00 00 00 00 00
                                 0040b5ad76b0 00 00 00 00 00 00 00 00 00 00 00 00 00 00 00 00
                                 0040b5ad76c0 00 00 00 00 00 00 00 00 00 00 00 00 00 00 00 00
                                 0040b5ad76d0 00 00 00 00 00 00 00 00 00 00 00 00 00 00 00 00
                                 0040b5ad76e0 00 00 00 00 00 00 00 00 00 00 00 00 00 00 00 00
                                 0040b5ad76f0 00 00 00 00 00 00 00 00 00 00 00 00 00 00 00 00
Threads[03]:
    Thread ID:                   00000000000002a4
    Stack Region:                000000257a0b4000-000000257a1b5000
    Registers:
        X[00]:                   0000003f17243684
        X[01]:                   0000003f17243678
        X[02]:                   00000000005381d3
        X[03]:                   ffffffffffffffff
        X[04]:                   0000003f17243684
        X[05]:                   0000000000000000
        X[06]:                   0000000000000000
        X[07]:                   0000000000000000
        X[08]:                   0000000000000000
        X[09]:                   0000000000000000
        X[10]:                   0000000000000000
        X[11]:                   0000000000000000
        X[12]:                   0000000000000000
        X[13]:                   0000000000000000
        X[14]:                   0000000000000000
        X[15]:                   0000000000000000
        X[16]:                   0000000000000000
        X[17]:                   0000000000000000
        X[18]:                   0000000000000000
        X[19]:                   0000000000000000
        X[20]:                   0000000000000000
        X[21]:                   0000000000000000
        X[22]:                   0000000000000000
        X[23]:                   0000000000000000
        X[24]:                   0000000000000000
        X[25]:                   0000000000000000
        X[26]:                   0000000000000000
        X[27]:                   0000000000000000
        X[28]:                   0000000000000000
        FP:                      000000257a1b3ec0
        LR:                      0000003f166a49ac
        SP:                      000000257a1b3ec0
        PC:                      0000003f166a48e0
    Stack Trace:
        ReturnAddress[00]:       0000003f1669bc7c
        ReturnAddress[01]:       0000003f157b420c
        ReturnAddress[02]:       0000003f157a83c8
        ReturnAddress[03]:       0000003f1669bda4
        ReturnAddress[04]:       0000003f1667aef8
        ReturnAddress[05]:       0000000000000000
    Stack Dump:                               00 01 02 03 04 05 06 07 08 09 0a 0b 0c 0d 0e 0f
                                 00257a1b3ec0 f0 3e 1b 7a 25 00 00 00 7c bc 69 16 3f 00 00 00
                                 00257a1b3ed0 90 36 24 17 3f 00 00 00 c0 45 1b 7a 25 00 00 00
                                 00257a1b3ee0 10 3f 1b 7a 25 00 00 00 80 83 7a 15 3f 00 00 00
                                 00257a1b3ef0 00 3f 1b 7a 25 00 00 00 0c 42 7b 15 3f 00 00 00
                                 00257a1b3f00 10 3f 1b 7a 25 00 00 00 c8 83 7a 15 3f 00 00 00
                                 00257a1b3f10 70 3f 1b 7a 25 00 00 00 a4 bd 69 16 3f 00 00 00
                                 00257a1b3f20 f0 1b 6a 86 25 00 00 00 80 79 ad b5 40 00 00 00
                                 00257a1b3f30 a4 82 7a 15 3f 00 00 00 10 1d 6a 86 25 00 00 00
                                 00257a1b3f40 00 00 00 00 00 00 00 00 00 00 00 00 00 00 00 00
                                 00257a1b3f50 00 00 00 00 00 00 00 00 00 00 00 00 00 00 00 00
                                 00257a1b3f60 00 00 00 00 00 00 00 00 9c bd 69 16 3f 00 00 00
                                 00257a1b3f70 a0 3f 1b 7a 25 00 00 00 f8 ae 67 16 3f 00 00 00
                                 00257a1b3f80 d0 3f 1b 7a 25 00 00 00 80 79 ad b5 40 00 00 00
                                 00257a1b3f90 00 30 6e 18 3f 00 00 00 00 00 00 00 00 00 00 00
                                 00257a1b3fa0 00 00 00 00 00 00 00 00 00 00 00 00 00 00 00 00
                                 00257a1b3fb0 00 00 00 00 00 00 00 00 00 00 00 00 00 00 00 00
    TLS Address:                 00000040b5ad7800
    TLS Dump:                                 00 01 02 03 04 05 06 07 08 09 0a 0b 0c 0d 0e 0f
                                 0040b5ad7800 00 00 00 00 0a 08 e0 03 00 00 00 00 00 00 00 00
                                 0040b5ad7810 53 46 43 4f 00 00 00 00 00 00 00 00 91 ab e3 ac
                                 0040b5ad7820 01 00 00 00 00 00 00 00 00 00 00 00 00 00 00 00
                                 0040b5ad7830 05 00 00 00 08 00 00 f0 00 10 00 00 e0 62 79 23
                                 0040b5ad7840 08 00 00 f0 00 00 00 00 00 00 00 00 00 00 00 00
                                 0040b5ad7850 53 46 43 49 00 00 00 00 06 00 00 00 00 00 00 00
                                 0040b5ad7860 01 00 00 00 00 00 00 00 00 00 00 00 00 00 00 00
                                 0040b5ad7870 00 00 00 00 00 00 00 00 00 00 00 00 00 00 00 00
                                 0040b5ad7880 00 00 00 00 00 00 00 00 00 00 00 00 00 00 00 00
                                 0040b5ad7890 00 00 00 00 00 00 00 00 00 00 00 00 00 00 00 00
                                 0040b5ad78a0 00 00 00 00 00 00 00 00 00 00 00 00 00 00 00 00
                                 0040b5ad78b0 00 00 00 00 00 00 00 00 00 00 00 00 00 00 00 00
                                 0040b5ad78c0 00 00 00 00 00 00 00 00 00 00 00 00 00 00 00 00
                                 0040b5ad78d0 00 00 00 00 00 00 00 00 00 00 00 00 00 00 00 00
                                 0040b5ad78e0 00 00 00 00 00 00 00 00 00 00 00 00 00 00 00 00
                                 0040b5ad78f0 00 00 00 00 00 00 00 00 00 00 00 00 00 00 00 00
Threads[04]:
    Thread ID:                   00000000000002a5
    Stack Region:                00000025865a3000-00000025866a3000
    Registers:
        X[00]:                   00000000000581fa
        X[01]:                   0000003f16740000
        X[02]:                   0000002f0d427000
        X[03]:                   000000000098c000
        X[04]:                   0000000000000000
        X[05]:                   0000000000000000
        X[06]:                   0000000000000000
        X[07]:                   0000000000000000
        X[08]:                   0000000000000000
        X[09]:                   0000000000000000
        X[10]:                   0000000000000000
        X[11]:                   0000000000000000
        X[12]:                   0000000000000000
        X[13]:                   0000000000000000
        X[14]:                   0000000000000000
        X[15]:                   0000000000000000
        X[16]:                   0000000000000000
        X[17]:                   0000000000000000
        X[18]:                   0000000000000000
        X[19]:                   0000000000000000
        X[20]:                   0000000000000000
        X[21]:                   0000000000000000
        X[22]:                   0000000000000000
        X[23]:                   0000000000000000
        X[24]:                   0000000000000000
        X[25]:                   0000000000000000
        X[26]:                   0000000000000000
        X[27]:                   0000000000000000
        X[28]:                   0000000000000000
        FP:                      00000025866a2fa0
        LR:                      00000020bc0009b4 (hbl + 0x9b4)
        SP:                      00000025866a2fa0
        PC:                      00000020bc0075b4 (hbl + 0x75b4)
    Stack Trace:
        ReturnAddress[00]:       0000003f166ac93c
        ReturnAddress[01]:       0000003f1669bb68
        ReturnAddress[02]:       0000003f1673c2b8
        ReturnAddress[03]:       0000003f1671f4b8
        ReturnAddress[04]:       0000003f157abe00
        ReturnAddress[05]:       0000003f157a8380
        ReturnAddress[06]:       0000003f1669bda4
        ReturnAddress[07]:       0000003f1667aef8
        ReturnAddress[08]:       0000000000000000
    Stack Dump:                               00 01 02 03 04 05 06 07 08 09 0a 0b 0c 0d 0e 0f
                                 0025866a2f00 07 00 00 00 06 00 00 00 07 00 00 00 00 00 00 00
                                 0025866a2f10 10 2f 6a 86 25 00 00 00 10 2f 6a 86 25 00 00 00
                                 0025866a2f20 20 2f 6a 86 25 00 00 00 20 2f 6a 86 25 00 00 00
                                 0025866a2f30 01 00 00 00 01 00 00 00 07 00 00 00 00 00 00 00
                                 0025866a2f40 00 00 00 00 00 00 00 00 18 2d 6a 86 25 00 00 00
                                 0025866a2f50 10 00 00 00 00 00 00 00 00 00 00 00 00 00 00 00
                                 0025866a2f60 d0 2d 6a 86 25 00 00 00 28 2d 6a 86 25 00 00 00
                                 0025866a2f70 00 00 00 00 00 00 00 00 00 00 00 00 00 00 00 00
                                 0025866a2f80 00 00 00 00 00 00 00 00 00 00 00 00 00 00 00 00
                                 0025866a2f90 00 00 00 00 00 00 00 00 10 00 00 00 00 00 00 00
                                 0025866a2fa0 a0 2e 89 77 25 00 00 00 3c c9 6a 16 3f 00 00 00
                                 0025866a2fb0 08 00 00 00 00 00 00 00 80 e1 80 16 3f 00 00 00
                                 0025866a2fc0 e0 2d 6a 86 25 00 00 00 b0 36 24 17 3f 00 00 00
                                 0025866a2fd0 00 00 00 00 00 00 00 00 00 00 00 00 00 00 00 00
                                 0025866a2fe0 10 a0 42 1d 2f 00 00 00 02 00 00 00 00 00 00 00
                                 0025866a2ff0 40 00 00 00 00 00 00 00 00 00 00 00 00 00 00 00
    TLS Address:                 00000040b5ad7a00
    TLS Dump:                                 00 01 02 03 04 05 06 07 08 09 0a 0b 0c 0d 0e 0f
                                 0040b5ad7a00 02 00 00 00 00 00 00 00 00 00 00 00 00 00 00 00
                                 0040b5ad7a10 00 00 00 00 00 00 00 00 00 00 00 00 00 00 00 00
                                 0040b5ad7a20 53 46 43 4f 00 00 00 00 00 00 00 00 1a fe 79 d1
                                 0040b5ad7a30 00 00 00 00 00 00 00 00 03 00 00 00 00 00 00 00
                                 0040b5ad7a40 00 00 00 00 0b 00 00 00 00 00 00 00 00 00 00 00
                                 0040b5ad7a50 53 46 43 49 00 00 00 00 00 00 00 00 00 00 00 00
                                 0040b5ad7a60 01 00 00 00 00 00 00 00 00 00 00 00 00 00 00 00
                                 0040b5ad7a70 00 00 00 00 00 00 00 00 00 00 00 00 00 00 00 00
                                 0040b5ad7a80 00 00 00 00 00 00 00 00 00 00 00 00 00 00 00 00
                                 0040b5ad7a90 00 00 00 00 00 00 00 00 00 00 00 00 00 00 00 00
                                 0040b5ad7aa0 00 00 00 00 00 00 00 00 00 00 00 00 00 00 00 00
                                 0040b5ad7ab0 00 00 00 00 00 00 00 00 00 00 00 00 00 00 00 00
                                 0040b5ad7ac0 00 00 00 00 00 00 00 00 00 00 00 00 00 00 00 00
                                 0040b5ad7ad0 00 00 00 00 00 00 00 00 00 00 00 00 00 00 00 00
                                 0040b5ad7ae0 00 00 00 00 00 00 00 00 00 00 00 00 00 00 00 00
                                 0040b5ad7af0 00 00 00 00 00 00 00 00 00 00 00 00 00 00 00 00
