Atmosphère Crash Report (v1.7):
Result:                          0x1159 (2345-0008)

Process Info:
    Process Name:                hbloader
    Program ID:                  01006f8002326000
    Process ID:                  000000000000008a
    Process Flags:               00000077
    User Exception Address:      0000002383a21000
Exception Info:
    Type:                        User Break
    Address:                     000000451625c910
    Break Reason:                0x0
    Break Address:               0000003ebb7691cc
    Break Size:                  0x4
Crashed Thread Info:
    Thread ID:                   00000000000002a3
    Stack Region:                0000003ebb66a000-0000003ebb76a000
    Registers:
        X[00]:                   0000000000000000
        X[01]:                   0000003ebb7691cc
        X[02]:                   0000000000000004
        X[03]:                   0000003ebb7694c0
        X[04]:                   0000003ebb769520
        X[05]:                   0000000000000004
        X[06]:                   0000003e80f4fff9
        X[07]:                   000000000000003f
        X[08]:                   0000000000000000
        X[09]:                   0000000000000000
        X[10]:                   0000000000000000
        X[11]:                   0000000000000000
        X[12]:                   0000000000000000
        X[13]:                   0000000000000000
        X[14]:                   0000000000000000
        X[15]:                   0000000000000000
        X[16]:                   0000000000000000
        X[17]:                   0000000000000000
        X[18]:                   0000000000000000
        X[19]:                   0000000000000000
        X[20]:                   0000000000000000
        X[21]:                   0000000000000000
        X[22]:                   0000000000000000
        X[23]:                   0000000000000000
        X[24]:                   0000000000000000
        X[25]:                   0000000000000000
        X[26]:                   0000000000000000
        X[27]:                   0000000000000000
        X[28]:                   0000000000000000
        FP:                      0000003ebb7691b0
        LR:                      000000451625362c
        SP:                      0000003ebb7691b0
        PC:                      000000451625c90c
    Stack Trace:
        ReturnAddress[00]:       000000451623fb48
        ReturnAddress[01]:       000000451396e2e4
        ReturnAddress[02]:       00000045144611fc
        ReturnAddress[03]:       0000000a04e50804 ([00000000] + 0x52804)
        ReturnAddress[04]:       0000000a04e5a5d4 ([00000000] + 0x5c5d4)
        ReturnAddress[05]:       000000451445c210
        ReturnAddress[06]:       000000451445bea4
        ReturnAddress[07]:       0000004513dc8928
        ReturnAddress[08]:       0000004513921b00
        ReturnAddress[09]:       000000451626493c
        ReturnAddress[10]:       0000004516253b68
        ReturnAddress[11]:       00000045162f42b8
        ReturnAddress[12]:       00000045162d74b8
        ReturnAddress[13]:       0000004515363e00
        ReturnAddress[14]:       0000004515360380
        ReturnAddress[15]:       0000004516253da4
        ReturnAddress[16]:       0000004516232ef8
        ReturnAddress[17]:       0000000000000000
    Stack Dump:                               00 01 02 03 04 05 06 07 08 09 0a 0b 0c 0d 0e 0f
                                 003ebb7691b0 d0 91 76 bb 3e 00 00 00 48 fb 23 16 45 00 00 00
                                 003ebb7691c0 00 00 00 00 00 00 00 00 00 00 00 00 59 11 00 00
                                 003ebb7691d0 f0 91 76 bb 3e 00 00 00 e4 e2 96 13 45 00 00 00
                                 003ebb7691e0 00 00 a7 85 5a 00 00 00 d0 c1 b2 8e 5a 00 00 00
                                 003ebb7691f0 40 95 76 bb 3e 00 00 00 fc 11 46 14 45 00 00 00
                                 003ebb769200 c0 a4 b2 8e 5a 00 00 00 d0 c1 b2 8e 5a 00 00 00
                                 003ebb769210 03 00 00 00 00 00 00 00 05 00 00 00 00 00 00 00
                                 003ebb769220 00 00 00 00 00 00 00 00 00 00 00 00 00 00 00 00
                                 003ebb769230 00 00 00 00 00 00 00 00 00 00 00 00 00 00 00 00
                                 003ebb769240 00 00 00 00 00 00 00 00 00 00 00 00 00 00 00 00
                                 003ebb769250 00 00 00 00 00 00 00 00 00 00 00 00 00 00 00 00
                                 003ebb769260 00 00 00 00 00 00 00 00 00 00 00 00 00 00 00 00
                                 003ebb769270 00 00 00 00 00 00 00 00 00 00 00 00 00 00 00 00
                                 003ebb769280 28 95 76 bb 3e 00 00 00 00 00 00 00 00 00 00 00
                                 003ebb769290 00 00 00 00 00 00 00 00 00 00 00 00 00 00 00 00
                                 003ebb7692a0 00 00 00 00 00 00 00 00 00 00 00 00 00 00 00 00
    TLS Address:                 0000002383a21200
    TLS Dump:                                 00 01 02 03 04 05 06 07 08 09 0a 0b 0c 0d 0e 0f
                                 002383a21200 00 00 00 00 0c 00 00 00 00 00 00 00 00 00 00 00
                                 002383a21210 00 00 00 00 00 00 00 00 00 00 00 00 00 00 00 00
                                 002383a21220 53 46 43 4f 00 00 00 00 80 04 00 00 b3 0f 1e d6
                                 002383a21230 00 00 00 00 00 00 00 00 01 00 00 00 00 00 00 00
                                 002383a21240 03 00 73 01 06 41 28 c0 31 e5 00 00 00 00 00 00
                                 002383a21250 28 00 00 00 40 74 76 bb 3e 00 28 00 00 00 00 00
                                 002383a21260 00 00 00 00 18 00 00 00 88 97 76 bb 3e 00 18 00
                                 002383a21270 16 00 00 00 00 00 00 00 8a 00 00 00 00 00 00 00
                                 002383a21280 00 00 00 00 00 00 00 00 00 00 00 00 00 00 00 00
                                 002383a21290 00 00 00 00 00 00 00 00 00 00 00 00 00 00 00 00
                                 002383a212a0 00 00 00 00 00 00 00 00 00 00 00 00 00 00 00 00
                                 002383a212b0 00 00 00 00 00 00 00 00 00 00 00 00 00 00 00 00
                                 002383a212c0 00 00 00 00 00 00 00 00 00 00 00 00 00 00 00 00
                                 002383a212d0 00 00 00 00 00 00 00 00 00 00 00 00 00 00 00 00
                                 002383a212e0 00 00 00 00 00 00 00 00 00 00 00 00 00 00 00 00
                                 002383a212f0 00 00 00 00 00 00 00 00 00 00 00 00 00 00 00 00
Module Info:
    Number of Modules:           02
    Module 00:
        Address:                 0000000a04dfe000-0000000a0cdfe000
        Name:                    [00000000]
        Module Id:               0000000000000000000000000000000000000000000000000000000000000000
    Module 01:
        Address:                 000000232c200000-000000232c20b000
        Name:                    hbl
        Module Id:               A48F084FBD81E89BDB7BB8504C5F146E7466933E000000000000000000000000
Thread Report:
Number of Threads:               05
Threads[00]:
    Thread ID:                   00000000000002a3
    Stack Region:                0000003ebb66a000-0000003ebb76a000
    Registers:
        X[00]:                   0000000000000000
        X[01]:                   0000003ebb7691cc
        X[02]:                   0000000000000004
        X[03]:                   0000003ebb7694c0
        X[04]:                   0000003ebb769520
        X[05]:                   0000000000000004
        X[06]:                   0000003e80f4fff9
        X[07]:                   000000000000003f
        X[08]:                   0000000000000000
        X[09]:                   0000000000000000
        X[10]:                   0000000000000000
        X[11]:                   0000000000000000
        X[12]:                   0000000000000000
        X[13]:                   0000000000000000
        X[14]:                   0000000000000000
        X[15]:                   0000000000000000
        X[16]:                   0000000000000000
        X[17]:                   0000000000000000
        X[18]:                   0000000000000000
        X[19]:                   0000000000000000
        X[20]:                   0000000000000000
        X[21]:                   0000000000000000
        X[22]:                   0000000000000000
        X[23]:                   0000000000000000
        X[24]:                   0000000000000000
        X[25]:                   0000000000000000
        X[26]:                   0000000000000000
        X[27]:                   0000000000000000
        X[28]:                   0000000000000000
        FP:                      0000003ebb7691b0
        LR:                      000000451625362c
        SP:                      0000003ebb7691b0
        PC:                      000000451625c90c
    Stack Trace:
        ReturnAddress[00]:       000000451623fb48
        ReturnAddress[01]:       000000451396e2e4
        ReturnAddress[02]:       00000045144611fc
        ReturnAddress[03]:       0000000a04e50804 ([00000000] + 0x52804)
        ReturnAddress[04]:       0000000a04e5a5d4 ([00000000] + 0x5c5d4)
        ReturnAddress[05]:       000000451445c210
        ReturnAddress[06]:       000000451445bea4
        ReturnAddress[07]:       0000004513dc8928
        ReturnAddress[08]:       0000004513921b00
        ReturnAddress[09]:       000000451626493c
        ReturnAddress[10]:       0000004516253b68
        ReturnAddress[11]:       00000045162f42b8
        ReturnAddress[12]:       00000045162d74b8
        ReturnAddress[13]:       0000004515363e00
        ReturnAddress[14]:       0000004515360380
        ReturnAddress[15]:       0000004516253da4
        ReturnAddress[16]:       0000004516232ef8
        ReturnAddress[17]:       0000000000000000
    Stack Dump:                               00 01 02 03 04 05 06 07 08 09 0a 0b 0c 0d 0e 0f
                                 003ebb7691b0 d0 91 76 bb 3e 00 00 00 48 fb 23 16 45 00 00 00
                                 003ebb7691c0 00 00 00 00 00 00 00 00 00 00 00 00 59 11 00 00
                                 003ebb7691d0 f0 91 76 bb 3e 00 00 00 e4 e2 96 13 45 00 00 00
                                 003ebb7691e0 00 00 a7 85 5a 00 00 00 d0 c1 b2 8e 5a 00 00 00
                                 003ebb7691f0 40 95 76 bb 3e 00 00 00 fc 11 46 14 45 00 00 00
                                 003ebb769200 c0 a4 b2 8e 5a 00 00 00 d0 c1 b2 8e 5a 00 00 00
                                 003ebb769210 03 00 00 00 00 00 00 00 05 00 00 00 00 00 00 00
                                 003ebb769220 00 00 00 00 00 00 00 00 00 00 00 00 00 00 00 00
                                 003ebb769230 00 00 00 00 00 00 00 00 00 00 00 00 00 00 00 00
                                 003ebb769240 00 00 00 00 00 00 00 00 00 00 00 00 00 00 00 00
                                 003ebb769250 00 00 00 00 00 00 00 00 00 00 00 00 00 00 00 00
                                 003ebb769260 00 00 00 00 00 00 00 00 00 00 00 00 00 00 00 00
                                 003ebb769270 00 00 00 00 00 00 00 00 00 00 00 00 00 00 00 00
                                 003ebb769280 28 95 76 bb 3e 00 00 00 00 00 00 00 00 00 00 00
                                 003ebb769290 00 00 00 00 00 00 00 00 00 00 00 00 00 00 00 00
                                 003ebb7692a0 00 00 00 00 00 00 00 00 00 00 00 00 00 00 00 00
    TLS Address:                 0000002383a21200
    TLS Dump:                                 00 01 02 03 04 05 06 07 08 09 0a 0b 0c 0d 0e 0f
                                 002383a21200 00 00 00 00 0c 00 00 00 00 00 00 00 00 00 00 00
                                 002383a21210 00 00 00 00 00 00 00 00 00 00 00 00 00 00 00 00
                                 002383a21220 53 46 43 4f 00 00 00 00 80 04 00 00 b3 0f 1e d6
                                 002383a21230 00 00 00 00 00 00 00 00 01 00 00 00 00 00 00 00
                                 002383a21240 03 00 73 01 06 41 28 c0 31 e5 00 00 00 00 00 00
                                 002383a21250 28 00 00 00 40 74 76 bb 3e 00 28 00 00 00 00 00
                                 002383a21260 00 00 00 00 18 00 00 00 88 97 76 bb 3e 00 18 00
                                 002383a21270 16 00 00 00 00 00 00 00 8a 00 00 00 00 00 00 00
                                 002383a21280 00 00 00 00 00 00 00 00 00 00 00 00 00 00 00 00
                                 002383a21290 00 00 00 00 00 00 00 00 00 00 00 00 00 00 00 00
                                 002383a212a0 00 00 00 00 00 00 00 00 00 00 00 00 00 00 00 00
                                 002383a212b0 00 00 00 00 00 00 00 00 00 00 00 00 00 00 00 00
                                 002383a212c0 00 00 00 00 00 00 00 00 00 00 00 00 00 00 00 00
                                 002383a212d0 00 00 00 00 00 00 00 00 00 00 00 00 00 00 00 00
                                 002383a212e0 00 00 00 00 00 00 00 00 00 00 00 00 00 00 00 00
                                 002383a212f0 00 00 00 00 00 00 00 00 00 00 00 00 00 00 00 00
Threads[01]:
    Thread ID:                   00000000000002ca
    Stack Region:                0000003ec8db1000-0000003ec8eb2000
    Registers:
        X[00]:                   0000004516dfb684
        X[01]:                   0000004516dfb678
        X[02]:                   00000000005281d4
        X[03]:                   ffffffffffffffff
        X[04]:                   0000004516dfb684
        X[05]:                   0000000000000000
        X[06]:                   0000000000000000
        X[07]:                   0000000000000000
        X[08]:                   0000000000000000
        X[09]:                   0000000000000000
        X[10]:                   0000000000000000
        X[11]:                   0000000000000000
        X[12]:                   0000000000000000
        X[13]:                   0000000000000000
        X[14]:                   0000000000000000
        X[15]:                   0000000000000000
        X[16]:                   0000000000000000
        X[17]:                   0000000000000000
        X[18]:                   0000000000000000
        X[19]:                   0000000000000000
        X[20]:                   0000000000000000
        X[21]:                   0000000000000000
        X[22]:                   0000000000000000
        X[23]:                   0000000000000000
        X[24]:                   0000000000000000
        X[25]:                   0000000000000000
        X[26]:                   0000000000000000
        X[27]:                   0000000000000000
        X[28]:                   0000000000000000
        FP:                      0000003ec8eb0ec0
        LR:                      000000451625c9ac
        SP:                      0000003ec8eb0ec0
        PC:                      000000451625c8e0
    Stack Trace:
        ReturnAddress[00]:       0000004516253c7c
        ReturnAddress[01]:       000000451536c20c
        ReturnAddress[02]:       00000045153603c8
        ReturnAddress[03]:       0000004516253da4
        ReturnAddress[04]:       0000004516232ef8
        ReturnAddress[05]:       0000000000000000
    Stack Dump:                               00 01 02 03 04 05 06 07 08 09 0a 0b 0c 0d 0e 0f
                                 003ec8eb0ec0 f0 0e eb c8 3e 00 00 00 7c 3c 25 16 45 00 00 00
                                 003ec8eb0ed0 90 b6 df 16 45 00 00 00 c0 15 eb c8 3e 00 00 00
                                 003ec8eb0ee0 10 0f eb c8 3e 00 00 00 80 03 36 15 45 00 00 00
                                 003ec8eb0ef0 00 0f eb c8 3e 00 00 00 0c c2 36 15 45 00 00 00
                                 003ec8eb0f00 10 0f eb c8 3e 00 00 00 c8 03 36 15 45 00 00 00
                                 003ec8eb0f10 70 0f eb c8 3e 00 00 00 a4 3d 25 16 45 00 00 00
                                 003ec8eb0f20 10 8c 76 bb 3e 00 00 00 80 15 a2 83 23 00 00 00
                                 003ec8eb0f30 a4 02 36 15 45 00 00 00 30 8d 76 bb 3e 00 00 00
                                 003ec8eb0f40 00 00 00 00 00 00 00 00 00 00 00 00 00 00 00 00
                                 003ec8eb0f50 00 00 00 00 00 00 00 00 00 00 00 00 00 00 00 00
                                 003ec8eb0f60 00 00 00 00 00 00 00 00 9c 3d 25 16 45 00 00 00
                                 003ec8eb0f70 a0 0f eb c8 3e 00 00 00 f8 2e 23 16 45 00 00 00
                                 003ec8eb0f80 d0 0f eb c8 3e 00 00 00 80 15 a2 83 23 00 00 00
                                 003ec8eb0f90 00 b0 29 18 45 00 00 00 00 00 00 00 00 00 00 00
                                 003ec8eb0fa0 00 00 00 00 00 00 00 00 00 00 00 00 00 00 00 00
                                 003ec8eb0fb0 00 00 00 00 00 00 00 00 00 00 00 00 00 00 00 00
    TLS Address:                 0000002383a21400
    TLS Dump:                                 00 01 02 03 04 05 06 07 08 09 0a 0b 0c 0d 0e 0f
                                 002383a21400 00 00 00 00 0a 08 e0 03 00 00 00 00 00 00 00 00
                                 002383a21410 53 46 43 4f 00 00 00 00 00 00 00 00 91 ab e3 ac
                                 002383a21420 01 00 00 00 00 00 00 00 00 00 00 00 00 00 00 00
                                 002383a21430 05 00 00 00 00 00 00 00 00 00 00 00 00 00 00 00
                                 002383a21440 00 00 00 00 00 00 00 00 00 00 00 00 00 00 00 00
                                 002383a21450 00 04 00 00 00 00 00 00 00 00 00 00 00 00 00 00
                                 002383a21460 00 00 00 00 00 00 00 00 00 00 00 00 00 00 00 00
                                 002383a21470 00 00 00 00 00 00 00 00 00 00 00 00 00 00 00 00
                                 002383a21480 00 00 00 00 00 00 00 00 00 00 00 00 00 00 00 00
                                 002383a21490 00 00 00 00 00 00 00 00 00 00 00 00 00 00 00 00
                                 002383a214a0 00 00 00 00 00 00 00 00 00 00 00 00 00 00 00 00
                                 002383a214b0 00 00 00 00 00 00 00 00 00 00 00 00 00 00 00 00
                                 002383a214c0 00 00 00 00 00 00 00 00 00 00 00 00 00 00 00 00
                                 002383a214d0 00 00 00 00 00 00 00 00 00 00 00 00 00 00 00 00
                                 002383a214e0 00 00 00 00 00 00 00 00 00 00 00 00 00 00 00 00
                                 002383a214f0 00 00 00 00 00 00 00 00 00 00 00 00 00 00 00 00
Threads[02]:
    Thread ID:                   00000000000002cb
    Stack Region:                0000003ebb66a000-0000003ebb76a000
    Registers:
        X[00]:                   00000000000581fa
        X[01]:                   00000045162f8000
        X[02]:                   0000005a81627000
        X[03]:                   000000000098c000
        X[04]:                   0000000000000000
        X[05]:                   0000000000000000
        X[06]:                   0000000000000000
        X[07]:                   0000000000000000
        X[08]:                   0000000000000000
        X[09]:                   0000000000000000
        X[10]:                   0000000000000000
        X[11]:                   0000000000000000
        X[12]:                   0000000000000000
        X[13]:                   0000000000000000
        X[14]:                   0000000000000000
        X[15]:                   0000000000000000
        X[16]:                   0000000000000000
        X[17]:                   0000000000000000
        X[18]:                   0000000000000000
        X[19]:                   0000000000000000
        X[20]:                   0000000000000000
        X[21]:                   0000000000000000
        X[22]:                   0000000000000000
        X[23]:                   0000000000000000
        X[24]:                   0000000000000000
        X[25]:                   0000000000000000
        X[26]:                   0000000000000000
        X[27]:                   0000000000000000
        X[28]:                   0000000000000000
        FP:                      0000003ebb769fa0
        LR:                      000000232c2009b4 (hbl + 0x9b4)
        SP:                      0000003ebb769fa0
        PC:                      000000232c2075b4 (hbl + 0x75b4)
    Stack Trace:
        ReturnAddress[00]:       000000451626493c
        ReturnAddress[01]:       0000004516253b68
        ReturnAddress[02]:       00000045162f42b8
        ReturnAddress[03]:       00000045162d74b8
        ReturnAddress[04]:       0000004515363e00
        ReturnAddress[05]:       0000004515360380
        ReturnAddress[06]:       0000004516253da4
        ReturnAddress[07]:       0000004516232ef8
        ReturnAddress[08]:       0000000000000000
    Stack Dump:                               00 01 02 03 04 05 06 07 08 09 0a 0b 0c 0d 0e 0f
                                 003ebb769f00 07 00 00 00 06 00 00 00 07 00 00 00 00 00 00 00
                                 003ebb769f10 10 9f 76 bb 3e 00 00 00 10 9f 76 bb 3e 00 00 00
                                 003ebb769f20 20 9f 76 bb 3e 00 00 00 20 9f 76 bb 3e 00 00 00
                                 003ebb769f30 01 00 00 00 01 00 00 00 07 00 00 00 00 00 00 00
                                 003ebb769f40 00 00 00 00 00 00 00 00 18 9d 76 bb 3e 00 00 00
                                 003ebb769f50 10 00 00 00 00 00 00 00 00 00 00 00 00 00 00 00
                                 003ebb769f60 d0 9d 76 bb 3e 00 00 00 28 9d 76 bb 3e 00 00 00
                                 003ebb769f70 00 00 00 00 00 00 00 00 00 00 00 00 00 00 00 00
                                 003ebb769f80 00 00 00 00 00 00 00 00 00 00 00 00 00 00 00 00
                                 003ebb769f90 00 00 00 00 00 00 00 00 10 00 00 00 00 00 00 00
                                 003ebb769fa0 a0 ce d2 f7 3e 00 00 00 3c 49 26 16 45 00 00 00
                                 003ebb769fb0 08 00 00 00 00 00 00 00 80 61 3c 16 45 00 00 00
                                 003ebb769fc0 e0 9d 76 bb 3e 00 00 00 b0 b6 df 16 45 00 00 00
                                 003ebb769fd0 00 00 00 00 00 00 00 00 00 00 00 00 00 00 00 00
                                 003ebb769fe0 a0 80 62 91 5a 00 00 00 02 00 00 00 00 00 00 00
                                 003ebb769ff0 40 00 00 00 00 00 00 00 00 00 00 00 00 00 00 00
    TLS Address:                 0000002383a21600
    TLS Dump:                                 00 01 02 03 04 05 06 07 08 09 0a 0b 0c 0d 0e 0f
                                 002383a21600 02 00 00 00 00 00 00 00 00 00 00 00 00 00 00 00
                                 002383a21610 00 00 00 00 00 00 00 00 00 00 00 00 00 00 00 00
                                 002383a21620 53 46 43 4f 00 00 00 00 00 00 00 00 1a fe 79 d1
                                 002383a21630 00 00 00 00 00 00 00 00 03 00 00 00 00 00 00 00
                                 002383a21640 00 00 00 00 0b 00 00 00 00 00 00 00 00 00 00 00
                                 002383a21650 53 46 43 49 00 00 00 00 00 00 00 00 00 00 00 00
                                 002383a21660 01 00 00 00 00 00 00 00 00 00 00 00 00 00 00 00
                                 002383a21670 00 00 00 00 00 00 00 00 00 00 00 00 00 00 00 00
                                 002383a21680 00 00 00 00 00 00 00 00 00 00 00 00 00 00 00 00
                                 002383a21690 00 00 00 00 00 00 00 00 00 00 00 00 00 00 00 00
                                 002383a216a0 00 00 00 00 00 00 00 00 00 00 00 00 00 00 00 00
                                 002383a216b0 00 00 00 00 00 00 00 00 00 00 00 00 00 00 00 00
                                 002383a216c0 00 00 00 00 00 00 00 00 00 00 00 00 00 00 00 00
                                 002383a216d0 00 00 00 00 00 00 00 00 00 00 00 00 00 00 00 00
                                 002383a216e0 00 00 00 00 00 00 00 00 00 00 00 00 00 00 00 00
                                 002383a216f0 00 00 00 00 00 00 00 00 00 00 00 00 00 00 00 00
Threads[03]:
    Thread ID:                   00000000000002cc
    Stack Region:                0000003ee2067000-0000003ee2168000
    Registers:
        X[00]:                   0000004516dfb684
        X[01]:                   0000004516dfb678
        X[02]:                   00000000005381d3
        X[03]:                   ffffffffffffffff
        X[04]:                   0000004516dfb684
        X[05]:                   0000004516305266
        X[06]:                   0000000000000002
        X[07]:                   0000000000000001
        X[08]:                   0000000000000000
        X[09]:                   0000000000000000
        X[10]:                   0000000000000000
        X[11]:                   0000000000000000
        X[12]:                   0000000000000000
        X[13]:                   0000000000000000
        X[14]:                   0000000000000000
        X[15]:                   0000000000000000
        X[16]:                   0000000000000000
        X[17]:                   0000000000000000
        X[18]:                   0000000000000000
        X[19]:                   0000000000000000
        X[20]:                   0000000000000000
        X[21]:                   0000000000000000
        X[22]:                   0000000000000000
        X[23]:                   0000000000000000
        X[24]:                   0000000000000000
        X[25]:                   0000000000000000
        X[26]:                   0000000000000000
        X[27]:                   0000000000000000
        X[28]:                   0000000000000000
        FP:                      0000003ee2166ec0
        LR:                      000000451625c9ac
        SP:                      0000003ee2166ec0
        PC:                      000000451625c8e0
    Stack Trace:
        ReturnAddress[00]:       0000004516253c7c
        ReturnAddress[01]:       000000451536c20c
        ReturnAddress[02]:       00000045153603c8
        ReturnAddress[03]:       0000004516253da4
        ReturnAddress[04]:       0000004516232ef8
        ReturnAddress[05]:       0000000000000000
    Stack Dump:                               00 01 02 03 04 05 06 07 08 09 0a 0b 0c 0d 0e 0f
                                 003ee2166ec0 f0 6e 16 e2 3e 00 00 00 7c 3c 25 16 45 00 00 00
                                 003ee2166ed0 90 b6 df 16 45 00 00 00 00 00 00 00 00 00 00 00
                                 003ee2166ee0 00 6f 16 e2 3e 00 00 00 4c c0 36 15 45 00 00 00
                                 003ee2166ef0 00 6f 16 e2 3e 00 00 00 0c c2 36 15 45 00 00 00
                                 003ee2166f00 10 6f 16 e2 3e 00 00 00 c8 03 36 15 45 00 00 00
                                 003ee2166f10 70 6f 16 e2 3e 00 00 00 a4 3d 25 16 45 00 00 00
                                 003ee2166f20 10 8c 76 bb 3e 00 00 00 80 19 a2 83 23 00 00 00
                                 003ee2166f30 a4 02 36 15 45 00 00 00 30 8d 76 bb 3e 00 00 00
                                 003ee2166f40 00 00 00 00 00 00 00 00 00 00 00 00 00 00 00 00
                                 003ee2166f50 00 00 00 00 00 00 00 00 00 00 00 00 00 00 00 00
                                 003ee2166f60 00 00 00 00 00 00 00 00 9c 3d 25 16 45 00 00 00
                                 003ee2166f70 a0 6f 16 e2 3e 00 00 00 f8 2e 23 16 45 00 00 00
                                 003ee2166f80 d0 6f 16 e2 3e 00 00 00 80 19 a2 83 23 00 00 00
                                 003ee2166f90 00 b0 29 18 45 00 00 00 00 00 00 00 00 00 00 00
                                 003ee2166fa0 00 00 00 00 00 00 00 00 00 00 00 00 00 00 00 00
                                 003ee2166fb0 00 00 00 00 00 00 00 00 00 00 00 00 00 00 00 00
    TLS Address:                 0000002383a21800
    TLS Dump:                                 00 01 02 03 04 05 06 07 08 09 0a 0b 0c 0d 0e 0f
                                 002383a21800 00 00 00 00 00 00 00 00 00 00 00 00 00 00 00 00
                                 002383a21810 00 00 00 00 00 00 00 00 00 00 00 00 00 00 00 00
                                 002383a21820 00 00 00 00 00 00 00 00 00 00 00 00 00 00 00 00
                                 002383a21830 00 00 00 00 00 00 00 00 00 00 00 00 00 00 00 00
                                 002383a21840 00 00 00 00 00 00 00 00 00 00 00 00 00 00 00 00
                                 002383a21850 00 00 00 00 00 00 00 00 00 00 00 00 00 00 00 00
                                 002383a21860 00 00 00 00 00 00 00 00 00 00 00 00 00 00 00 00
                                 002383a21870 00 00 00 00 00 00 00 00 00 00 00 00 00 00 00 00
                                 002383a21880 00 00 00 00 00 00 00 00 00 00 00 00 00 00 00 00
                                 002383a21890 00 00 00 00 00 00 00 00 00 00 00 00 00 00 00 00
                                 002383a218a0 00 00 00 00 00 00 00 00 00 00 00 00 00 00 00 00
                                 002383a218b0 00 00 00 00 00 00 00 00 00 00 00 00 00 00 00 00
                                 002383a218c0 00 00 00 00 00 00 00 00 00 00 00 00 00 00 00 00
                                 002383a218d0 00 00 00 00 00 00 00 00 00 00 00 00 00 00 00 00
                                 002383a218e0 00 00 00 00 00 00 00 00 00 00 00 00 00 00 00 00
                                 002383a218f0 00 00 00 00 00 00 00 00 00 00 00 00 00 00 00 00
Threads[04]:
    Thread ID:                   00000000000002cd
    Stack Region:                0000003ee8997000-0000003ee8a98000
    Registers:
        X[00]:                   0000004516dfb684
        X[01]:                   0000004516dfb678
        X[02]:                   00000000005401d2
        X[03]:                   ffffffffffffffff
        X[04]:                   0000004516dfb684
        X[05]:                   0000004516305266
        X[06]:                   0000000000000002
        X[07]:                   0000000000000001
        X[08]:                   0000000000000000
        X[09]:                   0000000000000000
        X[10]:                   0000000000000000
        X[11]:                   0000000000000000
        X[12]:                   0000000000000000
        X[13]:                   0000000000000000
        X[14]:                   0000000000000000
        X[15]:                   0000000000000000
        X[16]:                   0000000000000000
        X[17]:                   0000000000000000
        X[18]:                   0000000000000000
        X[19]:                   0000000000000000
        X[20]:                   0000000000000000
        X[21]:                   0000000000000000
        X[22]:                   0000000000000000
        X[23]:                   0000000000000000
        X[24]:                   0000000000000000
        X[25]:                   0000000000000000
        X[26]:                   0000000000000000
        X[27]:                   0000000000000000
        X[28]:                   0000000000000000
        FP:                      0000003ee8a96ec0
        LR:                      000000451625c9ac
        SP:                      0000003ee8a96ec0
        PC:                      000000451625c8e0
    Stack Trace:
        ReturnAddress[00]:       0000004516253c7c
        ReturnAddress[01]:       000000451536c20c
        ReturnAddress[02]:       00000045153603c8
        ReturnAddress[03]:       0000004516253da4
        ReturnAddress[04]:       0000004516232ef8
        ReturnAddress[05]:       0000000000000000
    Stack Dump:                               00 01 02 03 04 05 06 07 08 09 0a 0b 0c 0d 0e 0f
                                 003ee8a96ec0 f0 6e a9 e8 3e 00 00 00 7c 3c 25 16 45 00 00 00
                                 003ee8a96ed0 90 b6 df 16 45 00 00 00 00 00 00 00 00 00 00 00
                                 003ee8a96ee0 00 6f a9 e8 3e 00 00 00 4c c0 36 15 45 00 00 00
                                 003ee8a96ef0 00 6f a9 e8 3e 00 00 00 0c c2 36 15 45 00 00 00
                                 003ee8a96f00 10 6f a9 e8 3e 00 00 00 c8 03 36 15 45 00 00 00
                                 003ee8a96f10 70 6f a9 e8 3e 00 00 00 a4 3d 25 16 45 00 00 00
                                 003ee8a96f20 10 8c 76 bb 3e 00 00 00 80 1b a2 83 23 00 00 00
                                 003ee8a96f30 a4 02 36 15 45 00 00 00 30 8d 76 bb 3e 00 00 00
                                 003ee8a96f40 00 00 00 00 00 00 00 00 00 00 00 00 00 00 00 00
                                 003ee8a96f50 00 00 00 00 00 00 00 00 00 00 00 00 00 00 00 00
                                 003ee8a96f60 00 00 00 00 00 00 00 00 9c 3d 25 16 45 00 00 00
                                 003ee8a96f70 a0 6f a9 e8 3e 00 00 00 f8 2e 23 16 45 00 00 00
                                 003ee8a96f80 d0 6f a9 e8 3e 00 00 00 80 1b a2 83 23 00 00 00
                                 003ee8a96f90 00 b0 29 18 45 00 00 00 00 00 00 00 00 00 00 00
                                 003ee8a96fa0 00 00 00 00 00 00 00 00 00 00 00 00 00 00 00 00
                                 003ee8a96fb0 00 00 00 00 00 00 00 00 00 00 00 00 00 00 00 00
    TLS Address:                 0000002383a21a00
    TLS Dump:                                 00 01 02 03 04 05 06 07 08 09 0a 0b 0c 0d 0e 0f
                                 002383a21a00 00 00 00 00 00 00 00 00 00 00 00 00 00 00 00 00
                                 002383a21a10 00 00 00 00 00 00 00 00 00 00 00 00 00 00 00 00
                                 002383a21a20 00 00 00 00 00 00 00 00 00 00 00 00 00 00 00 00
                                 002383a21a30 00 00 00 00 00 00 00 00 00 00 00 00 00 00 00 00
                                 002383a21a40 00 00 00 00 00 00 00 00 00 00 00 00 00 00 00 00
                                 002383a21a50 00 00 00 00 00 00 00 00 00 00 00 00 00 00 00 00
                                 002383a21a60 00 00 00 00 00 00 00 00 00 00 00 00 00 00 00 00
                                 002383a21a70 00 00 00 00 00 00 00 00 00 00 00 00 00 00 00 00
                                 002383a21a80 00 00 00 00 00 00 00 00 00 00 00 00 00 00 00 00
                                 002383a21a90 00 00 00 00 00 00 00 00 00 00 00 00 00 00 00 00
                                 002383a21aa0 00 00 00 00 00 00 00 00 00 00 00 00 00 00 00 00
                                 002383a21ab0 00 00 00 00 00 00 00 00 00 00 00 00 00 00 00 00
                                 002383a21ac0 00 00 00 00 00 00 00 00 00 00 00 00 00 00 00 00
                                 002383a21ad0 00 00 00 00 00 00 00 00 00 00 00 00 00 00 00 00
                                 002383a21ae0 00 00 00 00 00 00 00 00 00 00 00 00 00 00 00 00
                                 002383a21af0 00 00 00 00 00 00 00 00 00 00 00 00 00 00 00 00
