Atmosphère Crash Report (v1.7):
Result:                          0x10801 (2001-0132)

Process Info:
    Process Name:                playerSelec
    Program ID:                  0100000000001007
    Process ID:                  00000000000000a4
    Process Flags:               000010b7
    User Exception Address:      000000590ae5b000
Exception Info:
    Type:                        User Break
    Address:                     0000001802b92d6c ([ff428acc] + 0x192d6c)
    Break Reason:                0x0
    Break Address:               00000042a8efae9c
    Break Size:                  0x4
Crashed Thread Info:
    Thread ID:                   0000000000000696
    Thread Name:                 MainThread
    Stack Region:                00000042a8dfb000-00000042a8efb000
    Registers:
        X[00]:                   0000000000000000
        X[01]:                   00000042a8efae9c
        X[02]:                   0000000000000004
        X[03]:                   0000000000000000
        X[04]:                   00000042a8efae9c
        X[05]:                   0000000000000000
        X[06]:                   0000001802eaa2ce
        X[07]:                   00000042a8efae50
        X[08]:                   0000000000000000
        X[09]:                   0000000000000000
        X[10]:                   0000000000000000
        X[11]:                   0000000000000000
        X[12]:                   0000000000000000
        X[13]:                   0000000000000000
        X[14]:                   0000000000000000
        X[15]:                   0000000000000000
        X[16]:                   0000000000000000
        X[17]:                   0000000000000000
        X[18]:                   0000000000000000
        X[19]:                   0000000000000000
        X[20]:                   0000000000000000
        X[21]:                   0000000000000000
        X[22]:                   0000000000000000
        X[23]:                   0000000000000000
        X[24]:                   0000000000000000
        X[25]:                   0000000000000000
        X[26]:                   0000000000000000
        X[27]:                   0000000000000000
        X[28]:                   0000000000000000
        FP:                      00000042a8efacd0
        LR:                      0000001802b57dd8 ([ff428acc] + 0x157dd8)
        SP:                      00000042a8efacd0
        PC:                      0000001802b92d68 ([ff428acc] + 0x192d68)
    Stack Trace:
        ReturnAddress[00]:       0000001802b570d8 ([ff428acc] + 0x1570d8)
        ReturnAddress[01]:       0000001802b57138 ([ff428acc] + 0x157138)
        ReturnAddress[02]:       0000001802b57218 ([ff428acc] + 0x157218)
        ReturnAddress[03]:       0000001802c087bc ([ff428acc] + 0x2087bc)
        ReturnAddress[04]:       0000001802c70f2c ([ff428acc] + 0x270f2c)
        ReturnAddress[05]:       0000001802c70d1c ([ff428acc] + 0x270d1c)
        ReturnAddress[06]:       0000001802c70c80 ([ff428acc] + 0x270c80)
        ReturnAddress[07]:       0000001802c705b0 ([ff428acc] + 0x2705b0)
        ReturnAddress[08]:       0000001802c70300 ([ff428acc] + 0x270300)
        ReturnAddress[09]:       0000001802a9daac ([ff428acc] + 0x9daac)
        ReturnAddress[10]:       0000001802a9da54 ([ff428acc] + 0x9da54)
        ReturnAddress[11]:       0000001802a0008c ([ff428acc] + 0x8c)
    Stack Dump:                               00 01 02 03 04 05 06 07 08 09 0a 0b 0c 0d 0e 0f
                                 0042a8efacd0 60 ad ef a8 42 00 00 00 d8 70 b5 02 18 00 00 00
                                 0042a8eface0 03 00 00 00 00 00 00 00 50 ad ef a8 42 00 00 00
                                 0042a8efacf0 ce a2 ea 02 18 00 00 00 ce a2 ea 02 18 00 00 00
                                 0042a8efad00 ce a2 ea 02 18 00 00 00 00 00 00 00 00 00 00 00
                                 0042a8efad10 01 08 01 00 00 00 00 00 00 00 00 00 00 00 00 00
                                 0042a8efad20 03 00 00 00 00 00 00 00 50 ad ef a8 42 00 00 00
                                 0042a8efad30 ce a2 ea 02 18 00 00 00 ce a2 ea 02 18 00 00 00
                                 0042a8efad40 ce a2 ea 02 18 00 00 00 00 00 00 00 00 00 00 00
                                 0042a8efad50 ce a2 ea 02 18 00 00 00 50 ae ef a8 42 00 00 00
                                 0042a8efad60 70 ae ef a8 42 00 00 00 38 71 b5 02 18 00 00 00
                                 0042a8efad70 00 00 00 00 00 00 00 00 00 00 00 00 00 00 00 00
                                 0042a8efad80 00 00 00 00 00 00 00 00 00 00 00 00 00 00 00 00
                                 0042a8efad90 88 a4 ff 02 18 00 00 00 a0 b4 0e 03 18 00 00 00
                                 0042a8efada0 40 b5 0e 03 18 00 00 00 7b ee ea 02 18 00 00 00
                                 0042a8efadb0 d0 b5 0e 03 18 00 00 00 38 af ef a8 42 00 00 00
                                 0042a8efadc0 00 00 00 00 00 00 00 00 00 00 00 00 00 00 00 00
    TLS Address:                 000000590ae5b200
    TLS Dump:                                 00 01 02 03 04 05 06 07 08 09 0a 0b 0c 0d 0e 0f
                                 00590ae5b200 00 00 00 00 00 00 00 00 00 00 00 00 00 00 00 00
                                 00590ae5b210 00 00 00 00 00 00 00 00 00 00 00 00 00 00 00 00
                                 00590ae5b220 00 00 00 00 00 00 00 00 00 00 00 00 00 00 00 00
                                 00590ae5b230 00 00 00 00 00 00 00 00 00 00 00 00 00 00 00 00
                                 00590ae5b240 00 00 00 00 00 00 00 00 00 00 00 00 00 00 00 00
                                 00590ae5b250 00 00 00 00 00 00 00 00 00 00 00 00 00 00 00 00
                                 00590ae5b260 00 00 00 00 00 00 00 00 00 00 00 00 00 00 00 00
                                 00590ae5b270 00 00 00 00 00 00 00 00 00 00 00 00 00 00 00 00
                                 00590ae5b280 00 00 00 00 00 00 00 00 00 00 00 00 00 00 00 00
                                 00590ae5b290 00 00 00 00 00 00 00 00 00 00 00 00 00 00 00 00
                                 00590ae5b2a0 00 00 00 00 00 00 00 00 00 00 00 00 00 00 00 00
                                 00590ae5b2b0 00 00 00 00 00 00 00 00 00 00 00 00 00 00 00 00
                                 00590ae5b2c0 00 00 00 00 00 00 00 00 00 00 00 00 00 00 00 00
                                 00590ae5b2d0 00 00 00 00 00 00 00 00 00 00 00 00 00 00 00 00
                                 00590ae5b2e0 00 00 00 00 00 00 00 00 00 00 00 00 00 00 00 00
                                 00590ae5b2f0 00 00 00 00 00 00 00 00 00 00 00 00 00 00 00 00
Module Info:
    Number of Modules:           01
    Module 00:
        Address:                 0000001802a00000-0000001802ea4000
        Name:                    [ff428acc]
        Module Id:               FF428ACC9DD0AAD1EE8BF414484C049A0EBDB7BF000000000000000000000000
Thread Report:
Number of Threads:               01
Threads[00]:
    Thread ID:                   0000000000000696
    Thread Name:                 MainThread
    Stack Region:                00000042a8dfb000-00000042a8efb000
    Registers:
        X[00]:                   0000000000000000
        X[01]:                   00000042a8efae9c
        X[02]:                   0000000000000004
        X[03]:                   0000000000000000
        X[04]:                   00000042a8efae9c
        X[05]:                   0000000000000000
        X[06]:                   0000001802eaa2ce
        X[07]:                   00000042a8efae50
        X[08]:                   0000000000000000
        X[09]:                   0000000000000000
        X[10]:                   0000000000000000
        X[11]:                   0000000000000000
        X[12]:                   0000000000000000
        X[13]:                   0000000000000000
        X[14]:                   0000000000000000
        X[15]:                   0000000000000000
        X[16]:                   0000000000000000
        X[17]:                   0000000000000000
        X[18]:                   0000000000000000
        X[19]:                   0000000000000000
        X[20]:                   0000000000000000
        X[21]:                   0000000000000000
        X[22]:                   0000000000000000
        X[23]:                   0000000000000000
        X[24]:                   0000000000000000
        X[25]:                   0000000000000000
        X[26]:                   0000000000000000
        X[27]:                   0000000000000000
        X[28]:                   0000000000000000
        FP:                      00000042a8efacd0
        LR:                      0000001802b57dd8 ([ff428acc] + 0x157dd8)
        SP:                      00000042a8efacd0
        PC:                      0000001802b92d68 ([ff428acc] + 0x192d68)
    Stack Trace:
        ReturnAddress[00]:       0000001802b570d8 ([ff428acc] + 0x1570d8)
        ReturnAddress[01]:       0000001802b57138 ([ff428acc] + 0x157138)
        ReturnAddress[02]:       0000001802b57218 ([ff428acc] + 0x157218)
        ReturnAddress[03]:       0000001802c087bc ([ff428acc] + 0x2087bc)
        ReturnAddress[04]:       0000001802c70f2c ([ff428acc] + 0x270f2c)
        ReturnAddress[05]:       0000001802c70d1c ([ff428acc] + 0x270d1c)
        ReturnAddress[06]:       0000001802c70c80 ([ff428acc] + 0x270c80)
        ReturnAddress[07]:       0000001802c705b0 ([ff428acc] + 0x2705b0)
        ReturnAddress[08]:       0000001802c70300 ([ff428acc] + 0x270300)
        ReturnAddress[09]:       0000001802a9daac ([ff428acc] + 0x9daac)
        ReturnAddress[10]:       0000001802a9da54 ([ff428acc] + 0x9da54)
        ReturnAddress[11]:       0000001802a0008c ([ff428acc] + 0x8c)
    Stack Dump:                               00 01 02 03 04 05 06 07 08 09 0a 0b 0c 0d 0e 0f
                                 0042a8efacd0 60 ad ef a8 42 00 00 00 d8 70 b5 02 18 00 00 00
                                 0042a8eface0 03 00 00 00 00 00 00 00 50 ad ef a8 42 00 00 00
                                 0042a8efacf0 ce a2 ea 02 18 00 00 00 ce a2 ea 02 18 00 00 00
                                 0042a8efad00 ce a2 ea 02 18 00 00 00 00 00 00 00 00 00 00 00
                                 0042a8efad10 01 08 01 00 00 00 00 00 00 00 00 00 00 00 00 00
                                 0042a8efad20 03 00 00 00 00 00 00 00 50 ad ef a8 42 00 00 00
                                 0042a8efad30 ce a2 ea 02 18 00 00 00 ce a2 ea 02 18 00 00 00
                                 0042a8efad40 ce a2 ea 02 18 00 00 00 00 00 00 00 00 00 00 00
                                 0042a8efad50 ce a2 ea 02 18 00 00 00 50 ae ef a8 42 00 00 00
                                 0042a8efad60 70 ae ef a8 42 00 00 00 38 71 b5 02 18 00 00 00
                                 0042a8efad70 00 00 00 00 00 00 00 00 00 00 00 00 00 00 00 00
                                 0042a8efad80 00 00 00 00 00 00 00 00 00 00 00 00 00 00 00 00
                                 0042a8efad90 88 a4 ff 02 18 00 00 00 a0 b4 0e 03 18 00 00 00
                                 0042a8efada0 40 b5 0e 03 18 00 00 00 7b ee ea 02 18 00 00 00
                                 0042a8efadb0 d0 b5 0e 03 18 00 00 00 38 af ef a8 42 00 00 00
                                 0042a8efadc0 00 00 00 00 00 00 00 00 00 00 00 00 00 00 00 00
    TLS Address:                 000000590ae5b200
    TLS Dump:                                 00 01 02 03 04 05 06 07 08 09 0a 0b 0c 0d 0e 0f
                                 00590ae5b200 00 00 00 00 00 00 00 00 00 00 00 00 00 00 00 00
                                 00590ae5b210 00 00 00 00 00 00 00 00 00 00 00 00 00 00 00 00
                                 00590ae5b220 00 00 00 00 00 00 00 00 00 00 00 00 00 00 00 00
                                 00590ae5b230 00 00 00 00 00 00 00 00 00 00 00 00 00 00 00 00
                                 00590ae5b240 00 00 00 00 00 00 00 00 00 00 00 00 00 00 00 00
                                 00590ae5b250 00 00 00 00 00 00 00 00 00 00 00 00 00 00 00 00
                                 00590ae5b260 00 00 00 00 00 00 00 00 00 00 00 00 00 00 00 00
                                 00590ae5b270 00 00 00 00 00 00 00 00 00 00 00 00 00 00 00 00
                                 00590ae5b280 00 00 00 00 00 00 00 00 00 00 00 00 00 00 00 00
                                 00590ae5b290 00 00 00 00 00 00 00 00 00 00 00 00 00 00 00 00
                                 00590ae5b2a0 00 00 00 00 00 00 00 00 00 00 00 00 00 00 00 00
                                 00590ae5b2b0 00 00 00 00 00 00 00 00 00 00 00 00 00 00 00 00
                                 00590ae5b2c0 00 00 00 00 00 00 00 00 00 00 00 00 00 00 00 00
                                 00590ae5b2d0 00 00 00 00 00 00 00 00 00 00 00 00 00 00 00 00
                                 00590ae5b2e0 00 00 00 00 00 00 00 00 00 00 00 00 00 00 00 00
                                 00590ae5b2f0 00 00 00 00 00 00 00 00 00 00 00 00 00 00 00 00
