Atmosphère Crash Report (v1.7):
Result:                          0x290 (2144-0001)

Process Info:
    Process Name:                qlaunch
    Program ID:                  0100000000001000
    Process ID:                  0000000000000087
    Process Flags:               000010b7
    User Exception Address:      0000000ee436c000
Exception Info:
    Type:                        User Break
    Address:                     0000000417e5af08 ([6a9c94cd] + 0x25af08)
    Break Reason:                0x0
    Break Address:               0000006e9cf1fcb8
    Break Size:                  0x4
Crashed Thread Info:
    Thread ID:                   0000000000000253
    Thread Name:                 LibraryAppletThread
    Stack Region:                0000006e9cf1c000-0000006e9cf20000
    Registers:
        X[00]:                   0000000000000000
        X[01]:                   0000006e9cf1fcb8
        X[02]:                   0000000000000004
        X[03]:                   0000000000000008
        X[04]:                   0000000417c026d8 ([6a9c94cd] + 0x26d8)
        X[05]:                   0000000000000000
        X[06]:                   0000000000000000
        X[07]:                   0000000000000000
        X[08]:                   0000000000000000
        X[09]:                   0000000000000000
        X[10]:                   0000000000000000
        X[11]:                   0000000000000000
        X[12]:                   0000000000000000
        X[13]:                   0000000000000000
        X[14]:                   0000000000000000
        X[15]:                   0000000000000000
        X[16]:                   0000000000000000
        X[17]:                   0000000000000000
        X[18]:                   0000000000000000
        X[19]:                   0000000000000000
        X[20]:                   0000000000000000
        X[21]:                   0000000000000000
        X[22]:                   0000000000000000
        X[23]:                   0000000000000000
        X[24]:                   0000000000000000
        X[25]:                   0000000000000000
        X[26]:                   0000000000000000
        X[27]:                   0000000000000000
        X[28]:                   0000000000000000
        FP:                      0000006e9cf1fad0
        LR:                      0000000417e15c68 ([6a9c94cd] + 0x215c68)
        SP:                      0000006e9cf1fad0
        PC:                      0000000417e5af04 ([6a9c94cd] + 0x25af04)
    Stack Trace:
        ReturnAddress[00]:       0000000417e14f38 ([6a9c94cd] + 0x214f38)
        ReturnAddress[01]:       0000000417e14f98 ([6a9c94cd] + 0x214f98)
        ReturnAddress[02]:       0000000417e15078 ([6a9c94cd] + 0x215078)
        ReturnAddress[03]:       0000000417f4ffac ([6a9c94cd] + 0x34ffac)
        ReturnAddress[04]:       0000000417f334e8 ([6a9c94cd] + 0x3334e8)
        ReturnAddress[05]:       0000000417f33604 ([6a9c94cd] + 0x333604)
        ReturnAddress[06]:       0000000417f32e24 ([6a9c94cd] + 0x332e24)
        ReturnAddress[07]:       00000004187f718c ([6a9c94cd] + 0xbf718c)
        ReturnAddress[08]:       0000000418816b0c ([6a9c94cd] + 0xc16b0c)
        ReturnAddress[09]:       0000000417f89aa0 ([6a9c94cd] + 0x389aa0)
        ReturnAddress[10]:       0000000417f89228 ([6a9c94cd] + 0x389228)
        ReturnAddress[11]:       0000000417df4180 ([6a9c94cd] + 0x1f4180)
        ReturnAddress[12]:       0000000417df7b24 ([6a9c94cd] + 0x1f7b24)
        ReturnAddress[13]:       0000000000000000
    Stack Dump:                               00 01 02 03 04 05 06 07 08 09 0a 0b 0c 0d 0e 0f
                                 006e9cf1fad0 60 fb f1 9c 6e 00 00 00 38 4f e1 17 04 00 00 00
                                 006e9cf1fae0 03 00 00 00 00 00 00 00 50 fb f1 9c 6e 00 00 00
                                 006e9cf1faf0 d7 d0 89 18 04 00 00 00 d7 d0 89 18 04 00 00 00
                                 006e9cf1fb00 d7 d0 89 18 04 00 00 00 00 00 00 00 00 00 00 00
                                 006e9cf1fb10 90 02 00 00 00 00 00 00 00 00 00 00 00 00 00 00
                                 006e9cf1fb20 03 00 00 00 00 00 00 00 50 fb f1 9c 6e 00 00 00
                                 006e9cf1fb30 d7 d0 89 18 04 00 00 00 d7 d0 89 18 04 00 00 00
                                 006e9cf1fb40 d7 d0 89 18 04 00 00 00 00 00 00 00 00 00 00 00
                                 006e9cf1fb50 d7 d0 89 18 04 00 00 00 50 fc f1 9c 6e 00 00 00
                                 006e9cf1fb60 70 fc f1 9c 6e 00 00 00 98 4f e1 17 04 00 00 00
                                 006e9cf1fb70 00 00 00 00 00 00 00 00 c0 33 f1 18 04 00 00 00
                                 006e9cf1fb80 00 00 00 00 00 00 00 00 00 00 00 00 00 00 00 00
                                 006e9cf1fb90 00 00 00 00 00 00 00 00 88 fd f1 9c 6e 00 00 00
                                 006e9cf1fba0 00 00 00 00 00 00 00 00 00 00 00 00 00 00 00 00
                                 006e9cf1fbb0 00 00 00 00 00 00 00 00 30 e6 ef 18 04 00 00 00
                                 006e9cf1fbc0 00 00 00 00 00 00 00 00 00 00 00 00 00 00 00 00
    TLS Address:                 0000000e30f6ee00
    TLS Dump:                                 00 01 02 03 04 05 06 07 08 09 0a 0b 0c 0d 0e 0f
                                 000e30f6ee00 02 00 00 00 00 00 00 00 01 00 00 00 87 00 00 00
                                 000e30f6ee10 53 46 43 4f 00 00 00 00 00 00 00 00 66 87 32 91
                                 000e30f6ee20 00 10 00 00 00 00 00 01 02 00 00 00 00 00 00 00
                                 000e30f6ee30 90 02 00 00 00 00 00 00 00 00 00 00 00 00 00 00
                                 000e30f6ee40 00 00 00 00 00 00 00 00 00 00 00 00 00 00 00 00
                                 000e30f6ee50 00 00 00 00 00 00 00 00 00 00 00 00 00 00 00 00
                                 000e30f6ee60 00 00 00 00 00 00 00 00 00 00 00 00 00 00 00 00
                                 000e30f6ee70 00 00 00 00 00 00 00 00 00 00 00 00 00 00 00 00
                                 000e30f6ee80 00 00 00 00 00 00 00 00 00 00 00 00 00 00 00 00
                                 000e30f6ee90 00 00 00 00 00 00 00 00 00 00 00 00 00 00 00 00
                                 000e30f6eea0 00 00 00 00 00 00 00 00 00 00 00 00 00 00 00 00
                                 000e30f6eeb0 00 00 00 00 00 00 00 00 00 00 00 00 00 00 00 00
                                 000e30f6eec0 00 00 00 00 00 00 00 00 00 00 00 00 00 00 00 00
                                 000e30f6eed0 00 00 00 00 00 00 00 00 00 00 00 00 00 00 00 00
                                 000e30f6eee0 00 00 00 00 00 00 00 00 00 00 00 00 00 00 00 00
                                 000e30f6eef0 00 00 00 00 00 00 00 00 00 00 00 00 00 00 00 00
Module Info:
    Number of Modules:           01
    Module 00:
        Address:                 0000000417c00000-000000041888a000
        Name:                    [6a9c94cd]
        Module Id:               6A9C94CDD7D065A95C081AAB947236D16045088D000000000000000000000000
Thread Report:
Number of Threads:               15
Threads[00]:
    Thread ID:                   0000000000000237
    Thread Name:                 MainThread
    Stack Region:                0000006e27179000-0000006e271d9000
    Registers:
        X[00]:                   0000000000fe4d85
        X[01]:                   00000004187a0130 ([6a9c94cd] + 0xba0130)
        X[02]:                   00000000ffffffff
        X[03]:                   0000000000000000
        X[04]:                   00000000000e59ce
        X[05]:                   0000006e271d5cb8
        X[06]:                   0000000000000000
        X[07]:                   0000000000000000
        X[08]:                   0000000000000000
        X[09]:                   0000000000000000
        X[10]:                   0000000000000000
        X[11]:                   0000000000000000
        X[12]:                   0000000000000000
        X[13]:                   0000000000000000
        X[14]:                   0000000000000000
        X[15]:                   0000000000000000
        X[16]:                   0000000000000000
        X[17]:                   0000000000000000
        X[18]:                   0000000000000000
        X[19]:                   0000000000000000
        X[20]:                   0000000000000000
        X[21]:                   0000000000000000
        X[22]:                   0000000000000000
        X[23]:                   0000000000000000
        X[24]:                   0000000000000000
        X[25]:                   0000000000000000
        X[26]:                   0000000000000000
        X[27]:                   0000000000000000
        X[28]:                   0000000000000000
        FP:                      0000006e271d87c0
        LR:                      00000004188699f8 ([6a9c94cd] + 0xc699f8)
        SP:                      0000006e271d8780
        PC:                      0000000417e5ade4 ([6a9c94cd] + 0x25ade4)
    Stack Trace:
        ReturnAddress[00]:       00000004188696f0 ([6a9c94cd] + 0xc696f0)
        ReturnAddress[01]:       0000000417f68380 ([6a9c94cd] + 0x368380)
        ReturnAddress[02]:       00000004182369d4 ([6a9c94cd] + 0x6369d4)
        ReturnAddress[03]:       0000000417c5ec14 ([6a9c94cd] + 0x5ec14)
        ReturnAddress[04]:       0000000417d42994 ([6a9c94cd] + 0x142994)
        ReturnAddress[05]:       0000000417c0008c ([6a9c94cd] + 0x8c)
    Stack Dump:                               00 01 02 03 04 05 06 07 08 09 0a 0b 0c 0d 0e 0f
                                 006e271d8780 05 00 00 00 6e 00 00 00 88 96 f6 17 04 00 00 00
                                 006e271d8790 60 37 52 19 04 00 00 00 28 04 51 19 04 00 00 00
                                 006e271d87a0 c0 87 1d 27 6e 00 00 00 88 96 f6 17 04 00 00 00
                                 006e271d87b0 48 04 51 19 04 00 00 00 f8 02 51 19 04 00 00 00
                                 006e271d87c0 70 8d 1d 27 6e 00 00 00 f0 96 86 18 04 00 00 00
                                 006e271d87d0 00 d0 02 1c 04 00 00 00 f8 02 51 19 04 00 00 00
                                 006e271d87e0 48 c8 e5 18 04 00 00 00 60 93 0c 19 04 00 00 00
                                 006e271d87f0 00 e0 42 04 00 00 00 00 60 93 0c 19 04 00 00 00
                                 006e271d8800 48 c8 e5 18 04 00 00 00 fa a7 8a 18 04 00 00 00
                                 006e271d8810 6d 65 6d 6f 72 79 69 6e 66 6f 00 00 00 00 00 00
                                 006e271d8820 09 01 0c c0 00 00 00 00 00 00 01 00 09 08 e0 03
                                 006e271d8830 00 10 00 00 00 00 00 01 01 68 d7 17 04 00 00 00
                                 006e271d8840 90 88 1d 27 6e 00 00 00 95 04 00 00 00 00 00 00
                                 006e271d8850 03 00 00 00 00 00 00 00 70 37 e5 18 04 00 00 00
                                 006e271d8860 6c 88 1d 27 6e 00 00 00 1f 00 00 00 6d 65 6d 6f
                                 006e271d8870 72 79 69 6e 66 6f 00 00 00 00 00 01 00 00 00 00
    TLS Address:                 0000000ee436c200
    TLS Dump:                                 00 01 02 03 04 05 06 07 08 09 0a 0b 0c 0d 0e 0f
                                 000ee436c200 00 00 01 00 09 08 e0 03 80 e1 10 00 d8 85 1d 27
                                 000ee436c210 53 46 43 4f 00 00 00 00 00 00 00 00 99 5d e2 a4
                                 000ee436c220 05 00 00 00 00 00 00 00 00 00 00 00 00 00 00 00
                                 000ee436c230 00 00 00 00 01 00 00 00 01 00 00 00 00 00 00 00
                                 000ee436c240 04 00 96 01 1e 00 10 c0 00 00 00 00 00 00 00 00
                                 000ee436c250 10 00 00 00 d8 85 1d 27 6e 00 10 00 00 00 00 00
                                 000ee436c260 0b 00 00 00 00 00 00 00 04 00 00 00 00 00 00 00
                                 000ee436c270 00 00 00 00 00 00 00 00 00 00 00 00 00 00 00 00
                                 000ee436c280 00 00 00 00 00 00 00 00 00 00 00 00 00 00 00 00
                                 000ee436c290 00 00 00 00 00 00 00 00 00 00 00 00 00 00 00 00
                                 000ee436c2a0 00 00 00 00 00 00 00 00 00 00 00 00 00 00 00 00
                                 000ee436c2b0 00 00 00 00 00 00 00 00 00 00 00 00 00 00 00 00
                                 000ee436c2c0 00 00 00 00 00 00 00 00 00 00 00 00 00 00 00 00
                                 000ee436c2d0 00 00 00 00 00 00 00 00 00 00 00 00 00 00 00 00
                                 000ee436c2e0 00 00 00 00 00 00 00 00 00 00 00 00 00 00 00 00
                                 000ee436c2f0 00 00 00 00 00 00 00 00 00 00 00 00 00 00 00 00
Threads[01]:
    Thread ID:                   000000000000023a
    Thread Name:                 DecompThread
    Stack Region:                0000006e7ddaa000-0000006e7ddab000
    Registers:
        X[00]:                   00000004190c76c8
        X[01]:                   00000004190c76d0
        X[02]:                   00000000000481f7
        X[03]:                   ffffffffffffffff
        X[04]:                   0000000000000000
        X[05]:                   0000000000000000
        X[06]:                   0000000000000000
        X[07]:                   0000000000000000
        X[08]:                   0000000000000000
        X[09]:                   0000000000000000
        X[10]:                   0000000000000000
        X[11]:                   0000000000000000
        X[12]:                   0000000000000000
        X[13]:                   0000000000000000
        X[14]:                   0000000000000000
        X[15]:                   0000000000000000
        X[16]:                   0000000000000000
        X[17]:                   0000000000000000
        X[18]:                   0000000000000000
        X[19]:                   0000000000000000
        X[20]:                   0000000000000000
        X[21]:                   0000000000000000
        X[22]:                   0000000000000000
        X[23]:                   0000000000000000
        X[24]:                   0000000000000000
        X[25]:                   0000000000000000
        X[26]:                   0000000000000000
        X[27]:                   0000000000000000
        X[28]:                   0000000000000000
        FP:                      0000006e7ddaaee0
        LR:                      0000000417df83a8 ([6a9c94cd] + 0x1f83a8)
        SP:                      0000006e7ddaaee0
        PC:                      0000000417e5aeb4 ([6a9c94cd] + 0x25aeb4)
    Stack Trace:
        ReturnAddress[00]:       0000000417df2d20 ([6a9c94cd] + 0x1f2d20)
        ReturnAddress[01]:       0000000417f89970 ([6a9c94cd] + 0x389970)
        ReturnAddress[02]:       0000000417f89aac ([6a9c94cd] + 0x389aac)
        ReturnAddress[03]:       0000000417f89228 ([6a9c94cd] + 0x389228)
        ReturnAddress[04]:       0000000417df4180 ([6a9c94cd] + 0x1f4180)
        ReturnAddress[05]:       0000000417df7b24 ([6a9c94cd] + 0x1f7b24)
        ReturnAddress[06]:       0000000000000000
    Stack Dump:                               00 01 02 03 04 05 06 07 08 09 0a 0b 0c 0d 0e 0f
                                 006e7ddaaee0 10 af da 7d 6e 00 00 00 20 2d df 17 04 00 00 00
                                 006e7ddaaef0 00 00 00 00 00 00 00 00 0c 2d df 17 04 00 00 00
                                 006e7ddaaf00 38 af da 7d 6e 00 00 00 90 76 0c 19 04 00 00 00
                                 006e7ddaaf10 40 af da 7d 6e 00 00 00 70 99 f8 17 04 00 00 00
                                 006e7ddaaf20 00 00 00 00 00 00 00 00 60 76 0c 19 04 00 00 00
                                 006e7ddaaf30 50 af da 7d 6e 00 00 00 a0 9a f8 17 00 00 00 00
                                 006e7ddaaf40 50 af da 7d 6e 00 00 00 ac 9a f8 17 04 00 00 00
                                 006e7ddaaf50 70 af da 7d 6e 00 00 00 28 92 f8 17 04 00 00 00
                                 006e7ddaaf60 60 76 0c 19 04 00 00 00 00 00 00 00 00 00 00 00
                                 006e7ddaaf70 90 af da 7d 6e 00 00 00 80 41 df 17 04 00 00 00
                                 006e7ddaaf80 00 00 00 00 00 00 00 00 20 90 0c 19 04 00 00 00
                                 006e7ddaaf90 c0 af da 7d 6e 00 00 00 24 7b df 17 04 00 00 00
                                 006e7ddaafa0 00 00 00 00 00 00 00 00 00 00 00 00 00 00 00 00
                                 006e7ddaafb0 00 00 00 00 00 00 00 00 20 90 0c 19 04 00 00 00
                                 006e7ddaafc0 00 00 00 00 00 00 00 00 00 00 00 00 00 00 00 00
                                 006e7ddaafd0 00 00 00 00 00 00 00 00 00 00 00 00 00 00 00 00
    TLS Address:                 0000000ee436c400
    TLS Dump:                                 00 01 02 03 04 05 06 07 08 09 0a 0b 0c 0d 0e 0f
                                 000ee436c400 00 00 00 00 00 00 00 00 00 00 00 00 00 00 00 00
                                 000ee436c410 00 00 00 00 00 00 00 00 00 00 00 00 00 00 00 00
                                 000ee436c420 00 00 00 00 00 00 00 00 00 00 00 00 00 00 00 00
                                 000ee436c430 00 00 00 00 00 00 00 00 00 00 00 00 00 00 00 00
                                 000ee436c440 00 00 00 00 00 00 00 00 00 00 00 00 00 00 00 00
                                 000ee436c450 00 00 00 00 00 00 00 00 00 00 00 00 00 00 00 00
                                 000ee436c460 00 00 00 00 00 00 00 00 00 00 00 00 00 00 00 00
                                 000ee436c470 00 00 00 00 00 00 00 00 00 00 00 00 00 00 00 00
                                 000ee436c480 00 00 00 00 00 00 00 00 00 00 00 00 00 00 00 00
                                 000ee436c490 00 00 00 00 00 00 00 00 00 00 00 00 00 00 00 00
                                 000ee436c4a0 00 00 00 00 00 00 00 00 00 00 00 00 00 00 00 00
                                 000ee436c4b0 00 00 00 00 00 00 00 00 00 00 00 00 00 00 00 00
                                 000ee436c4c0 00 00 00 00 00 00 00 00 00 00 00 00 00 00 00 00
                                 000ee436c4d0 00 00 00 00 00 00 00 00 00 00 00 00 00 00 00 00
                                 000ee436c4e0 00 00 00 00 00 00 00 00 00 00 00 00 00 00 00 00
                                 000ee436c4f0 00 00 00 00 00 00 00 00 00 00 00 00 00 00 00 00
Threads[02]:
    Thread ID:                   000000000000023c
    Thread Name:                 Prepare Thread
    Stack Region:                0000006e6f0c2000-0000006e6f0d2000
    Registers:
        X[00]:                   0000000419510b98
        X[01]:                   0000000419510ba0
        X[02]:                   00000000000a81ec
        X[03]:                   ffffffffffffffff
        X[04]:                   0000000000000000
        X[05]:                   0000000000000000
        X[06]:                   0000000000000000
        X[07]:                   0000000000000000
        X[08]:                   0000000000000000
        X[09]:                   0000000000000000
        X[10]:                   0000000000000000
        X[11]:                   0000000000000000
        X[12]:                   0000000000000000
        X[13]:                   0000000000000000
        X[14]:                   0000000000000000
        X[15]:                   0000000000000000
        X[16]:                   0000000000000000
        X[17]:                   0000000000000000
        X[18]:                   0000000000000000
        X[19]:                   0000000000000000
        X[20]:                   0000000000000000
        X[21]:                   0000000000000000
        X[22]:                   0000000000000000
        X[23]:                   0000000000000000
        X[24]:                   0000000000000000
        X[25]:                   0000000000000000
        X[26]:                   0000000000000000
        X[27]:                   0000000000000000
        X[28]:                   0000000000000000
        FP:                      0000006e6f0d1ee0
        LR:                      0000000417df83a8 ([6a9c94cd] + 0x1f83a8)
        SP:                      0000006e6f0d1ee0
        PC:                      0000000417e5aeb4 ([6a9c94cd] + 0x25aeb4)
    Stack Trace:
        ReturnAddress[00]:       0000000417df2d20 ([6a9c94cd] + 0x1f2d20)
        ReturnAddress[01]:       0000000417f89970 ([6a9c94cd] + 0x389970)
        ReturnAddress[02]:       0000000417f89aac ([6a9c94cd] + 0x389aac)
        ReturnAddress[03]:       0000000417f89228 ([6a9c94cd] + 0x389228)
        ReturnAddress[04]:       0000000417df4180 ([6a9c94cd] + 0x1f4180)
        ReturnAddress[05]:       0000000417df7b24 ([6a9c94cd] + 0x1f7b24)
        ReturnAddress[06]:       0000000000000000
    Stack Dump:                               00 01 02 03 04 05 06 07 08 09 0a 0b 0c 0d 0e 0f
                                 006e6f0d1ee0 10 1f 0d 6f 6e 00 00 00 20 2d df 17 04 00 00 00
                                 006e6f0d1ef0 00 00 00 00 00 00 00 00 0c 2d df 17 04 00 00 00
                                 006e6f0d1f00 38 1f 0d 6f 6e 00 00 00 60 0b 51 19 04 00 00 00
                                 006e6f0d1f10 40 1f 0d 6f 6e 00 00 00 70 99 f8 17 04 00 00 00
                                 006e6f0d1f20 00 00 00 00 00 00 00 00 30 0b 51 19 04 00 00 00
                                 006e6f0d1f30 00 00 00 00 00 00 00 00 00 00 00 00 00 00 00 00
                                 006e6f0d1f40 50 1f 0d 6f 6e 00 00 00 ac 9a f8 17 04 00 00 00
                                 006e6f0d1f50 70 1f 0d 6f 6e 00 00 00 28 92 f8 17 04 00 00 00
                                 006e6f0d1f60 30 0b 51 19 04 00 00 00 00 00 00 00 00 00 00 00
                                 006e6f0d1f70 90 1f 0d 6f 6e 00 00 00 80 41 df 17 04 00 00 00
                                 006e6f0d1f80 00 00 00 00 00 00 00 00 20 10 52 19 04 00 00 00
                                 006e6f0d1f90 c0 1f 0d 6f 6e 00 00 00 24 7b df 17 04 00 00 00
                                 006e6f0d1fa0 00 00 00 00 00 00 00 00 00 00 00 00 00 00 00 00
                                 006e6f0d1fb0 00 00 00 00 00 00 00 00 20 10 52 19 04 00 00 00
                                 006e6f0d1fc0 00 00 00 00 00 00 00 00 00 00 00 00 00 00 00 00
                                 006e6f0d1fd0 00 00 00 00 00 00 00 00 00 00 00 00 00 00 00 00
    TLS Address:                 0000000ee436c600
    TLS Dump:                                 00 01 02 03 04 05 06 07 08 09 0a 0b 0c 0d 0e 0f
                                 000ee436c600 00 00 00 00 08 00 00 80 02 00 00 00 b3 81 31 00
                                 000ee436c610 53 46 43 4f 00 00 00 00 00 00 00 00 39 2c 9d 05
                                 000ee436c620 00 00 00 00 00 00 00 00 00 00 00 00 00 00 00 00
                                 000ee436c630 00 00 00 00 00 00 00 00 00 00 00 00 00 00 00 00
                                 000ee436c640 00 00 00 00 00 00 00 00 00 00 00 00 00 00 00 00
                                 000ee436c650 00 00 00 00 00 00 00 00 00 00 00 00 00 00 00 00
                                 000ee436c660 00 00 00 00 00 00 00 00 00 00 00 00 00 00 00 00
                                 000ee436c670 00 00 00 00 00 00 00 00 00 00 00 00 00 00 00 00
                                 000ee436c680 00 00 00 00 00 00 00 00 00 00 00 00 00 00 00 00
                                 000ee436c690 00 00 00 00 00 00 00 00 00 00 00 00 00 00 00 00
                                 000ee436c6a0 00 00 00 00 00 00 00 00 00 00 00 00 00 00 00 00
                                 000ee436c6b0 00 00 00 00 00 00 00 00 00 00 00 00 00 00 00 00
                                 000ee436c6c0 00 00 00 00 00 00 00 00 00 00 00 00 00 00 00 00
                                 000ee436c6d0 00 00 00 00 00 00 00 00 00 00 00 00 00 00 00 00
                                 000ee436c6e0 00 00 00 00 00 00 00 00 00 00 00 00 00 00 00 00
                                 000ee436c6f0 00 00 00 00 00 00 00 00 00 00 00 00 00 00 00 00
Threads[03]:
    Thread ID:                   0000000000000240
    Thread Name:                 SceneWorker
    Stack Region:                0000006e3ff52000-0000006e3ff66000
    Registers:
        X[00]:                   0000000419670c54
        X[01]:                   0000000419670c58
        X[02]:                   00000000000b01eb
        X[03]:                   ffffffffffffffff
        X[04]:                   0000006e3ff65e0c
        X[05]:                   000000041b7e73fc
        X[06]:                   3030303030303030
        X[07]:                   3030303030303030
        X[08]:                   0000000000000000
        X[09]:                   0000000000000000
        X[10]:                   0000000000000000
        X[11]:                   0000000000000000
        X[12]:                   0000000000000000
        X[13]:                   0000000000000000
        X[14]:                   0000000000000000
        X[15]:                   0000000000000000
        X[16]:                   0000000000000000
        X[17]:                   0000000000000000
        X[18]:                   0000000000000000
        X[19]:                   0000000000000000
        X[20]:                   0000000000000000
        X[21]:                   0000000000000000
        X[22]:                   0000000000000000
        X[23]:                   0000000000000000
        X[24]:                   0000000000000000
        X[25]:                   0000000000000000
        X[26]:                   0000000000000000
        X[27]:                   0000000000000000
        X[28]:                   0000000000000000
        FP:                      0000006e3ff65ea0
        LR:                      0000000417df83a8 ([6a9c94cd] + 0x1f83a8)
        SP:                      0000006e3ff65ea0
        PC:                      0000000417e5aeb4 ([6a9c94cd] + 0x25aeb4)
    Stack Trace:
        ReturnAddress[00]:       0000000417df220c ([6a9c94cd] + 0x1f220c)
        ReturnAddress[01]:       0000000418888f50 ([6a9c94cd] + 0xc88f50)
        ReturnAddress[02]:       0000000417f89aa0 ([6a9c94cd] + 0x389aa0)
        ReturnAddress[03]:       0000000417f89228 ([6a9c94cd] + 0x389228)
        ReturnAddress[04]:       0000000417df4180 ([6a9c94cd] + 0x1f4180)
        ReturnAddress[05]:       0000000417df7b24 ([6a9c94cd] + 0x1f7b24)
        ReturnAddress[06]:       0000000000000000
    Stack Dump:                               00 01 02 03 04 05 06 07 08 09 0a 0b 0c 0d 0e 0f
                                 006e3ff65ea0 d0 5e f6 3f 6e 00 00 00 0c 22 df 17 04 00 00 00
                                 006e3ff65eb0 00 4c 1d 00 00 00 00 00 e8 21 df 17 04 00 00 00
                                 006e3ff65ec0 00 00 00 00 00 00 00 00 38 0c 67 19 04 00 00 00
                                 006e3ff65ed0 f0 5e f6 3f 6e 00 00 00 50 8f 88 18 04 00 00 00
                                 006e3ff65ee0 01 00 00 00 00 00 00 00 08 0c 67 19 04 00 00 00
                                 006e3ff65ef0 50 5f f6 3f 6e 00 00 00 a0 9a f8 17 04 00 00 00
                                 006e3ff65f00 00 00 00 00 00 00 00 00 00 00 00 00 04 00 00 00
                                 006e3ff65f10 00 00 00 00 00 00 00 00 00 00 00 00 00 00 00 00
                                 006e3ff65f20 00 00 00 00 00 00 00 00 00 00 00 00 00 00 00 00
                                 006e3ff65f30 00 00 00 00 00 00 00 00 00 00 00 00 00 00 00 00
                                 006e3ff65f40 00 00 00 00 00 00 00 00 c0 0f 67 19 04 00 00 00
                                 006e3ff65f50 70 5f f6 3f 6e 00 00 00 28 92 f8 17 04 00 00 00
                                 006e3ff65f60 c0 0f 67 19 04 00 00 00 00 00 00 00 00 00 00 00
                                 006e3ff65f70 90 5f f6 3f 6e 00 00 00 80 41 df 17 04 00 00 00
                                 006e3ff65f80 00 00 00 00 00 00 00 00 20 60 68 19 04 00 00 00
                                 006e3ff65f90 c0 5f f6 3f 6e 00 00 00 24 7b df 17 04 00 00 00
    TLS Address:                 0000000ee436c800
    TLS Dump:                                 00 01 02 03 04 05 06 07 08 09 0a 0b 0c 0d 0e 0f
                                 000ee436c800 00 00 00 00 08 00 00 00 00 00 00 00 00 00 00 00
                                 000ee436c810 53 46 43 4f 00 00 00 00 00 00 00 00 36 10 1f fb
                                 000ee436c820 00 00 00 00 00 00 00 00 6b 04 00 00 00 00 00 00
                                 000ee436c830 87 00 00 00 00 00 00 00 00 00 00 00 00 00 00 00
                                 000ee436c840 01 00 96 01 06 41 28 c0 01 00 00 00 10 0e 00 00
                                 000ee436c850 28 00 00 00 68 54 f6 3f 6e 00 28 00 00 00 00 01
                                 000ee436c860 00 00 00 00 00 00 00 00 00 00 00 00 00 00 00 00
                                 000ee436c870 00 00 00 00 00 00 00 00 00 00 00 00 00 00 00 00
                                 000ee436c880 00 00 00 00 00 00 00 00 00 00 00 00 00 00 00 00
                                 000ee436c890 00 00 00 00 00 00 00 00 00 00 00 00 00 00 00 00
                                 000ee436c8a0 00 00 00 00 00 00 00 00 00 00 00 00 00 00 00 00
                                 000ee436c8b0 00 00 00 00 00 00 00 00 00 00 00 00 00 00 00 00
                                 000ee436c8c0 00 00 00 00 00 00 00 00 00 00 00 00 00 00 00 00
                                 000ee436c8d0 00 00 00 00 00 00 00 00 00 00 00 00 00 00 00 00
                                 000ee436c8e0 00 00 00 00 00 00 00 00 00 00 00 00 00 00 00 00
                                 000ee436c8f0 00 00 00 00 00 00 00 00 00 00 00 00 00 00 00 00
Threads[04]:
    Thread ID:                   0000000000000241
    Thread Name:                 DefaultWorker
    Stack Region:                0000006e7ad29000-0000006e7ad39000
    Registers:
        X[00]:                   000000041968624c
        X[01]:                   0000000000000000
        X[02]:                   0000000000000000
        X[03]:                   0000000000000000
        X[04]:                   0000000000000000
        X[05]:                   0000000000000000
        X[06]:                   0000000000000000
        X[07]:                   0000000000000000
        X[08]:                   0000000000000000
        X[09]:                   0000000000000000
        X[10]:                   0000000000000000
        X[11]:                   0000000000000000
        X[12]:                   0000000000000000
        X[13]:                   0000000000000000
        X[14]:                   0000000000000000
        X[15]:                   0000000000000000
        X[16]:                   0000000000000000
        X[17]:                   0000000000000000
        X[18]:                   0000000000000000
        X[19]:                   0000000000000000
        X[20]:                   0000000000000000
        X[21]:                   0000000000000000
        X[22]:                   0000000000000000
        X[23]:                   0000000000000000
        X[24]:                   0000000000000000
        X[25]:                   0000000000000000
        X[26]:                   0000000000000000
        X[27]:                   0000000000000000
        X[28]:                   0000000000000000
        FP:                      0000006e7ad38ee0
        LR:                      0000000417df8b50 ([6a9c94cd] + 0x1f8b50)
        SP:                      0000006e7ad38ed0
        PC:                      0000000417e5aeac ([6a9c94cd] + 0x25aeac)
    Stack Trace:
        ReturnAddress[00]:       0000000418888f50 ([6a9c94cd] + 0xc88f50)
        ReturnAddress[01]:       0000000417f89aa0 ([6a9c94cd] + 0x389aa0)
        ReturnAddress[02]:       0000000417f89228 ([6a9c94cd] + 0x389228)
        ReturnAddress[03]:       0000000417df4180 ([6a9c94cd] + 0x1f4180)
        ReturnAddress[04]:       0000000417df7b24 ([6a9c94cd] + 0x1f7b24)
        ReturnAddress[05]:       0000000000000000
    Stack Dump:                               00 01 02 03 04 05 06 07 08 09 0a 0b 0c 0d 0e 0f
                                 006e7ad38ed0 f0 8e d3 7a 6e 00 00 00 50 8f 88 18 04 00 00 00
                                 006e7ad38ee0 f0 8e d3 7a 6e 00 00 00 50 8f 88 18 04 00 00 00
                                 006e7ad38ef0 50 8f d3 7a 6e 00 00 00 a0 9a f8 17 04 00 00 00
                                 006e7ad38f00 00 00 00 00 00 00 00 00 00 00 00 00 04 00 00 00
                                 006e7ad38f10 00 00 00 00 00 00 00 00 00 00 00 00 00 00 00 00
                                 006e7ad38f20 00 00 00 00 00 00 00 00 00 00 00 00 00 00 00 00
                                 006e7ad38f30 00 00 00 00 00 00 00 00 00 00 00 00 00 00 00 00
                                 006e7ad38f40 00 00 00 00 00 00 00 00 d8 75 68 19 04 00 00 00
                                 006e7ad38f50 70 8f d3 7a 6e 00 00 00 28 92 f8 17 04 00 00 00
                                 006e7ad38f60 d8 75 68 19 04 00 00 00 00 00 00 00 00 00 00 00
                                 006e7ad38f70 90 8f d3 7a 6e 00 00 00 80 41 df 17 04 00 00 00
                                 006e7ad38f80 00 00 00 00 00 00 00 00 20 80 69 19 04 00 00 00
                                 006e7ad38f90 c0 8f d3 7a 6e 00 00 00 24 7b df 17 04 00 00 00
                                 006e7ad38fa0 00 00 00 00 00 00 00 00 00 00 00 00 00 00 00 00
                                 006e7ad38fb0 00 00 00 00 00 00 00 00 20 80 69 19 04 00 00 00
                                 006e7ad38fc0 00 00 00 00 00 00 00 00 00 00 00 00 00 00 00 00
    TLS Address:                 0000000ee436ca00
    TLS Dump:                                 00 01 02 03 04 05 06 07 08 09 0a 0b 0c 0d 0e 0f
                                 000ee436ca00 00 00 00 00 09 08 e0 03 00 00 00 00 00 00 00 00
                                 000ee436ca10 53 46 43 4f 00 00 00 00 00 00 00 00 13 ed 82 0e
                                 000ee436ca20 00 00 00 00 00 00 00 00 00 00 00 00 3c b3 18 0b
                                 000ee436ca30 01 03 04 00 00 00 00 00 00 00 00 00 00 00 00 00
                                 000ee436ca40 01 00 96 01 06 41 28 c0 00 00 00 00 00 00 00 00
                                 000ee436ca50 28 00 00 00 38 85 d3 7a 6e 00 28 00 00 00 00 00
                                 000ee436ca60 6e 78 5f 6e 6f 74 69 63 65 00 00 00 00 00 00 00
                                 000ee436ca70 00 00 00 00 00 00 00 00 00 00 00 00 00 00 00 00
                                 000ee436ca80 01 00 00 00 00 00 00 00 00 00 00 00 00 00 00 00
                                 000ee436ca90 00 00 00 00 00 00 00 00 00 00 00 00 33 04 00 00
                                 000ee436caa0 00 00 00 00 00 00 00 00 00 00 00 00 00 00 00 00
                                 000ee436cab0 00 00 00 00 00 00 00 00 00 00 00 00 00 00 00 00
                                 000ee436cac0 00 00 00 00 00 00 00 00 00 00 00 00 00 00 00 00
                                 000ee436cad0 00 00 00 00 00 00 00 00 00 00 00 00 00 00 00 00
                                 000ee436cae0 00 00 00 00 00 00 00 00 00 00 00 00 00 00 00 00
                                 000ee436caf0 00 00 00 00 00 00 00 00 00 00 00 00 00 00 00 00
Threads[05]:
    Thread ID:                   0000000000000242
    Thread Name:                 NetWorker
    Stack Region:                0000006e3bb6b000-0000006e3bb80000
    Registers:
        X[00]:                   000000041969824c
        X[01]:                   0000000419698250
        X[02]:                   00000000000c01e9
        X[03]:                   ffffffffffffffff
        X[04]:                   0000000000000000
        X[05]:                   0000000000000000
        X[06]:                   0000000000000000
        X[07]:                   0000000000000000
        X[08]:                   0000000000000000
        X[09]:                   0000000000000000
        X[10]:                   0000000000000000
        X[11]:                   0000000000000000
        X[12]:                   0000000000000000
        X[13]:                   0000000000000000
        X[14]:                   0000000000000000
        X[15]:                   0000000000000000
        X[16]:                   0000000000000000
        X[17]:                   0000000000000000
        X[18]:                   0000000000000000
        X[19]:                   0000000000000000
        X[20]:                   0000000000000000
        X[21]:                   0000000000000000
        X[22]:                   0000000000000000
        X[23]:                   0000000000000000
        X[24]:                   0000000000000000
        X[25]:                   0000000000000000
        X[26]:                   0000000000000000
        X[27]:                   0000000000000000
        X[28]:                   0000000000000000
        FP:                      0000006e3bb7fea0
        LR:                      0000000417df83a8 ([6a9c94cd] + 0x1f83a8)
        SP:                      0000006e3bb7fea0
        PC:                      0000000417e5aeb4 ([6a9c94cd] + 0x25aeb4)
    Stack Trace:
        ReturnAddress[00]:       0000000417df220c ([6a9c94cd] + 0x1f220c)
        ReturnAddress[01]:       0000000418888f50 ([6a9c94cd] + 0xc88f50)
        ReturnAddress[02]:       0000000417f89aa0 ([6a9c94cd] + 0x389aa0)
        ReturnAddress[03]:       0000000417f89228 ([6a9c94cd] + 0x389228)
        ReturnAddress[04]:       0000000417df4180 ([6a9c94cd] + 0x1f4180)
        ReturnAddress[05]:       0000000417df7b24 ([6a9c94cd] + 0x1f7b24)
        ReturnAddress[06]:       0000000000000000
    Stack Dump:                               00 01 02 03 04 05 06 07 08 09 0a 0b 0c 0d 0e 0f
                                 006e3bb7fea0 d0 fe b7 3b 6e 00 00 00 0c 22 df 17 04 00 00 00
                                 006e3bb7feb0 00 4c 1d 00 00 00 00 00 e8 21 df 17 04 00 00 00
                                 006e3bb7fec0 00 00 00 00 00 00 00 00 30 82 69 19 04 00 00 00
                                 006e3bb7fed0 f0 fe b7 3b 6e 00 00 00 50 8f 88 18 04 00 00 00
                                 006e3bb7fee0 01 00 00 00 00 00 00 00 00 82 69 19 04 00 00 00
                                 006e3bb7fef0 50 ff b7 3b 6e 00 00 00 a0 9a f8 17 04 00 00 00
                                 006e3bb7ff00 00 00 00 00 00 00 00 00 00 00 00 00 04 00 00 00
                                 006e3bb7ff10 00 00 00 00 00 00 00 00 00 00 00 00 00 00 00 00
                                 006e3bb7ff20 00 00 00 00 00 00 00 00 00 00 00 00 00 00 00 00
                                 006e3bb7ff30 00 00 00 00 00 00 00 00 00 00 00 00 00 00 00 00
                                 006e3bb7ff40 00 00 00 00 00 00 00 00 b8 85 69 19 04 00 00 00
                                 006e3bb7ff50 70 ff b7 3b 6e 00 00 00 28 92 f8 17 04 00 00 00
                                 006e3bb7ff60 b8 85 69 19 04 00 00 00 00 00 00 00 00 00 00 00
                                 006e3bb7ff70 90 ff b7 3b 6e 00 00 00 80 41 df 17 04 00 00 00
                                 006e3bb7ff80 00 00 00 00 00 00 00 00 20 e0 6a 19 04 00 00 00
                                 006e3bb7ff90 c0 ff b7 3b 6e 00 00 00 24 7b df 17 04 00 00 00
    TLS Address:                 0000000ee436cc00
    TLS Dump:                                 00 01 02 03 04 05 06 07 08 09 0a 0b 0c 0d 0e 0f
                                 000ee436cc00 00 00 00 00 0d 08 e0 03 00 00 00 00 00 00 00 00
                                 000ee436cc10 00 00 00 00 00 00 00 00 00 00 00 00 00 00 00 00
                                 000ee436cc20 53 46 43 4f 00 00 00 00 00 00 00 00 7a c5 9f e8
                                 000ee436cc30 00 00 00 00 00 00 00 00 00 00 00 00 0f 45 1f e6
                                 000ee436cc40 69 57 1d 54 10 02 00 10 ab 6c 29 bd 0f 45 1f e6
                                 000ee436cc50 03 00 00 00 00 00 00 00 00 00 00 00 00 00 00 00
                                 000ee436cc60 00 00 00 00 00 00 00 00 00 00 00 00 00 00 00 00
                                 000ee436cc70 00 00 00 00 00 00 00 00 00 00 00 00 00 00 00 00
                                 000ee436cc80 00 00 00 00 00 00 00 00 00 00 00 00 00 00 00 00
                                 000ee436cc90 00 00 00 00 00 00 00 00 00 00 00 00 00 00 00 00
                                 000ee436cca0 00 00 00 00 00 00 00 00 00 00 00 00 00 00 00 00
                                 000ee436ccb0 00 00 00 00 00 00 00 00 00 00 00 00 00 00 00 00
                                 000ee436ccc0 00 00 00 00 00 00 00 00 00 00 00 00 00 00 00 00
                                 000ee436ccd0 00 00 00 00 00 00 00 00 00 00 00 00 00 00 00 00
                                 000ee436cce0 00 00 00 00 00 00 00 00 00 00 00 00 00 00 00 00
                                 000ee436ccf0 00 00 00 00 00 00 00 00 00 00 00 00 00 00 00 00
Threads[06]:
    Thread ID:                   0000000000000243
    Thread Name:                 LocalNews
    Stack Region:                0000006e36e1e000-0000006e36e28000
    Registers:
        X[00]:                   00000004196ae24c
        X[01]:                   00000004196ae250
        X[02]:                   00000000000c81e8
        X[03]:                   ffffffffffffffff
        X[04]:                   0000000000000000
        X[05]:                   0000000000000000
        X[06]:                   0000000000000000
        X[07]:                   0000000000000000
        X[08]:                   0000000000000000
        X[09]:                   0000000000000000
        X[10]:                   0000000000000000
        X[11]:                   0000000000000000
        X[12]:                   0000000000000000
        X[13]:                   0000000000000000
        X[14]:                   0000000000000000
        X[15]:                   0000000000000000
        X[16]:                   0000000000000000
        X[17]:                   0000000000000000
        X[18]:                   0000000000000000
        X[19]:                   0000000000000000
        X[20]:                   0000000000000000
        X[21]:                   0000000000000000
        X[22]:                   0000000000000000
        X[23]:                   0000000000000000
        X[24]:                   0000000000000000
        X[25]:                   0000000000000000
        X[26]:                   0000000000000000
        X[27]:                   0000000000000000
        X[28]:                   0000000000000000
        FP:                      0000006e36e27ea0
        LR:                      0000000417df83a8 ([6a9c94cd] + 0x1f83a8)
        SP:                      0000006e36e27ea0
        PC:                      0000000417e5aeb4 ([6a9c94cd] + 0x25aeb4)
    Stack Trace:
        ReturnAddress[00]:       0000000417df220c ([6a9c94cd] + 0x1f220c)
        ReturnAddress[01]:       0000000418888f50 ([6a9c94cd] + 0xc88f50)
        ReturnAddress[02]:       0000000417f89aa0 ([6a9c94cd] + 0x389aa0)
        ReturnAddress[03]:       0000000417f89228 ([6a9c94cd] + 0x389228)
        ReturnAddress[04]:       0000000417df4180 ([6a9c94cd] + 0x1f4180)
        ReturnAddress[05]:       0000000417df7b24 ([6a9c94cd] + 0x1f7b24)
        ReturnAddress[06]:       0000000000000000
    Stack Dump:                               00 01 02 03 04 05 06 07 08 09 0a 0b 0c 0d 0e 0f
                                 006e36e27ea0 d0 7e e2 36 6e 00 00 00 0c 22 df 17 04 00 00 00
                                 006e36e27eb0 00 4c 1d 00 00 00 00 00 e8 21 df 17 04 00 00 00
                                 006e36e27ec0 00 00 00 00 00 00 00 00 30 e2 6a 19 04 00 00 00
                                 006e36e27ed0 f0 7e e2 36 6e 00 00 00 50 8f 88 18 04 00 00 00
                                 006e36e27ee0 01 00 00 00 00 00 00 00 00 e2 6a 19 04 00 00 00
                                 006e36e27ef0 50 7f e2 36 6e 00 00 00 a0 9a f8 17 04 00 00 00
                                 006e36e27f00 00 00 00 00 00 00 00 00 00 00 00 00 04 00 00 00
                                 006e36e27f10 00 00 00 00 00 00 00 00 00 00 00 00 00 00 00 00
                                 006e36e27f20 00 00 00 00 00 00 00 00 00 00 00 00 00 00 00 00
                                 006e36e27f30 00 00 00 00 00 00 00 00 00 00 00 00 00 00 00 00
                                 006e36e27f40 00 00 00 00 00 00 00 00 b8 e5 6a 19 04 00 00 00
                                 006e36e27f50 70 7f e2 36 6e 00 00 00 28 92 f8 17 04 00 00 00
                                 006e36e27f60 b8 e5 6a 19 04 00 00 00 00 00 00 00 00 00 00 00
                                 006e36e27f70 90 7f e2 36 6e 00 00 00 80 41 df 17 04 00 00 00
                                 006e36e27f80 00 00 00 00 00 00 00 00 20 90 6b 19 04 00 00 00
                                 006e36e27f90 c0 7f e2 36 6e 00 00 00 24 7b df 17 04 00 00 00
    TLS Address:                 0000000ee436ce00
    TLS Dump:                                 00 01 02 03 04 05 06 07 08 09 0a 0b 0c 0d 0e 0f
                                 000ee436ce00 00 00 00 00 00 00 00 00 00 00 00 00 00 00 00 00
                                 000ee436ce10 00 00 00 00 00 00 00 00 00 00 00 00 00 00 00 00
                                 000ee436ce20 00 00 00 00 00 00 00 00 00 00 00 00 00 00 00 00
                                 000ee436ce30 00 00 00 00 00 00 00 00 00 00 00 00 00 00 00 00
                                 000ee436ce40 00 00 00 00 00 00 00 00 00 00 00 00 00 00 00 00
                                 000ee436ce50 00 00 00 00 00 00 00 00 00 00 00 00 00 00 00 00
                                 000ee436ce60 00 00 00 00 00 00 00 00 00 00 00 00 00 00 00 00
                                 000ee436ce70 00 00 00 00 00 00 00 00 00 00 00 00 00 00 00 00
                                 000ee436ce80 00 00 00 00 00 00 00 00 00 00 00 00 00 00 00 00
                                 000ee436ce90 00 00 00 00 00 00 00 00 00 00 00 00 00 00 00 00
                                 000ee436cea0 00 00 00 00 00 00 00 00 00 00 00 00 00 00 00 00
                                 000ee436ceb0 00 00 00 00 00 00 00 00 00 00 00 00 00 00 00 00
                                 000ee436cec0 00 00 00 00 00 00 00 00 00 00 00 00 00 00 00 00
                                 000ee436ced0 00 00 00 00 00 00 00 00 00 00 00 00 00 00 00 00
                                 000ee436cee0 00 00 00 00 00 00 00 00 00 00 00 00 00 00 00 00
                                 000ee436cef0 00 00 00 00 00 00 00 00 00 00 00 00 00 00 00 00
Threads[07]:
    Thread ID:                   0000000000000244
    Thread Name:                 AppControl
    Stack Region:                0000006e35633000-0000006e3564b000
    Registers:
        X[00]:                   00000004196b924c
        X[01]:                   00000004196b9250
        X[02]:                   00000000000d01e7
        X[03]:                   ffffffffffffffff
        X[04]:                   0000000000000000
        X[05]:                   0000000000000000
        X[06]:                   0000000000000000
        X[07]:                   0000000000000000
        X[08]:                   0000000000000000
        X[09]:                   0000000000000000
        X[10]:                   0000000000000000
        X[11]:                   0000000000000000
        X[12]:                   0000000000000000
        X[13]:                   0000000000000000
        X[14]:                   0000000000000000
        X[15]:                   0000000000000000
        X[16]:                   0000000000000000
        X[17]:                   0000000000000000
        X[18]:                   0000000000000000
        X[19]:                   0000000000000000
        X[20]:                   0000000000000000
        X[21]:                   0000000000000000
        X[22]:                   0000000000000000
        X[23]:                   0000000000000000
        X[24]:                   0000000000000000
        X[25]:                   0000000000000000
        X[26]:                   0000000000000000
        X[27]:                   0000000000000000
        X[28]:                   0000000000000000
        FP:                      0000006e3564aea0
        LR:                      0000000417df83a8 ([6a9c94cd] + 0x1f83a8)
        SP:                      0000006e3564aea0
        PC:                      0000000417e5aeb4 ([6a9c94cd] + 0x25aeb4)
    Stack Trace:
        ReturnAddress[00]:       0000000417df220c ([6a9c94cd] + 0x1f220c)
        ReturnAddress[01]:       0000000418888f50 ([6a9c94cd] + 0xc88f50)
        ReturnAddress[02]:       0000000417f89aa0 ([6a9c94cd] + 0x389aa0)
        ReturnAddress[03]:       0000000417f89228 ([6a9c94cd] + 0x389228)
        ReturnAddress[04]:       0000000417df4180 ([6a9c94cd] + 0x1f4180)
        ReturnAddress[05]:       0000000417df7b24 ([6a9c94cd] + 0x1f7b24)
        ReturnAddress[06]:       0000000000000000
    Stack Dump:                               00 01 02 03 04 05 06 07 08 09 0a 0b 0c 0d 0e 0f
                                 006e3564aea0 d0 ae 64 35 6e 00 00 00 0c 22 df 17 04 00 00 00
                                 006e3564aeb0 00 4c 1d 00 00 00 00 00 e8 21 df 17 04 00 00 00
                                 006e3564aec0 00 00 00 00 00 00 00 00 30 92 6b 19 04 00 00 00
                                 006e3564aed0 f0 ae 64 35 6e 00 00 00 50 8f 88 18 04 00 00 00
                                 006e3564aee0 01 00 00 00 00 00 00 00 00 92 6b 19 04 00 00 00
                                 006e3564aef0 50 af 64 35 6e 00 00 00 a0 9a f8 17 04 00 00 00
                                 006e3564af00 00 00 00 00 00 00 00 00 00 00 00 00 04 00 00 00
                                 006e3564af10 00 00 00 00 00 00 00 00 00 00 00 00 00 00 00 00
                                 006e3564af20 00 00 00 00 00 00 00 00 00 00 00 00 00 00 00 00
                                 006e3564af30 00 00 00 00 00 00 00 00 00 00 00 00 00 00 00 00
                                 006e3564af40 00 00 00 00 00 00 00 00 d8 93 6b 19 04 00 00 00
                                 006e3564af50 70 af 64 35 6e 00 00 00 28 92 f8 17 04 00 00 00
                                 006e3564af60 d8 93 6b 19 04 00 00 00 00 00 00 00 00 00 00 00
                                 006e3564af70 90 af 64 35 6e 00 00 00 80 41 df 17 04 00 00 00
                                 006e3564af80 00 00 00 00 00 00 00 00 20 20 6d 19 04 00 00 00
                                 006e3564af90 c0 af 64 35 6e 00 00 00 24 7b df 17 04 00 00 00
    TLS Address:                 0000000e30f6e000
    TLS Dump:                                 00 01 02 03 04 05 06 07 08 09 0a 0b 0c 0d 0e 0f
                                 000e30f6e000 00 00 00 00 0c 00 00 00 00 00 00 00 00 00 00 00
                                 000e30f6e010 00 00 00 00 00 00 00 00 00 00 00 00 00 00 00 00
                                 000e30f6e020 53 46 43 4f 00 00 00 00 00 00 00 00 93 f8 96 0b
                                 000e30f6e030 00 00 00 00 00 00 00 00 00 60 32 02 80 6f 00 01
                                 000e30f6e040 00 00 00 00 00 00 00 00 00 00 00 00 00 00 00 00
                                 000e30f6e050 00 00 00 00 00 00 00 00 00 00 00 00 00 00 00 00
                                 000e30f6e060 00 00 00 00 00 00 00 00 00 00 00 00 00 00 00 00
                                 000e30f6e070 02 00 00 00 00 00 00 00 00 00 00 00 00 00 00 00
                                 000e30f6e080 00 00 00 00 00 00 00 00 00 00 00 00 00 00 00 00
                                 000e30f6e090 00 00 00 00 00 00 00 00 00 00 00 00 00 00 00 00
                                 000e30f6e0a0 00 00 00 00 00 00 00 00 00 00 00 00 00 00 00 00
                                 000e30f6e0b0 00 00 00 00 00 00 00 00 00 00 00 00 00 00 00 00
                                 000e30f6e0c0 00 00 00 00 00 00 00 00 00 00 00 00 00 00 00 00
                                 000e30f6e0d0 00 00 00 00 00 00 00 00 00 00 00 00 00 00 00 00
                                 000e30f6e0e0 00 00 00 00 00 00 00 00 00 00 00 00 00 00 00 00
                                 000e30f6e0f0 00 00 00 00 00 00 00 00 00 00 00 00 00 00 00 00
Threads[08]:
    Thread ID:                   0000000000000246
    Thread Name:                 UpdateTextureCache
    Stack Region:                0000006e86b3c000-0000006e86b4c000
    Registers:
        X[00]:                   00000004196d5050
        X[01]:                   00000004196d5058
        X[02]:                   00000000001101e3
        X[03]:                   ffffffffffffffff
        X[04]:                   000000041972d6b8
        X[05]:                   0000000419981a48
        X[06]:                   0000000000000000
        X[07]:                   00ffffffc0000000
        X[08]:                   0000000000000000
        X[09]:                   0000000000000000
        X[10]:                   0000000000000000
        X[11]:                   0000000000000000
        X[12]:                   0000000000000000
        X[13]:                   0000000000000000
        X[14]:                   0000000000000000
        X[15]:                   0000000000000000
        X[16]:                   0000000000000000
        X[17]:                   0000000000000000
        X[18]:                   0000000000000000
        X[19]:                   0000000000000000
        X[20]:                   0000000000000000
        X[21]:                   0000000000000000
        X[22]:                   0000000000000000
        X[23]:                   0000000000000000
        X[24]:                   0000000000000000
        X[25]:                   0000000000000000
        X[26]:                   0000000000000000
        X[27]:                   0000000000000000
        X[28]:                   0000000000000000
        FP:                      0000006e86b4bee0
        LR:                      0000000417df83a8 ([6a9c94cd] + 0x1f83a8)
        SP:                      0000006e86b4bee0
        PC:                      0000000417e5aeb4 ([6a9c94cd] + 0x25aeb4)
    Stack Trace:
        ReturnAddress[00]:       0000000417df2d20 ([6a9c94cd] + 0x1f2d20)
        ReturnAddress[01]:       0000000417f89970 ([6a9c94cd] + 0x389970)
        ReturnAddress[02]:       0000000417f89aac ([6a9c94cd] + 0x389aac)
        ReturnAddress[03]:       0000000417f89228 ([6a9c94cd] + 0x389228)
        ReturnAddress[04]:       0000000417df4180 ([6a9c94cd] + 0x1f4180)
        ReturnAddress[05]:       0000000417df7b24 ([6a9c94cd] + 0x1f7b24)
        ReturnAddress[06]:       0000000000000000
    Stack Dump:                               00 01 02 03 04 05 06 07 08 09 0a 0b 0c 0d 0e 0f
                                 006e86b4bee0 10 bf b4 86 6e 00 00 00 20 2d df 17 04 00 00 00
                                 006e86b4bef0 00 00 00 00 00 00 00 00 0c 2d df 17 04 00 00 00
                                 006e86b4bf00 38 bf b4 86 6e 00 00 00 18 50 6d 19 04 00 00 00
                                 006e86b4bf10 40 bf b4 86 6e 00 00 00 70 99 f8 17 04 00 00 00
                                 006e86b4bf20 00 00 00 00 00 00 00 00 e8 4f 6d 19 04 00 00 00
                                 006e86b4bf30 50 bf b4 86 6e 00 00 00 a0 9a f8 17 04 00 00 00
                                 006e86b4bf40 50 bf b4 86 6e 00 00 00 ac 9a f8 17 04 00 00 00
                                 006e86b4bf50 70 bf b4 86 6e 00 00 00 28 92 f8 17 04 00 00 00
                                 006e86b4bf60 e8 4f 6d 19 04 00 00 00 00 00 00 00 00 00 00 00
                                 006e86b4bf70 90 bf b4 86 6e 00 00 00 80 41 df 17 04 00 00 00
                                 006e86b4bf80 00 00 00 00 00 00 00 00 20 60 6e 19 04 00 00 00
                                 006e86b4bf90 c0 bf b4 86 6e 00 00 00 24 7b df 17 04 00 00 00
                                 006e86b4bfa0 00 00 00 00 00 00 00 00 00 00 00 00 00 00 00 00
                                 006e86b4bfb0 00 00 00 00 00 00 00 00 20 60 6e 19 04 00 00 00
                                 006e86b4bfc0 00 00 00 00 00 00 00 00 00 00 00 00 00 00 00 00
                                 006e86b4bfd0 00 00 00 00 00 00 00 00 00 00 00 00 00 00 00 00
    TLS Address:                 0000000e30f6e200
    TLS Dump:                                 00 01 02 03 04 05 06 07 08 09 0a 0b 0c 0d 0e 0f
                                 000e30f6e200 00 00 00 00 00 00 00 00 00 00 00 00 00 00 00 00
                                 000e30f6e210 00 00 00 00 00 00 00 00 00 00 00 00 00 00 00 00
                                 000e30f6e220 00 00 00 00 00 00 00 00 00 00 00 00 00 00 00 00
                                 000e30f6e230 00 00 00 00 00 00 00 00 00 00 00 00 00 00 00 00
                                 000e30f6e240 00 00 00 00 00 00 00 00 00 00 00 00 00 00 00 00
                                 000e30f6e250 00 00 00 00 00 00 00 00 00 00 00 00 00 00 00 00
                                 000e30f6e260 00 00 00 00 00 00 00 00 00 00 00 00 00 00 00 00
                                 000e30f6e270 00 00 00 00 00 00 00 00 00 00 00 00 00 00 00 00
                                 000e30f6e280 00 00 00 00 00 00 00 00 00 00 00 00 00 00 00 00
                                 000e30f6e290 00 00 00 00 00 00 00 00 00 00 00 00 00 00 00 00
                                 000e30f6e2a0 00 00 00 00 00 00 00 00 00 00 00 00 00 00 00 00
                                 000e30f6e2b0 00 00 00 00 00 00 00 00 00 00 00 00 00 00 00 00
                                 000e30f6e2c0 00 00 00 00 00 00 00 00 00 00 00 00 00 00 00 00
                                 000e30f6e2d0 00 00 00 00 00 00 00 00 00 00 00 00 00 00 00 00
                                 000e30f6e2e0 00 00 00 00 00 00 00 00 00 00 00 00 00 00 00 00
                                 000e30f6e2f0 00 00 00 00 00 00 00 00 00 00 00 00 00 00 00 00
Threads[09]:
    Thread ID:                   000000000000024b
    Thread Name:                 InputQueueThread
    Stack Region:                0000006e7d45c000-0000006e7d45d000
    Registers:
        X[00]:                   0000006e7d45cf48
        X[01]:                   0000006e7d45cf4c
        X[02]:                   0000000000000001
        X[03]:                   ffffffffffffffff
        X[04]:                   0000000000000000
        X[05]:                   0000000000000000
        X[06]:                   0000000000000000
        X[07]:                   0000000000000000
        X[08]:                   0000000000000000
        X[09]:                   0000000000000000
        X[10]:                   0000000000000000
        X[11]:                   0000000000000000
        X[12]:                   0000000000000000
        X[13]:                   0000000000000000
        X[14]:                   0000000000000000
        X[15]:                   0000000000000000
        X[16]:                   0000000000000000
        X[17]:                   0000000000000000
        X[18]:                   0000000000000000
        X[19]:                   0000000000000000
        X[20]:                   0000000000000000
        X[21]:                   0000000000000000
        X[22]:                   0000000000000000
        X[23]:                   0000000000000000
        X[24]:                   0000000000000000
        X[25]:                   0000000000000000
        X[26]:                   0000000000000000
        X[27]:                   0000000000000000
        X[28]:                   0000000000000000
        FP:                      0000006e7d45cf30
        LR:                      0000000417df7db8 ([6a9c94cd] + 0x1f7db8)
        SP:                      0000006e7d45cf10
        PC:                      0000000417e5ae88 ([6a9c94cd] + 0x25ae88)
    Stack Trace:
        ReturnAddress[00]:       0000000417f89aa0 ([6a9c94cd] + 0x389aa0)
        ReturnAddress[01]:       0000000417f89228 ([6a9c94cd] + 0x389228)
        ReturnAddress[02]:       0000000417df4180 ([6a9c94cd] + 0x1f4180)
        ReturnAddress[03]:       0000000417df7b24 ([6a9c94cd] + 0x1f7b24)
        ReturnAddress[04]:       0000000000000000
    Stack Dump:                               00 01 02 03 04 05 06 07 08 09 0a 0b 0c 0d 0e 0f
                                 006e7d45cf00 50 cf 45 7d 6e 00 00 00 a0 9a f8 17 04 00 00 00
                                 006e7d45cf10 48 cf 45 7d 6e 00 00 00 f0 a3 e5 18 04 00 00 00
                                 006e7d45cf20 00 00 00 00 00 00 00 00 00 00 00 00 00 00 00 00
                                 006e7d45cf30 50 cf 45 7d 6e 00 00 00 a0 9a f8 17 04 00 00 00
                                 006e7d45cf40 48 78 51 1a 04 00 00 00 00 00 00 00 f0 81 08 00
                                 006e7d45cf50 70 cf 45 7d 6e 00 00 00 28 92 f8 17 04 00 00 00
                                 006e7d45cf60 48 78 51 1a 04 00 00 00 00 00 00 00 00 00 00 00
                                 006e7d45cf70 90 cf 45 7d 6e 00 00 00 80 41 df 17 04 00 00 00
                                 006e7d45cf80 00 00 00 00 00 00 00 00 20 90 51 1a 04 00 00 00
                                 006e7d45cf90 c0 cf 45 7d 6e 00 00 00 24 7b df 17 04 00 00 00
                                 006e7d45cfa0 00 00 00 00 00 00 00 00 00 00 00 00 00 00 00 00
                                 006e7d45cfb0 00 00 00 00 00 00 00 00 20 90 51 1a 04 00 00 00
                                 006e7d45cfc0 00 00 00 00 00 00 00 00 00 00 00 00 00 00 00 00
                                 006e7d45cfd0 00 00 00 00 00 00 00 00 40 06 00 00 00 00 00 00
                                 006e7d45cfe0 20 41 df 17 04 00 00 00 c0 90 51 1a 04 00 00 00
                                 006e7d45cff0 07 00 00 00 00 00 00 00 b0 58 db 18 04 00 00 00
    TLS Address:                 0000000e30f6e400
    TLS Dump:                                 00 01 02 03 04 05 06 07 08 09 0a 0b 0c 0d 0e 0f
                                 000e30f6e400 00 00 00 00 00 00 00 00 00 00 00 00 00 00 00 00
                                 000e30f6e410 00 00 00 00 00 00 00 00 00 00 00 00 00 00 00 00
                                 000e30f6e420 00 00 00 00 00 00 00 00 00 00 00 00 00 00 00 00
                                 000e30f6e430 00 00 00 00 00 00 00 00 00 00 00 00 00 00 00 00
                                 000e30f6e440 00 00 00 00 00 00 00 00 00 00 00 00 00 00 00 00
                                 000e30f6e450 00 00 00 00 00 00 00 00 00 00 00 00 00 00 00 00
                                 000e30f6e460 00 00 00 00 00 00 00 00 00 00 00 00 00 00 00 00
                                 000e30f6e470 00 00 00 00 00 00 00 00 00 00 00 00 00 00 00 00
                                 000e30f6e480 00 00 00 00 00 00 00 00 00 00 00 00 00 00 00 00
                                 000e30f6e490 00 00 00 00 00 00 00 00 00 00 00 00 00 00 00 00
                                 000e30f6e4a0 00 00 00 00 00 00 00 00 00 00 00 00 00 00 00 00
                                 000e30f6e4b0 00 00 00 00 00 00 00 00 00 00 00 00 00 00 00 00
                                 000e30f6e4c0 00 00 00 00 00 00 00 00 00 00 00 00 00 00 00 00
                                 000e30f6e4d0 00 00 00 00 00 00 00 00 00 00 00 00 00 00 00 00
                                 000e30f6e4e0 00 00 00 00 00 00 00 00 00 00 00 00 00 00 00 00
                                 000e30f6e4f0 00 00 00 00 00 00 00 00 00 00 00 00 00 00 00 00
Threads[10]:
    Thread ID:                   000000000000024c
    Stack Region:                0000006e576e0000-0000006e576e4000
    Registers:
        X[00]:                   0000006e576e3eac
        X[01]:                   0000006e576e3ebc
        X[02]:                   0000000000000001
        X[03]:                   0000000002160e8b
        X[04]:                   0000000000000000
        X[05]:                   0000000000000000
        X[06]:                   0000000000000000
        X[07]:                   0000000000000000
        X[08]:                   0000000000000000
        X[09]:                   0000000000000000
        X[10]:                   0000000000000000
        X[11]:                   0000000000000000
        X[12]:                   0000000000000000
        X[13]:                   0000000000000000
        X[14]:                   0000000000000000
        X[15]:                   0000000000000000
        X[16]:                   0000000000000000
        X[17]:                   0000000000000000
        X[18]:                   0000000000000000
        X[19]:                   0000000000000000
        X[20]:                   0000000000000000
        X[21]:                   0000000000000000
        X[22]:                   0000000000000000
        X[23]:                   0000000000000000
        X[24]:                   0000000000000000
        X[25]:                   0000000000000000
        X[26]:                   0000000000000000
        X[27]:                   0000000000000000
        X[28]:                   0000000000000000
        FP:                      0000006e576e3ec0
        LR:                      0000000417df7f14 ([6a9c94cd] + 0x1f7f14)
        SP:                      0000006e576e3e90
        PC:                      0000000417e5ae88 ([6a9c94cd] + 0x25ae88)
    Stack Trace:
        ReturnAddress[00]:       0000000418871e04 ([6a9c94cd] + 0xc71e04)
        ReturnAddress[01]:       0000000417d2b43c ([6a9c94cd] + 0x12b43c)
        ReturnAddress[02]:       0000000417d3987c ([6a9c94cd] + 0x13987c)
        ReturnAddress[03]:       0000000417df4180 ([6a9c94cd] + 0x1f4180)
        ReturnAddress[04]:       0000000417df7b24 ([6a9c94cd] + 0x1f7b24)
        ReturnAddress[05]:       0000000000000000
    Stack Dump:                               00 01 02 03 04 05 06 07 08 09 0a 0b 0c 0d 0e 0f
                                 006e576e3e90 ac 3e 6e 57 6e 00 00 00 a0 ed ef 18 04 00 00 00
                                 006e576e3ea0 c0 3e 6e 57 6e 00 00 00 b8 3e 6e 57 00 00 00 00
                                 006e576e3eb0 31 23 f7 3c 11 00 00 00 00 00 00 00 da 01 1b 00
                                 006e576e3ec0 e0 3e 6e 57 6e 00 00 00 04 1e 87 18 04 00 00 00
                                 006e576e3ed0 02 00 00 00 00 00 00 00 f0 d0 51 1a 04 00 00 00
                                 006e576e3ee0 20 3f 6e 57 6e 00 00 00 3c b4 d2 17 04 00 00 00
                                 006e576e3ef0 d8 e8 ea 18 04 00 00 00 28 e8 ea 18 04 00 00 00
                                 006e576e3f00 02 00 00 00 00 00 00 00 48 e3 ea 18 04 00 00 00
                                 006e576e3f10 40 3f 6e 57 00 00 00 00 00 00 00 00 00 00 00 00
                                 006e576e3f20 70 3f 6e 57 6e 00 00 00 7c 98 d3 17 04 00 00 00
                                 006e576e3f30 00 00 00 00 00 00 00 00 00 00 00 00 00 00 00 00
                                 006e576e3f40 00 00 00 00 00 00 00 00 00 00 00 00 00 00 00 00
                                 006e576e3f50 00 00 00 00 00 00 00 00 00 00 00 00 00 00 00 00
                                 006e576e3f60 38 e5 ea 18 04 00 00 00 50 e3 ea 18 04 00 00 00
                                 006e576e3f70 90 3f 6e 57 6e 00 00 00 80 41 df 17 04 00 00 00
                                 006e576e3f80 00 00 00 00 00 00 00 00 58 e3 ea 18 04 00 00 00
    TLS Address:                 0000000e30f6e600
    TLS Dump:                                 00 01 02 03 04 05 06 07 08 09 0a 0b 0c 0d 0e 0f
                                 000e30f6e600 00 00 01 00 09 00 00 00 80 e1 08 00 b8 3e 6e 57
                                 000e30f6e610 53 46 43 4f 00 00 00 00 00 00 00 00 a5 25 62 61
                                 000e30f6e620 00 00 00 00 00 00 00 00 00 00 00 00 00 00 00 00
                                 000e30f6e630 00 00 00 00 08 00 00 00 b8 3e 6e 57 6e 00 08 00
                                 000e30f6e640 00 00 00 00 00 00 00 00 00 00 00 00 00 00 00 00
                                 000e30f6e650 00 00 00 00 00 00 00 00 00 00 00 00 00 00 00 00
                                 000e30f6e660 00 00 00 00 00 00 00 00 00 00 00 00 00 00 00 00
                                 000e30f6e670 00 00 00 00 00 00 00 00 00 00 00 00 00 00 00 00
                                 000e30f6e680 00 00 00 00 00 00 00 00 00 00 00 00 00 00 00 00
                                 000e30f6e690 00 00 00 00 00 00 00 00 00 00 00 00 00 00 00 00
                                 000e30f6e6a0 00 00 00 00 00 00 00 00 00 00 00 00 00 00 00 00
                                 000e30f6e6b0 00 00 00 00 00 00 00 00 00 00 00 00 00 00 00 00
                                 000e30f6e6c0 00 00 00 00 00 00 00 00 00 00 00 00 00 00 00 00
                                 000e30f6e6d0 00 00 00 00 00 00 00 00 00 00 00 00 00 00 00 00
                                 000e30f6e6e0 00 00 00 00 00 00 00 00 00 00 00 00 00 00 00 00
                                 000e30f6e6f0 00 00 00 00 00 00 00 00 00 00 00 00 00 00 00 00
Threads[11]:
    Thread ID:                   000000000000024d
    Thread Name:                 SAAeMessageDispatcher
    Stack Region:                0000006e85f11000-0000006e85f19000
    Registers:
        X[00]:                   0000006e85f18ef8
        X[01]:                   0000006e85f18efc
        X[02]:                   0000000000000001
        X[03]:                   ffffffffffffffff
        X[04]:                   0000000417c026d8 ([6a9c94cd] + 0x26d8)
        X[05]:                   0000000000000000
        X[06]:                   0000000000000000
        X[07]:                   0000000000000000
        X[08]:                   0000000000000000
        X[09]:                   0000000000000000
        X[10]:                   0000000000000000
        X[11]:                   0000000000000000
        X[12]:                   0000000000000000
        X[13]:                   0000000000000000
        X[14]:                   0000000000000000
        X[15]:                   0000000000000000
        X[16]:                   0000000000000000
        X[17]:                   0000000000000000
        X[18]:                   0000000000000000
        X[19]:                   0000000000000000
        X[20]:                   0000000000000000
        X[21]:                   0000000000000000
        X[22]:                   0000000000000000
        X[23]:                   0000000000000000
        X[24]:                   0000000000000000
        X[25]:                   0000000000000000
        X[26]:                   0000000000000000
        X[27]:                   0000000000000000
        X[28]:                   0000000000000000
        FP:                      0000006e85f18ee0
        LR:                      0000000417df7df8 ([6a9c94cd] + 0x1f7df8)
        SP:                      0000006e85f18ec0
        PC:                      0000000417e5ae88 ([6a9c94cd] + 0x25ae88)
    Stack Trace:
        ReturnAddress[00]:       0000000417c5d20c ([6a9c94cd] + 0x5d20c)
        ReturnAddress[01]:       0000000418802b4c ([6a9c94cd] + 0xc02b4c)
        ReturnAddress[02]:       0000000417f89aa0 ([6a9c94cd] + 0x389aa0)
        ReturnAddress[03]:       0000000417f89228 ([6a9c94cd] + 0x389228)
        ReturnAddress[04]:       0000000417df4180 ([6a9c94cd] + 0x1f4180)
        ReturnAddress[05]:       0000000417df7b24 ([6a9c94cd] + 0x1f7b24)
        ReturnAddress[06]:       0000000000000000
    Stack Dump:                               00 01 02 03 04 05 06 07 08 09 0a 0b 0c 0d 0e 0f
                                 006e85f18ec0 f8 8e f1 85 6e 00 00 00 24 d2 c5 17 04 00 00 00
                                 006e85f18ed0 00 00 00 00 00 00 00 00 00 00 00 00 00 00 00 00
                                 006e85f18ee0 10 8f f1 85 6e 00 00 00 0c d2 c5 17 04 00 00 00
                                 006e85f18ef0 88 38 52 19 04 00 00 00 00 00 00 00 d7 01 1c 00
                                 006e85f18f00 40 8f f1 85 6e 00 00 00 50 99 f8 17 04 00 00 00
                                 006e85f18f10 30 8f f1 85 6e 00 00 00 4c 2b 80 18 04 00 00 00
                                 006e85f18f20 80 38 52 19 04 00 00 00 a8 e9 8e 1a 04 00 00 00
                                 006e85f18f30 50 8f f1 85 6e 00 00 00 a0 9a f8 17 04 00 00 00
                                 006e85f18f40 00 00 00 00 00 00 00 00 38 54 8f 1a 04 00 00 00
                                 006e85f18f50 70 8f f1 85 6e 00 00 00 28 92 f8 17 04 00 00 00
                                 006e85f18f60 38 54 8f 1a 04 00 00 00 00 00 00 00 00 00 00 00
                                 006e85f18f70 90 8f f1 85 6e 00 00 00 80 41 df 17 04 00 00 00
                                 006e85f18f80 00 00 00 00 00 00 00 00 20 e0 8f 1a 04 00 00 00
                                 006e85f18f90 c0 8f f1 85 6e 00 00 00 24 7b df 17 04 00 00 00
                                 006e85f18fa0 00 00 00 00 00 00 00 00 00 00 00 00 00 00 00 00
                                 006e85f18fb0 00 00 00 00 00 00 00 00 20 e0 8f 1a 04 00 00 00
    TLS Address:                 0000000e30f6e800
    TLS Dump:                                 00 01 02 03 04 05 06 07 08 09 0a 0b 0c 0d 0e 0f
                                 000e30f6e800 06 00 00 00 08 00 00 00 00 00 00 00 00 00 00 00
                                 000e30f6e810 02 00 00 00 27 00 00 00 00 00 00 00 00 00 00 00
                                 000e30f6e820 53 46 43 4f 00 00 00 00 00 00 00 00 df 58 5a 09
                                 000e30f6e830 00 00 00 00 00 00 00 00 00 00 00 00 00 00 00 00
                                 000e30f6e840 00 00 00 00 00 00 00 00 00 00 00 00 00 00 00 00
                                 000e30f6e850 00 00 00 00 00 00 00 00 00 00 00 00 00 00 00 00
                                 000e30f6e860 00 00 00 00 00 00 00 00 00 00 00 00 00 00 00 00
                                 000e30f6e870 00 00 00 00 00 00 00 00 00 00 00 00 00 00 00 00
                                 000e30f6e880 00 00 00 00 00 00 00 00 00 00 00 00 00 00 00 00
                                 000e30f6e890 00 00 00 00 00 00 00 00 00 00 00 00 00 00 00 00
                                 000e30f6e8a0 00 00 00 00 00 00 00 00 00 00 00 00 00 00 00 00
                                 000e30f6e8b0 00 00 00 00 00 00 00 00 00 00 00 00 00 00 00 00
                                 000e30f6e8c0 00 00 00 00 00 00 00 00 00 00 00 00 00 00 00 00
                                 000e30f6e8d0 00 00 00 00 00 00 00 00 00 00 00 00 00 00 00 00
                                 000e30f6e8e0 00 00 00 00 00 00 00 00 00 00 00 00 00 00 00 00
                                 000e30f6e8f0 00 00 00 00 00 00 00 00 00 00 00 00 00 00 00 00
Threads[12]:
    Thread ID:                   000000000000024e
    Thread Name:                 SASystemEvent
    Stack Region:                0000006e6829e000-0000006e682a6000
    Registers:
        X[00]:                   0000006e682a5aec
        X[01]:                   0000006e682a5e00
        X[02]:                   0000000000000009
        X[03]:                   ffffffffffffffff
        X[04]:                   0000000000000040
        X[05]:                   ffffffffffffffff
        X[06]:                   0000006e682a5e00
        X[07]:                   0000000000000040
        X[08]:                   0000000000000000
        X[09]:                   0000000000000000
        X[10]:                   0000000000000000
        X[11]:                   0000000000000000
        X[12]:                   0000000000000000
        X[13]:                   0000000000000000
        X[14]:                   0000000000000000
        X[15]:                   0000000000000000
        X[16]:                   0000000000000000
        X[17]:                   0000000000000000
        X[18]:                   0000000000000000
        X[19]:                   0000000000000000
        X[20]:                   0000000000000000
        X[21]:                   0000000000000000
        X[22]:                   0000000000000000
        X[23]:                   0000000000000000
        X[24]:                   0000000000000000
        X[25]:                   0000000000000000
        X[26]:                   0000000000000000
        X[27]:                   0000000000000000
        X[28]:                   0000000000000000
        FP:                      0000006e682a5ad0
        LR:                      0000000417df7164 ([6a9c94cd] + 0x1f7164)
        SP:                      0000006e682a5ac0
        PC:                      0000000417e5ae88 ([6a9c94cd] + 0x25ae88)
    Stack Trace:
        ReturnAddress[00]:       0000000417df4944 ([6a9c94cd] + 0x1f4944)
        ReturnAddress[01]:       0000000417df4b90 ([6a9c94cd] + 0x1f4b90)
        ReturnAddress[02]:       0000000417df2ee0 ([6a9c94cd] + 0x1f2ee0)
        ReturnAddress[03]:       00000004188073d0 ([6a9c94cd] + 0xc073d0)
        ReturnAddress[04]:       0000000417f89aa0 ([6a9c94cd] + 0x389aa0)
        ReturnAddress[05]:       0000000417f89228 ([6a9c94cd] + 0x389228)
        ReturnAddress[06]:       0000000417df4180 ([6a9c94cd] + 0x1f4180)
        ReturnAddress[07]:       0000000417df7b24 ([6a9c94cd] + 0x1f7b24)
        ReturnAddress[08]:       0000000000000000
    Stack Dump:                               00 01 02 03 04 05 06 07 08 09 0a 0b 0c 0d 0e 0f
                                 006e682a5ac0 ec 5a 2a 68 6e 00 00 00 00 00 00 00 00 00 00 00
                                 006e682a5ad0 20 5d 2a 68 6e 00 00 00 44 49 df 17 04 00 00 00
                                 006e682a5ae0 ff ff ff ff ff ff ff 7f 00 00 00 00 00 00 00 00
                                 006e682a5af0 00 00 00 00 00 00 00 00 1c 5f 2a 68 6e 00 00 00
                                 006e682a5b00 00 00 00 00 01 00 00 00 88 5d 2a 68 6e 00 00 00
                                 006e682a5b10 68 3a 52 19 04 00 00 00 a8 3a 52 19 04 00 00 00
                                 006e682a5b20 e8 3a 52 19 04 00 00 00 68 3b 52 19 04 00 00 00
                                 006e682a5b30 a8 3b 52 19 04 00 00 00 28 3c 52 19 04 00 00 00
                                 006e682a5b40 28 3b 52 19 04 00 00 00 68 3c 52 19 04 00 00 00
                                 006e682a5b50 e8 3b 52 19 04 00 00 00 00 00 00 00 00 00 00 00
                                 006e682a5b60 00 00 00 00 00 00 00 00 00 00 00 00 00 00 00 00
                                 006e682a5b70 00 00 00 00 00 00 00 00 00 00 00 00 00 00 00 00
                                 006e682a5b80 00 00 00 00 00 00 00 00 00 00 00 00 00 00 00 00
                                 006e682a5b90 00 00 00 00 00 00 00 00 00 00 00 00 00 00 00 00
                                 006e682a5ba0 00 00 00 00 00 00 00 00 00 00 00 00 00 00 00 00
                                 006e682a5bb0 00 00 00 00 00 00 00 00 00 00 00 00 00 00 00 00
    TLS Address:                 0000000e30f6ea00
    TLS Dump:                                 00 01 02 03 04 05 06 07 08 09 0a 0b 0c 0d 0e 0f
                                 000e30f6ea00 00 00 00 00 00 00 00 00 00 00 00 00 00 00 00 00
                                 000e30f6ea10 00 00 00 00 00 00 00 00 00 00 00 00 00 00 00 00
                                 000e30f6ea20 00 00 00 00 00 00 00 00 00 00 00 00 00 00 00 00
                                 000e30f6ea30 00 00 00 00 00 00 00 00 00 00 00 00 00 00 00 00
                                 000e30f6ea40 00 00 00 00 00 00 00 00 00 00 00 00 00 00 00 00
                                 000e30f6ea50 00 00 00 00 00 00 00 00 00 00 00 00 00 00 00 00
                                 000e30f6ea60 00 00 00 00 00 00 00 00 00 00 00 00 00 00 00 00
                                 000e30f6ea70 00 00 00 00 00 00 00 00 00 00 00 00 00 00 00 00
                                 000e30f6ea80 00 00 00 00 00 00 00 00 00 00 00 00 00 00 00 00
                                 000e30f6ea90 00 00 00 00 00 00 00 00 00 00 00 00 00 00 00 00
                                 000e30f6eaa0 00 00 00 00 00 00 00 00 00 00 00 00 00 00 00 00
                                 000e30f6eab0 00 00 00 00 00 00 00 00 00 00 00 00 00 00 00 00
                                 000e30f6eac0 00 00 00 00 00 00 00 00 00 00 00 00 00 00 00 00
                                 000e30f6ead0 00 00 00 00 00 00 00 00 00 00 00 00 00 00 00 00
                                 000e30f6eae0 00 00 00 00 00 00 00 00 00 00 00 00 00 00 00 00
                                 000e30f6eaf0 00 00 00 00 00 00 00 00 00 00 00 00 00 00 00 00
Threads[13]:
    Thread ID:                   000000000000024f
    Thread Name:                 SignalAThread
    Stack Region:                0000006e486f6000-0000006e486fe000
    Registers:
        X[00]:                   0000000000f42400
        X[01]:                   000000041a8eea40
        X[02]:                   000000041a8ef130
        X[03]:                   0000000000000000
        X[04]:                   0000000000000000
        X[05]:                   0000000000000000
        X[06]:                   0000000000000000
        X[07]:                   0000000000000000
        X[08]:                   0000000000000000
        X[09]:                   0000000000000000
        X[10]:                   0000000000000000
        X[11]:                   0000000000000000
        X[12]:                   0000000000000000
        X[13]:                   0000000000000000
        X[14]:                   0000000000000000
        X[15]:                   0000000000000000
        X[16]:                   0000000000000000
        X[17]:                   0000000000000000
        X[18]:                   0000000000000000
        X[19]:                   0000000000000000
        X[20]:                   0000000000000000
        X[21]:                   0000000000000000
        X[22]:                   0000000000000000
        X[23]:                   0000000000000000
        X[24]:                   0000000000000000
        X[25]:                   0000000000000000
        X[26]:                   0000000000000000
        X[27]:                   0000000000000000
        X[28]:                   0000000000000000
        FP:                      0000006e486fdf50
        LR:                      0000000417f89aa0 ([6a9c94cd] + 0x389aa0)
        SP:                      0000006e486fdf50
        PC:                      0000000417e5ade4 ([6a9c94cd] + 0x25ade4)
    Stack Trace:
        ReturnAddress[00]:       0000000417f89228 ([6a9c94cd] + 0x389228)
        ReturnAddress[01]:       0000000417df4180 ([6a9c94cd] + 0x1f4180)
        ReturnAddress[02]:       0000000417df7b24 ([6a9c94cd] + 0x1f7b24)
        ReturnAddress[03]:       0000000000000000
    Stack Dump:                               00 01 02 03 04 05 06 07 08 09 0a 0b 0c 0d 0e 0f
                                 006e486fdf00 00 00 00 00 00 00 00 00 00 00 00 00 00 00 00 00
                                 006e486fdf10 00 00 00 00 00 00 00 00 00 00 00 00 00 00 00 00
                                 006e486fdf20 00 00 00 00 00 00 00 00 00 00 00 00 00 00 00 00
                                 006e486fdf30 40 df 6f 48 6e 00 00 00 58 86 80 18 04 00 00 00
                                 006e486fdf40 50 df 6f 48 6e 00 00 00 a0 9a f8 17 04 00 00 00
                                 006e486fdf50 70 df 6f 48 6e 00 00 00 28 92 f8 17 04 00 00 00
                                 006e486fdf60 48 7a 90 1a 04 00 00 00 00 00 00 00 00 00 00 00
                                 006e486fdf70 90 df 6f 48 6e 00 00 00 80 41 df 17 04 00 00 00
                                 006e486fdf80 00 00 00 00 00 00 00 00 20 00 91 1a 04 00 00 00
                                 006e486fdf90 c0 df 6f 48 6e 00 00 00 24 7b df 17 04 00 00 00
                                 006e486fdfa0 00 00 00 00 00 00 00 00 00 00 00 00 00 00 00 00
                                 006e486fdfb0 00 00 00 00 00 00 00 00 20 00 91 1a 04 00 00 00
                                 006e486fdfc0 00 00 00 00 00 00 00 00 00 00 00 00 00 00 00 00
                                 006e486fdfd0 00 00 00 00 00 00 00 00 00 00 00 00 00 00 00 00
                                 006e486fdfe0 20 41 df 17 04 00 00 00 00 00 00 00 00 00 00 00
                                 006e486fdff0 00 00 00 00 00 00 00 00 00 00 00 00 00 00 00 00
    TLS Address:                 0000000e30f6ec00
    TLS Dump:                                 00 01 02 03 04 05 06 07 08 09 0a 0b 0c 0d 0e 0f
                                 000e30f6ec00 00 00 00 00 0c 00 00 00 00 00 00 00 00 00 00 00
                                 000e30f6ec10 00 00 00 00 00 00 00 00 00 00 00 00 00 00 00 00
                                 000e30f6ec20 53 46 43 4f 00 00 00 00 00 00 00 00 a1 ea ef 56
                                 000e30f6ec30 00 00 00 00 00 00 00 00 00 00 00 00 00 00 00 00
                                 000e30f6ec40 00 00 00 00 00 00 00 00 00 00 00 00 00 00 00 00
                                 000e30f6ec50 00 00 00 00 00 00 00 00 00 00 00 00 00 00 00 00
                                 000e30f6ec60 00 00 00 00 00 00 00 00 00 00 00 00 00 00 00 00
                                 000e30f6ec70 00 00 00 00 00 00 00 00 00 00 00 00 00 00 00 00
                                 000e30f6ec80 00 00 00 00 00 00 00 00 00 00 00 00 00 00 00 00
                                 000e30f6ec90 00 00 00 00 00 00 00 00 00 00 00 00 00 00 00 00
                                 000e30f6eca0 00 00 00 00 00 00 00 00 00 00 00 00 00 00 00 00
                                 000e30f6ecb0 00 00 00 00 00 00 00 00 00 00 00 00 00 00 00 00
                                 000e30f6ecc0 00 00 00 00 00 00 00 00 00 00 00 00 00 00 00 00
                                 000e30f6ecd0 00 00 00 00 00 00 00 00 00 00 00 00 00 00 00 00
                                 000e30f6ece0 00 00 00 00 00 00 00 00 00 00 00 00 00 00 00 00
                                 000e30f6ecf0 00 00 00 00 00 00 00 00 00 00 00 00 00 00 00 00
Threads[14]:
    Thread ID:                   0000000000000253
    Thread Name:                 LibraryAppletThread
    Stack Region:                0000006e9cf1c000-0000006e9cf20000
    Registers:
        X[00]:                   0000000000000000
        X[01]:                   0000006e9cf1fcb8
        X[02]:                   0000000000000004
        X[03]:                   0000000000000008
        X[04]:                   0000000417c026d8 ([6a9c94cd] + 0x26d8)
        X[05]:                   0000000000000000
        X[06]:                   0000000000000000
        X[07]:                   0000000000000000
        X[08]:                   0000000000000000
        X[09]:                   0000000000000000
        X[10]:                   0000000000000000
        X[11]:                   0000000000000000
        X[12]:                   0000000000000000
        X[13]:                   0000000000000000
        X[14]:                   0000000000000000
        X[15]:                   0000000000000000
        X[16]:                   0000000000000000
        X[17]:                   0000000000000000
        X[18]:                   0000000000000000
        X[19]:                   0000000000000000
        X[20]:                   0000000000000000
        X[21]:                   0000000000000000
        X[22]:                   0000000000000000
        X[23]:                   0000000000000000
        X[24]:                   0000000000000000
        X[25]:                   0000000000000000
        X[26]:                   0000000000000000
        X[27]:                   0000000000000000
        X[28]:                   0000000000000000
        FP:                      0000006e9cf1fad0
        LR:                      0000000417e15c68 ([6a9c94cd] + 0x215c68)
        SP:                      0000006e9cf1fad0
        PC:                      0000000417e5af04 ([6a9c94cd] + 0x25af04)
    Stack Trace:
        ReturnAddress[00]:       0000000417e14f38 ([6a9c94cd] + 0x214f38)
        ReturnAddress[01]:       0000000417e14f98 ([6a9c94cd] + 0x214f98)
        ReturnAddress[02]:       0000000417e15078 ([6a9c94cd] + 0x215078)
        ReturnAddress[03]:       0000000417f4ffac ([6a9c94cd] + 0x34ffac)
        ReturnAddress[04]:       0000000417f334e8 ([6a9c94cd] + 0x3334e8)
        ReturnAddress[05]:       0000000417f33604 ([6a9c94cd] + 0x333604)
        ReturnAddress[06]:       0000000417f32e24 ([6a9c94cd] + 0x332e24)
        ReturnAddress[07]:       00000004187f718c ([6a9c94cd] + 0xbf718c)
        ReturnAddress[08]:       0000000418816b0c ([6a9c94cd] + 0xc16b0c)
        ReturnAddress[09]:       0000000417f89aa0 ([6a9c94cd] + 0x389aa0)
        ReturnAddress[10]:       0000000417f89228 ([6a9c94cd] + 0x389228)
        ReturnAddress[11]:       0000000417df4180 ([6a9c94cd] + 0x1f4180)
        ReturnAddress[12]:       0000000417df7b24 ([6a9c94cd] + 0x1f7b24)
        ReturnAddress[13]:       0000000000000000
    Stack Dump:                               00 01 02 03 04 05 06 07 08 09 0a 0b 0c 0d 0e 0f
                                 006e9cf1fad0 60 fb f1 9c 6e 00 00 00 38 4f e1 17 04 00 00 00
                                 006e9cf1fae0 03 00 00 00 00 00 00 00 50 fb f1 9c 6e 00 00 00
                                 006e9cf1faf0 d7 d0 89 18 04 00 00 00 d7 d0 89 18 04 00 00 00
                                 006e9cf1fb00 d7 d0 89 18 04 00 00 00 00 00 00 00 00 00 00 00
                                 006e9cf1fb10 90 02 00 00 00 00 00 00 00 00 00 00 00 00 00 00
                                 006e9cf1fb20 03 00 00 00 00 00 00 00 50 fb f1 9c 6e 00 00 00
                                 006e9cf1fb30 d7 d0 89 18 04 00 00 00 d7 d0 89 18 04 00 00 00
                                 006e9cf1fb40 d7 d0 89 18 04 00 00 00 00 00 00 00 00 00 00 00
                                 006e9cf1fb50 d7 d0 89 18 04 00 00 00 50 fc f1 9c 6e 00 00 00
                                 006e9cf1fb60 70 fc f1 9c 6e 00 00 00 98 4f e1 17 04 00 00 00
                                 006e9cf1fb70 00 00 00 00 00 00 00 00 c0 33 f1 18 04 00 00 00
                                 006e9cf1fb80 00 00 00 00 00 00 00 00 00 00 00 00 00 00 00 00
                                 006e9cf1fb90 00 00 00 00 00 00 00 00 88 fd f1 9c 6e 00 00 00
                                 006e9cf1fba0 00 00 00 00 00 00 00 00 00 00 00 00 00 00 00 00
                                 006e9cf1fbb0 00 00 00 00 00 00 00 00 30 e6 ef 18 04 00 00 00
                                 006e9cf1fbc0 00 00 00 00 00 00 00 00 00 00 00 00 00 00 00 00
    TLS Address:                 0000000e30f6ee00
    TLS Dump:                                 00 01 02 03 04 05 06 07 08 09 0a 0b 0c 0d 0e 0f
                                 000e30f6ee00 02 00 00 00 00 00 00 00 01 00 00 00 87 00 00 00
                                 000e30f6ee10 53 46 43 4f 00 00 00 00 00 00 00 00 66 87 32 91
                                 000e30f6ee20 00 10 00 00 00 00 00 01 02 00 00 00 00 00 00 00
                                 000e30f6ee30 90 02 00 00 00 00 00 00 00 00 00 00 00 00 00 00
                                 000e30f6ee40 00 00 00 00 00 00 00 00 00 00 00 00 00 00 00 00
                                 000e30f6ee50 00 00 00 00 00 00 00 00 00 00 00 00 00 00 00 00
                                 000e30f6ee60 00 00 00 00 00 00 00 00 00 00 00 00 00 00 00 00
                                 000e30f6ee70 00 00 00 00 00 00 00 00 00 00 00 00 00 00 00 00
                                 000e30f6ee80 00 00 00 00 00 00 00 00 00 00 00 00 00 00 00 00
                                 000e30f6ee90 00 00 00 00 00 00 00 00 00 00 00 00 00 00 00 00
                                 000e30f6eea0 00 00 00 00 00 00 00 00 00 00 00 00 00 00 00 00
                                 000e30f6eeb0 00 00 00 00 00 00 00 00 00 00 00 00 00 00 00 00
                                 000e30f6eec0 00 00 00 00 00 00 00 00 00 00 00 00 00 00 00 00
                                 000e30f6eed0 00 00 00 00 00 00 00 00 00 00 00 00 00 00 00 00
                                 000e30f6eee0 00 00 00 00 00 00 00 00 00 00 00 00 00 00 00 00
                                 000e30f6eef0 00 00 00 00 00 00 00 00 00 00 00 00 00 00 00 00
